../Core/Src/main.c:80:5:main	8	static
../Core/Src/main.c:133:6:SystemClock_Config	88	static
../Core/Src/main.c:180:13:MX_ADC1_Init	24	static
../Core/Src/main.c:239:13:MX_I2C1_Init	8	static
../Core/Src/main.c:287:13:MX_I2C2_Init	8	static
../Core/Src/main.c:335:13:MX_TIM1_Init	104	static
../Core/Src/main.c:407:13:MX_TIM2_Init	48	static
../Core/Src/main.c:456:13:MX_TIM3_Init	48	static
../Core/Src/main.c:503:13:MX_DMA_Init	16	static
../Core/Src/main.c:524:13:MX_GPIO_Init	48	static
../Core/Src/main.c:595:6:Error_Handler	8	static,ignoring_inline_asm
