Archive member included to satisfy reference by file (symbol)

/Applications/STM32CubeIDE.app/Contents/Eclipse/plugins/com.st.stm32cube.ide.mcu.externaltools.gnu-tools-for-stm32.12.3.rel1.macos64_1.0.100.202403111906/tools/bin/../lib/gcc/arm-none-eabi/12.3.1/../../../../arm-none-eabi/lib/thumb/v7e-m+fp/hard/libc_nano.a(libc_a-exit.o)
                              /Applications/STM32CubeIDE.app/Contents/Eclipse/plugins/com.st.stm32cube.ide.mcu.externaltools.gnu-tools-for-stm32.12.3.rel1.macos64_1.0.100.202403111906/tools/bin/../lib/gcc/arm-none-eabi/12.3.1/../../../../arm-none-eabi/lib/thumb/v7e-m+fp/hard/crt0.o (exit)
/Applications/STM32CubeIDE.app/Contents/Eclipse/plugins/com.st.stm32cube.ide.mcu.externaltools.gnu-tools-for-stm32.12.3.rel1.macos64_1.0.100.202403111906/tools/bin/../lib/gcc/arm-none-eabi/12.3.1/../../../../arm-none-eabi/lib/thumb/v7e-m+fp/hard/libc_nano.a(libc_a-findfp.o)
                              /Applications/STM32CubeIDE.app/Contents/Eclipse/plugins/com.st.stm32cube.ide.mcu.externaltools.gnu-tools-for-stm32.12.3.rel1.macos64_1.0.100.202403111906/tools/bin/../lib/gcc/arm-none-eabi/12.3.1/../../../../arm-none-eabi/lib/thumb/v7e-m+fp/hard/libc_nano.a(libc_a-exit.o) (__stdio_exit_handler)
/Applications/STM32CubeIDE.app/Contents/Eclipse/plugins/com.st.stm32cube.ide.mcu.externaltools.gnu-tools-for-stm32.12.3.rel1.macos64_1.0.100.202403111906/tools/bin/../lib/gcc/arm-none-eabi/12.3.1/../../../../arm-none-eabi/lib/thumb/v7e-m+fp/hard/libc_nano.a(libc_a-fwalk.o)
                              /Applications/STM32CubeIDE.app/Contents/Eclipse/plugins/com.st.stm32cube.ide.mcu.externaltools.gnu-tools-for-stm32.12.3.rel1.macos64_1.0.100.202403111906/tools/bin/../lib/gcc/arm-none-eabi/12.3.1/../../../../arm-none-eabi/lib/thumb/v7e-m+fp/hard/libc_nano.a(libc_a-findfp.o) (_fwalk_sglue)
/Applications/STM32CubeIDE.app/Contents/Eclipse/plugins/com.st.stm32cube.ide.mcu.externaltools.gnu-tools-for-stm32.12.3.rel1.macos64_1.0.100.202403111906/tools/bin/../lib/gcc/arm-none-eabi/12.3.1/../../../../arm-none-eabi/lib/thumb/v7e-m+fp/hard/libc_nano.a(libc_a-memset.o)
                              /Applications/STM32CubeIDE.app/Contents/Eclipse/plugins/com.st.stm32cube.ide.mcu.externaltools.gnu-tools-for-stm32.12.3.rel1.macos64_1.0.100.202403111906/tools/bin/../lib/gcc/arm-none-eabi/12.3.1/../../../../arm-none-eabi/lib/thumb/v7e-m+fp/hard/crt0.o (memset)
/Applications/STM32CubeIDE.app/Contents/Eclipse/plugins/com.st.stm32cube.ide.mcu.externaltools.gnu-tools-for-stm32.12.3.rel1.macos64_1.0.100.202403111906/tools/bin/../lib/gcc/arm-none-eabi/12.3.1/../../../../arm-none-eabi/lib/thumb/v7e-m+fp/hard/libc_nano.a(libc_a-impure.o)
                              /Applications/STM32CubeIDE.app/Contents/Eclipse/plugins/com.st.stm32cube.ide.mcu.externaltools.gnu-tools-for-stm32.12.3.rel1.macos64_1.0.100.202403111906/tools/bin/../lib/gcc/arm-none-eabi/12.3.1/../../../../arm-none-eabi/lib/thumb/v7e-m+fp/hard/libc_nano.a(libc_a-findfp.o) (_impure_data)
/Applications/STM32CubeIDE.app/Contents/Eclipse/plugins/com.st.stm32cube.ide.mcu.externaltools.gnu-tools-for-stm32.12.3.rel1.macos64_1.0.100.202403111906/tools/bin/../lib/gcc/arm-none-eabi/12.3.1/../../../../arm-none-eabi/lib/thumb/v7e-m+fp/hard/libc_nano.a(libc_a-errno.o)
                              ./Core/Src/syscalls.o (__errno)
/Applications/STM32CubeIDE.app/Contents/Eclipse/plugins/com.st.stm32cube.ide.mcu.externaltools.gnu-tools-for-stm32.12.3.rel1.macos64_1.0.100.202403111906/tools/bin/../lib/gcc/arm-none-eabi/12.3.1/../../../../arm-none-eabi/lib/thumb/v7e-m+fp/hard/libc_nano.a(libc_a-init.o)
                              /Applications/STM32CubeIDE.app/Contents/Eclipse/plugins/com.st.stm32cube.ide.mcu.externaltools.gnu-tools-for-stm32.12.3.rel1.macos64_1.0.100.202403111906/tools/bin/../lib/gcc/arm-none-eabi/12.3.1/../../../../arm-none-eabi/lib/thumb/v7e-m+fp/hard/crt0.o (__libc_init_array)
/Applications/STM32CubeIDE.app/Contents/Eclipse/plugins/com.st.stm32cube.ide.mcu.externaltools.gnu-tools-for-stm32.12.3.rel1.macos64_1.0.100.202403111906/tools/bin/../lib/gcc/arm-none-eabi/12.3.1/../../../../arm-none-eabi/lib/thumb/v7e-m+fp/hard/libc_nano.a(libc_a-lock.o)
                              /Applications/STM32CubeIDE.app/Contents/Eclipse/plugins/com.st.stm32cube.ide.mcu.externaltools.gnu-tools-for-stm32.12.3.rel1.macos64_1.0.100.202403111906/tools/bin/../lib/gcc/arm-none-eabi/12.3.1/../../../../arm-none-eabi/lib/thumb/v7e-m+fp/hard/libc_nano.a(libc_a-findfp.o) (__retarget_lock_init_recursive)
/Applications/STM32CubeIDE.app/Contents/Eclipse/plugins/com.st.stm32cube.ide.mcu.externaltools.gnu-tools-for-stm32.12.3.rel1.macos64_1.0.100.202403111906/tools/bin/../lib/gcc/arm-none-eabi/12.3.1/../../../../arm-none-eabi/lib/thumb/v7e-m+fp/hard/libc_nano.a(libc_a-mallocr.o)
[...]
Memory Configuration

Name             Origin             Length             Attributes
RAM              0x20000000         0x00010000         xrw
RAM2             0x10000000         0x00004000         xrw
FLASH            0x08000000         0x00020000         xr
*default*        0x00000000         0xffffffff

Linker script and memory map

LOAD /Applications/STM32CubeIDE.app/Contents/Eclipse/plugins/com.st.stm32cube.ide.mcu.externaltools.gnu-tools-for-stm32.12.3.rel1.macos64_1.0.100.202403111906/tools/bin/../lib/gcc/arm-none-eabi/12.3.1/thumb/v7e-m+fp/hard/crti.o
LOAD /Applications/STM32CubeIDE.app/Contents/Eclipse/plugins/com.st.stm32cube.ide.mcu.externaltools.gnu-tools-for-stm32.12.3.rel1.macos64_1.0.100.202403111906/tools/bin/../lib/gcc/arm-none-eabi/12.3.1/thumb/v7e-m+fp/hard/crtbegin.o
LOAD /Applications/STM32CubeIDE.app/Contents/Eclipse/plugins/com.st.stm32cube.ide.mcu.externaltools.gnu-tools-for-stm32.12.3.rel1.macos64_1.0.100.202403111906/tools/bin/../lib/gcc/arm-none-eabi/12.3.1/../../../../arm-none-eabi/lib/thumb/v7e-m+fp/hard/crt0.o
LOAD ./Core/Src/main.o
LOAD ./Core/Src/stm32l4xx_hal_msp.o
LOAD ./Core/Src/stm32l4xx_it.o
LOAD ./Core/Src/syscalls.o
LOAD ./Core/Src/sysmem.o
LOAD ./Core/Src/system_stm32l4xx.o
LOAD ./Core/Startup/startup_stm32l432kbux.o
LOAD ./Drivers/STM32L4xx_HAL_Driver/Src/stm32l4xx_hal.o
LOAD ./Drivers/STM32L4xx_HAL_Driver/Src/stm32l4xx_hal_adc.o
LOAD ./Drivers/STM32L4xx_HAL_Driver/Src/stm32l4xx_hal_adc_ex.o
LOAD ./Drivers/STM32L4xx_HAL_Driver/Src/stm32l4xx_hal_cortex.o
LOAD ./Drivers/STM32L4xx_HAL_Driver/Src/stm32l4xx_hal_dma.o
LOAD ./Drivers/STM32L4xx_HAL_Driver/Src/stm32l4xx_hal_dma_ex.o
LOAD ./Drivers/STM32L4xx_HAL_Driver/Src/stm32l4xx_hal_exti.o
LOAD ./Drivers/STM32L4xx_HAL_Driver/Src/stm32l4xx_hal_flash.o
LOAD ./Drivers/STM32L4xx_HAL_Driver/Src/stm32l4xx_hal_flash_ex.o
LOAD ./Drivers/STM32L4xx_HAL_Driver/Src/stm32l4xx_hal_flash_ramfunc.o
LOAD ./Drivers/STM32L4xx_HAL_Driver/Src/stm32l4xx_hal_gpio.o
LOAD ./Drivers/STM32L4xx_HAL_Driver/Src/stm32l4xx_hal_i2c.o
LOAD ./Drivers/STM32L4xx_HAL_Driver/Src/stm32l4xx_hal_i2c_ex.o
LOAD ./Drivers/STM32L4xx_HAL_Driver/Src/stm32l4xx_hal_pwr.o
LOAD ./Drivers/STM32L4xx_HAL_Driver/Src/stm32l4xx_hal_pwr_ex.o
LOAD ./Drivers/STM32L4xx_HAL_Driver/Src/stm32l4xx_hal_rcc.o
LOAD ./Drivers/STM32L4xx_HAL_Driver/Src/stm32l4xx_hal_rcc_ex.o
LOAD ./Drivers/STM32L4xx_HAL_Driver/Src/stm32l4xx_hal_tim.o
LOAD ./Drivers/STM32L4xx_HAL_Driver/Src/stm32l4xx_hal_tim_ex.o
LOAD ./firmware/adc/adc.o
LOAD ./firmware/firmware.o
LOAD ./firmware/i2c/i2c_slave.o
LOAD ./firmware/utils/core_utils_functionpointer.o
LOAD ./firmware/utils/elapsedMillis.o
START GROUP
LOAD /Applications/STM32CubeIDE.app/Contents/Eclipse/plugins/com.st.stm32cube.ide.mcu.externaltools.gnu-tools-for-stm32.12.3.rel1.macos64_1.0.100.202403111906/tools/bin/../lib/gcc/arm-none-eabi/12.3.1/../../../../arm-none-eabi/lib/thumb/v7e-m+fp/hard/libstdc++_nano.a
LOAD /Applications/STM32CubeIDE.app/Contents/Eclipse/plugins/com.st.stm32cube.ide.mcu.externaltools.gnu-tools-for-stm32.12.3.rel1.macos64_1.0.100.202403111906/tools/bin/../lib/gcc/arm-none-eabi/12.3.1/../../../../arm-none-eabi/lib/thumb/v7e-m+fp/hard/libsupc++_nano.a
END GROUP
LOAD /Applications/STM32CubeIDE.app/Contents/Eclipse/plugins/com.st.stm32cube.ide.mcu.externaltools.gnu-tools-for-stm32.12.3.rel1.macos64_1.0.100.202403111906/tools/bin/../lib/gcc/arm-none-eabi/12.3.1/../../../../arm-none-eabi/lib/thumb/v7e-m+fp/hard/libstdc++_nano.a
LOAD /Applications/STM32CubeIDE.app/Contents/Eclipse/plugins/com.st.stm32cube.ide.mcu.externaltools.gnu-tools-for-stm32.12.3.rel1.macos64_1.0.100.202403111906/tools/bin/../lib/gcc/arm-none-eabi/12.3.1/../../../../arm-none-eabi/lib/thumb/v7e-m+fp/hard/libm.a
LOAD /Applications/STM32CubeIDE.app/Contents/Eclipse/plugins/com.st.stm32cube.ide.mcu.externaltools.gnu-tools-for-stm32.12.3.rel1.macos64_1.0.100.202403111906/tools/bin/../lib/gcc/arm-none-eabi/12.3.1/../../../../arm-none-eabi/lib/thumb/v7e-m+fp/hard/libc_nano.a
START GROUP
LOAD /Applications/STM32CubeIDE.app/Contents/Eclipse/plugins/com.st.stm32cube.ide.mcu.externaltools.gnu-tools-for-stm32.12.3.rel1.macos64_1.0.100.202403111906/tools/bin/../lib/gcc/arm-none-eabi/12.3.1/thumb/v7e-m+fp/hard/libgcc.a
LOAD /Applications/STM32CubeIDE.app/Contents/Eclipse/plugins/com.st.stm32cube.ide.mcu.externaltools.gnu-tools-for-stm32.12.3.rel1.macos64_1.0.100.202403111906/tools/bin/../lib/gcc/arm-none-eabi/12.3.1/../../../../arm-none-eabi/lib/thumb/v7e-m+fp/hard/libc_nano.a
END GROUP
START GROUP
LOAD /Applications/STM32CubeIDE.app/Contents/Eclipse/plugins/com.st.stm32cube.ide.mcu.externaltools.gnu-tools-for-stm32.12.3.rel1.macos64_1.0.100.202403111906/tools/bin/../lib/gcc/arm-none-eabi/12.3.1/thumb/v7e-m+fp/hard/libgcc.a
LOAD /Applications/STM32CubeIDE.app/Contents/Eclipse/plugins/com.st.stm32cube.ide.mcu.externaltools.gnu-tools-for-stm32.12.3.rel1.macos64_1.0.100.202403111906/tools/bin/../lib/gcc/arm-none-eabi/12.3.1/../../../../arm-none-eabi/lib/thumb/v7e-m+fp/hard/libc_nano.a
END GROUP
LOAD /Applications/STM32CubeIDE.app/Contents/Eclipse/plugins/com.st.stm32cube.ide.mcu.externaltools.gnu-tools-for-stm32.12.3.rel1.macos64_1.0.100.202403111906/tools/bin/../lib/gcc/arm-none-eabi/12.3.1/thumb/v7e-m+fp/hard/crtend.o
LOAD /Applications/STM32CubeIDE.app/Contents/Eclipse/plugins/com.st.stm32cube.ide.mcu.externaltools.gnu-tools-for-stm32.12.3.rel1.macos64_1.0.100.202403111906/tools/bin/../lib/gcc/arm-none-eabi/12.3.1/thumb/v7e-m+fp/hard/crtn.o
                0x20010000                        _estack = (ORIGIN (RAM) + LENGTH (RAM))
                0x00000200                        _Min_Heap_Size = 0x200
                0x00000400                        _Min_Stack_Size = 0x400

.isr_vector     0x08000000      0x18c
                0x08000000                        . = ALIGN (0x4)
 *(.isr_vector)
 .isr_vector    0x08000000      0x18c ./Core/Startup/startup_stm32l432kbux.o
                0x08000000                g_pfnVectors
                0x0800018c                        . = ALIGN (0x4)

.text           0x0800018c     0x4e1c
                0x0800018c                        . = ALIGN (0x4)
 *(.text)
 .text          0x0800018c       0x40 /Applications/STM32CubeIDE.app/Contents/Eclipse/plugins/com.st.stm32cube.ide.mcu.externaltools.gnu-tools-for-stm32.12.3.rel1.macos64_1.0.100.202403111906/tools/bin/../lib/gcc/arm-none-eabi/12.3.1/thumb/v7e-m+fp/hard/crtbegin.o
 *(.text*)
 .text.main     0x080001cc       0x98 ./Core/Src/main.o
                0x080001cc                main
 .text.SystemClock_Config
                0x08000264       0x96 ./Core/Src/main.o
                0x08000264                SystemClock_Config
 *fill*         0x080002fa        0x2 
 .text.MX_ADC1_Init
                0x080002fc       0xc8 ./Core/Src/main.o
 .text.MX_I2C1_Init
                0x080003c4       0x80 ./Core/Src/main.o
 .text.MX_I2C3_Init
                0x08000444       0x80 ./Core/Src/main.o
 .text.MX_GPIO_Init
                0x080004c4       0xe0 ./Core/Src/main.o
 .text.Error_Handler
                0x080005a4        0xc ./Core/Src/main.o
                0x080005a4                Error_Handler
 .text.HAL_MspInit
                0x080005b0       0x48 ./Core/Src/stm32l4xx_hal_msp.o
                0x080005b0                HAL_MspInit
 .text.HAL_ADC_MspInit
                0x080005f8       0xfc ./Core/Src/stm32l4xx_hal_msp.o
                0x080005f8                HAL_ADC_MspInit
 .text.HAL_I2C_MspInit
                0x080006f4      0x198 ./Core/Src/stm32l4xx_hal_msp.o
                0x080006f4                HAL_I2C_MspInit
 .text.NMI_Handler
                0x0800088c        0x8 ./Core/Src/stm32l4xx_it.o
                0x0800088c                NMI_Handler
 .text.HardFault_Handler
                0x08000894        0x8 ./Core/Src/stm32l4xx_it.o
                0x08000894                HardFault_Handler
 .text.MemManage_Handler
                0x0800089c        0x8 ./Core/Src/stm32l4xx_it.o
                0x0800089c                MemManage_Handler
 .text.BusFault_Handler
                0x080008a4        0x8 ./Core/Src/stm32l4xx_it.o
                0x080008a4                BusFault_Handler
 .text.UsageFault_Handler
                0x080008ac        0x8 ./Core/Src/stm32l4xx_it.o
                0x080008ac                UsageFault_Handler
 .text.SVC_Handler
                0x080008b4        0xe ./Core/Src/stm32l4xx_it.o
                0x080008b4                SVC_Handler
 .text.DebugMon_Handler
                0x080008c2        0xe ./Core/Src/stm32l4xx_it.o
                0x080008c2                DebugMon_Handler
 .text.PendSV_Handler
                0x080008d0        0xe ./Core/Src/stm32l4xx_it.o
                0x080008d0                PendSV_Handler
 .text.SysTick_Handler
                0x080008de        0xc ./Core/Src/stm32l4xx_it.o
                0x080008de                SysTick_Handler
 *fill*         0x080008ea        0x2 
 .text.I2C1_EV_IRQHandler
                0x080008ec       0x14 ./Core/Src/stm32l4xx_it.o
                0x080008ec                I2C1_EV_IRQHandler
 .text.I2C1_ER_IRQHandler
                0x08000900       0x14 ./Core/Src/stm32l4xx_it.o
                0x08000900                I2C1_ER_IRQHandler
 .text.SystemInit
                0x08000914       0x24 ./Core/Src/system_stm32l4xx.o
                0x08000914                SystemInit
 .text.Reset_Handler
                0x08000938       0x50 ./Core/Startup/startup_stm32l432kbux.o
                0x08000938                Reset_Handler
 .text.Default_Handler
                0x08000988        0x2 ./Core/Startup/startup_stm32l432kbux.o
                0x08000988                TIM1_BRK_TIM15_IRQHandler
                0x08000988                EXTI2_IRQHandler
                0x08000988                TIM1_CC_IRQHandler
                0x08000988                TSC_IRQHandler
                0x08000988                TAMP_STAMP_IRQHandler
                0x08000988                EXTI3_IRQHandler
                0x08000988                LPTIM2_IRQHandler
                0x08000988                I2C3_ER_IRQHandler
                0x08000988                EXTI0_IRQHandler
                0x08000988                CAN1_RX0_IRQHandler
                0x08000988                FPU_IRQHandler
                0x08000988                TIM1_UP_TIM16_IRQHandler
                0x08000988                SPI1_IRQHandler
                0x08000988                TIM6_DAC_IRQHandler
                0x08000988                DMA2_Channel2_IRQHandler
                0x08000988                DMA1_Channel4_IRQHandler
                0x08000988                ADC1_IRQHandler
                0x08000988                DMA1_Channel7_IRQHandler
                0x08000988                CAN1_RX1_IRQHandler
                0x08000988                DMA2_Channel1_IRQHandler
                0x08000988                QUADSPI_IRQHandler
                0x08000988                DMA1_Channel6_IRQHandler
                0x08000988                DMA2_Channel4_IRQHandler
                0x08000988                RCC_IRQHandler
                0x08000988                TIM1_TRG_COM_IRQHandler
                0x08000988                DMA1_Channel1_IRQHandler
                0x08000988                Default_Handler
                0x08000988                DMA2_Channel7_IRQHandler
                0x08000988                EXTI15_10_IRQHandler
                0x08000988                TIM7_IRQHandler
                0x08000988                I2C3_EV_IRQHandler
                0x08000988                USB_IRQHandler
                0x08000988                EXTI9_5_IRQHandler
                0x08000988                RTC_WKUP_IRQHandler
                0x08000988                PVD_PVM_IRQHandler
                0x08000988                CAN1_TX_IRQHandler
                0x08000988                DMA2_Channel5_IRQHandler
                0x08000988                CRS_IRQHandler
                0x08000988                DMA1_Channel5_IRQHandler
                0x08000988                EXTI4_IRQHandler
                0x08000988                RNG_IRQHandler
                0x08000988                DMA1_Channel3_IRQHandler
                0x08000988                COMP_IRQHandler
                0x08000988                WWDG_IRQHandler
                0x08000988                LPUART1_IRQHandler
                0x08000988                DMA2_Channel6_IRQHandler
                0x08000988                TIM2_IRQHandler
                0x08000988                EXTI1_IRQHandler
                0x08000988                USART2_IRQHandler
                0x08000988                DMA1_Channel2_IRQHandler
                0x08000988                CAN1_SCE_IRQHandler
                0x08000988                FLASH_IRQHandler
                0x08000988                USART1_IRQHandler
                0x08000988                SPI3_IRQHandler
                0x08000988                SWPMI1_IRQHandler
                0x08000988                LPTIM1_IRQHandler
                0x08000988                SAI1_IRQHandler
                0x08000988                DMA2_Channel3_IRQHandler
                0x08000988                RTC_Alarm_IRQHandler
 .text.HAL_Init
                0x0800098a       0x30 ./Drivers/STM32L4xx_HAL_Driver/Src/stm32l4xx_hal.o
                0x0800098a                HAL_Init
 *fill*         0x080009ba        0x2 
 .text.HAL_InitTick
                0x080009bc       0x78 ./Drivers/STM32L4xx_HAL_Driver/Src/stm32l4xx_hal.o
                0x080009bc                HAL_InitTick
 .text.HAL_IncTick
                0x08000a34       0x28 ./Drivers/STM32L4xx_HAL_Driver/Src/stm32l4xx_hal.o
                0x08000a34                HAL_IncTick
 .text.HAL_GetTick
                0x08000a5c       0x18 ./Drivers/STM32L4xx_HAL_Driver/Src/stm32l4xx_hal.o
                0x08000a5c                HAL_GetTick
 .text.HAL_Delay
                0x08000a74       0x48 ./Drivers/STM32L4xx_HAL_Driver/Src/stm32l4xx_hal.o
                0x08000a74                HAL_Delay
 .text.LL_ADC_SetCommonClock
                0x08000abc       0x26 ./Drivers/STM32L4xx_HAL_Driver/Src/stm32l4xx_hal_adc.o
 .text.LL_ADC_SetCommonPathInternalCh
                0x08000ae2       0x26 ./Drivers/STM32L4xx_HAL_Driver/Src/stm32l4xx_hal_adc.o
 .text.LL_ADC_GetCommonPathInternalCh
                0x08000b08       0x1c ./Drivers/STM32L4xx_HAL_Driver/Src/stm32l4xx_hal_adc.o
 .text.LL_ADC_SetOffset
                0x08000b24       0x48 ./Drivers/STM32L4xx_HAL_Driver/Src/stm32l4xx_hal_adc.o
 .text.LL_ADC_GetOffsetChannel
                0x08000b6c       0x2c ./Drivers/STM32L4xx_HAL_Driver/Src/stm32l4xx_hal_adc.o
 .text.LL_ADC_SetOffsetState
                0x08000b98       0x36 ./Drivers/STM32L4xx_HAL_Driver/Src/stm32l4xx_hal_adc.o
 .text.LL_ADC_REG_SetSequencerRanks
                0x08000bce       0x58 ./Drivers/STM32L4xx_HAL_Driver/Src/stm32l4xx_hal_adc.o
 .text.LL_ADC_SetChannelSamplingTime
                0x08000c26       0x56 ./Drivers/STM32L4xx_HAL_Driver/Src/stm32l4xx_hal_adc.o
 .text.LL_ADC_SetChannelSingleDiff
                0x08000c7c       0x48 ./Drivers/STM32L4xx_HAL_Driver/Src/stm32l4xx_hal_adc.o
 .text.LL_ADC_DisableDeepPowerDown
                0x08000cc4       0x24 ./Drivers/STM32L4xx_HAL_Driver/Src/stm32l4xx_hal_adc.o
 .text.LL_ADC_IsDeepPowerDownEnabled
                0x08000ce8       0x28 ./Drivers/STM32L4xx_HAL_Driver/Src/stm32l4xx_hal_adc.o
 .text.LL_ADC_EnableInternalRegulator
                0x08000d10       0x28 ./Drivers/STM32L4xx_HAL_Driver/Src/stm32l4xx_hal_adc.o
 .text.LL_ADC_IsInternalRegulatorEnabled
                0x08000d38       0x28 ./Drivers/STM32L4xx_HAL_Driver/Src/stm32l4xx_hal_adc.o
 .text.LL_ADC_IsEnabled
                0x08000d60       0x26 ./Drivers/STM32L4xx_HAL_Driver/Src/stm32l4xx_hal_adc.o
 .text.LL_ADC_REG_IsConversionOngoing
                0x08000d86       0x26 ./Drivers/STM32L4xx_HAL_Driver/Src/stm32l4xx_hal_adc.o
 .text.LL_ADC_INJ_IsConversionOngoing
                0x08000dac       0x26 ./Drivers/STM32L4xx_HAL_Driver/Src/stm32l4xx_hal_adc.o
 *fill*         0x08000dd2        0x2 
 .text.HAL_ADC_Init
                0x08000dd4      0x284 ./Drivers/STM32L4xx_HAL_Driver/Src/stm32l4xx_hal_adc.o
                0x08000dd4                HAL_ADC_Init
 .text.HAL_ADC_ConfigChannel
                0x08001058      0x7c4 ./Drivers/STM32L4xx_HAL_Driver/Src/stm32l4xx_hal_adc.o
                0x08001058                HAL_ADC_ConfigChannel
 .text.__NVIC_SetPriorityGrouping
                0x0800181c       0x48 ./Drivers/STM32L4xx_HAL_Driver/Src/stm32l4xx_hal_cortex.o
 .text.__NVIC_GetPriorityGrouping
                0x08001864       0x1c ./Drivers/STM32L4xx_HAL_Driver/Src/stm32l4xx_hal_cortex.o
 .text.__NVIC_EnableIRQ
                0x08001880       0x3c ./Drivers/STM32L4xx_HAL_Driver/Src/stm32l4xx_hal_cortex.o
 .text.__NVIC_SetPriority
                0x080018bc       0x54 ./Drivers/STM32L4xx_HAL_Driver/Src/stm32l4xx_hal_cortex.o
 .text.NVIC_EncodePriority
                0x08001910       0x66 ./Drivers/STM32L4xx_HAL_Driver/Src/stm32l4xx_hal_cortex.o
 *fill*         0x08001976        0x2 
 .text.SysTick_Config
                0x08001978       0x44 ./Drivers/STM32L4xx_HAL_Driver/Src/stm32l4xx_hal_cortex.o
 .text.HAL_NVIC_SetPriorityGrouping
                0x080019bc       0x16 ./Drivers/STM32L4xx_HAL_Driver/Src/stm32l4xx_hal_cortex.o
                0x080019bc                HAL_NVIC_SetPriorityGrouping
 .text.HAL_NVIC_SetPriority
                0x080019d2       0x38 ./Drivers/STM32L4xx_HAL_Driver/Src/stm32l4xx_hal_cortex.o
                0x080019d2                HAL_NVIC_SetPriority
 .text.HAL_NVIC_EnableIRQ
                0x08001a0a       0x1c ./Drivers/STM32L4xx_HAL_Driver/Src/stm32l4xx_hal_cortex.o
                0x08001a0a                HAL_NVIC_EnableIRQ
 .text.HAL_SYSTICK_Config
                0x08001a26       0x18 ./Drivers/STM32L4xx_HAL_Driver/Src/stm32l4xx_hal_cortex.o
                0x08001a26                HAL_SYSTICK_Config
 .text.HAL_DMA_Abort_IT
                0x08001a3e       0x82 ./Drivers/STM32L4xx_HAL_Driver/Src/stm32l4xx_hal_dma.o
                0x08001a3e                HAL_DMA_Abort_IT
 .text.HAL_DMA_GetState
                0x08001ac0       0x1c ./Drivers/STM32L4xx_HAL_Driver/Src/stm32l4xx_hal_dma.o
                0x08001ac0                HAL_DMA_GetState
 .text.HAL_GPIO_Init
                0x08001adc      0x2d4 ./Drivers/STM32L4xx_HAL_Driver/Src/stm32l4xx_hal_gpio.o
                0x08001adc                HAL_GPIO_Init
 .text.HAL_GPIO_ReadPin
                0x08001db0       0x30 ./Drivers/STM32L4xx_HAL_Driver/Src/stm32l4xx_hal_gpio.o
                0x08001db0                HAL_GPIO_ReadPin
 .text.HAL_GPIO_WritePin
                0x08001de0       0x30 ./Drivers/STM32L4xx_HAL_Driver/Src/stm32l4xx_hal_gpio.o
                0x08001de0                HAL_GPIO_WritePin
 .text.HAL_GPIO_TogglePin
                0x08001e10       0x34 ./Drivers/STM32L4xx_HAL_Driver/Src/stm32l4xx_hal_gpio.o
                0x08001e10                HAL_GPIO_TogglePin
 .text.HAL_I2C_Init
                0x08001e44      0x136 ./Drivers/STM32L4xx_HAL_Driver/Src/stm32l4xx_hal_i2c.o
                0x08001e44                HAL_I2C_Init
 *fill*         0x08001f7a        0x2 
 .text.HAL_I2C_Slave_Seq_Transmit_IT
                0x08001f7c      0x164 ./Drivers/STM32L4xx_HAL_Driver/Src/stm32l4xx_hal_i2c.o
                0x08001f7c                HAL_I2C_Slave_Seq_Transmit_IT
 .text.HAL_I2C_Slave_Seq_Receive_IT
                0x080020e0      0x164 ./Drivers/STM32L4xx_HAL_Driver/Src/stm32l4xx_hal_i2c.o
                0x080020e0                HAL_I2C_Slave_Seq_Receive_IT
 .text.HAL_I2C_EnableListen_IT
                0x08002244       0x40 ./Drivers/STM32L4xx_HAL_Driver/Src/stm32l4xx_hal_i2c.o
                0x08002244                HAL_I2C_EnableListen_IT
 .text.HAL_I2C_EV_IRQHandler
                0x08002284       0x34 ./Drivers/STM32L4xx_HAL_Driver/Src/stm32l4xx_hal_i2c.o
                0x08002284                HAL_I2C_EV_IRQHandler
 .text.HAL_I2C_ER_IRQHandler
                0x080022b8       0xb6 ./Drivers/STM32L4xx_HAL_Driver/Src/stm32l4xx_hal_i2c.o
                0x080022b8                HAL_I2C_ER_IRQHandler
 .text.HAL_I2C_MasterTxCpltCallback
                0x0800236e       0x14 ./Drivers/STM32L4xx_HAL_Driver/Src/stm32l4xx_hal_i2c.o
                0x0800236e                HAL_I2C_MasterTxCpltCallback
 .text.HAL_I2C_MasterRxCpltCallback
                0x08002382       0x14 ./Drivers/STM32L4xx_HAL_Driver/Src/stm32l4xx_hal_i2c.o
                0x08002382                HAL_I2C_MasterRxCpltCallback
 .text.HAL_I2C_MemTxCpltCallback
                0x08002396       0x14 ./Drivers/STM32L4xx_HAL_Driver/Src/stm32l4xx_hal_i2c.o
                0x08002396                HAL_I2C_MemTxCpltCallback
 .text.HAL_I2C_MemRxCpltCallback
                0x080023aa       0x14 ./Drivers/STM32L4xx_HAL_Driver/Src/stm32l4xx_hal_i2c.o
                0x080023aa                HAL_I2C_MemRxCpltCallback
 .text.I2C_Slave_ISR_IT
                0x080023be      0x1f2 ./Drivers/STM32L4xx_HAL_Driver/Src/stm32l4xx_hal_i2c.o
 .text.I2C_Master_ISR_DMA
                0x080025b0      0x1f2 ./Drivers/STM32L4xx_HAL_Driver/Src/stm32l4xx_hal_i2c.o
 *fill*         0x080027a2        0x2 
 .text.I2C_Mem_ISR_DMA
                0x080027a4      0x288 ./Drivers/STM32L4xx_HAL_Driver/Src/stm32l4xx_hal_i2c.o
 .text.I2C_Slave_ISR_DMA
                0x08002a2c      0x1ae ./Drivers/STM32L4xx_HAL_Driver/Src/stm32l4xx_hal_i2c.o
 .text.I2C_ITAddrCplt
                0x08002bda      0x108 ./Drivers/STM32L4xx_HAL_Driver/Src/stm32l4xx_hal_i2c.o
 .text.I2C_ITMasterSeqCplt
                0x08002ce2       0x7a ./Drivers/STM32L4xx_HAL_Driver/Src/stm32l4xx_hal_i2c.o
 .text.I2C_ITSlaveSeqCplt
                0x08002d5c       0xb8 ./Drivers/STM32L4xx_HAL_Driver/Src/stm32l4xx_hal_i2c.o
 .text.I2C_ITMasterCplt
                0x08002e14      0x190 ./Drivers/STM32L4xx_HAL_Driver/Src/stm32l4xx_hal_i2c.o
 .text.I2C_ITSlaveCplt
                0x08002fa4      0x2c8 ./Drivers/STM32L4xx_HAL_Driver/Src/stm32l4xx_hal_i2c.o
 .text.I2C_ITListenCplt
                0x0800326c       0xa8 ./Drivers/STM32L4xx_HAL_Driver/Src/stm32l4xx_hal_i2c.o
 .text.I2C_ITError
                0x08003314      0x1e0 ./Drivers/STM32L4xx_HAL_Driver/Src/stm32l4xx_hal_i2c.o
 .text.I2C_TreatErrorCallback
                0x080034f4       0x4e ./Drivers/STM32L4xx_HAL_Driver/Src/stm32l4xx_hal_i2c.o
 .text.I2C_Flush_TXDR
                0x08003542       0x48 ./Drivers/STM32L4xx_HAL_Driver/Src/stm32l4xx_hal_i2c.o
 .text.I2C_DMAAbort
                0x0800358a       0x3c ./Drivers/STM32L4xx_HAL_Driver/Src/stm32l4xx_hal_i2c.o
 *fill*         0x080035c6        0x2 
 .text.I2C_TransferConfig
                0x080035c8       0x64 ./Drivers/STM32L4xx_HAL_Driver/Src/stm32l4xx_hal_i2c.o
 .text.I2C_Enable_IRQ
                0x0800362c      0x108 ./Drivers/STM32L4xx_HAL_Driver/Src/stm32l4xx_hal_i2c.o
 .text.I2C_Disable_IRQ
                0x08003734       0xbc ./Drivers/STM32L4xx_HAL_Driver/Src/stm32l4xx_hal_i2c.o
 .text.HAL_I2CEx_ConfigAnalogFilter
                0x080037f0       0x96 ./Drivers/STM32L4xx_HAL_Driver/Src/stm32l4xx_hal_i2c_ex.o
                0x080037f0                HAL_I2CEx_ConfigAnalogFilter
 .text.HAL_I2CEx_ConfigDigitalFilter
                0x08003886       0x98 ./Drivers/STM32L4xx_HAL_Driver/Src/stm32l4xx_hal_i2c_ex.o
                0x08003886                HAL_I2CEx_ConfigDigitalFilter
 *fill*         0x0800391e        0x2 
 .text.HAL_PWREx_GetVoltageRange
                0x08003920       0x1c ./Drivers/STM32L4xx_HAL_Driver/Src/stm32l4xx_hal_pwr_ex.o
                0x08003920                HAL_PWREx_GetVoltageRange
 .text.HAL_PWREx_ControlVoltageScaling
                0x0800393c       0xac ./Drivers/STM32L4xx_HAL_Driver/Src/stm32l4xx_hal_pwr_ex.o
                0x0800393c                HAL_PWREx_ControlVoltageScaling
 .text.HAL_RCC_OscConfig
                0x080039e8      0x828 ./Drivers/STM32L4xx_HAL_Driver/Src/stm32l4xx_hal_rcc.o
                0x080039e8                HAL_RCC_OscConfig
 .text.HAL_RCC_ClockConfig
                0x08004210      0x200 ./Drivers/STM32L4xx_HAL_Driver/Src/stm32l4xx_hal_rcc.o
                0x08004210                HAL_RCC_ClockConfig
 .text.HAL_RCC_GetSysClockFreq
                0x08004410      0x118 ./Drivers/STM32L4xx_HAL_Driver/Src/stm32l4xx_hal_rcc.o
                0x08004410                HAL_RCC_GetSysClockFreq
 .text.RCC_SetFlashLatencyFromMSIRange
                0x08004528       0xc0 ./Drivers/STM32L4xx_HAL_Driver/Src/stm32l4xx_hal_rcc.o
 .text.HAL_RCCEx_PeriphCLKConfig
                0x080045e8      0x3ec ./Drivers/STM32L4xx_HAL_Driver/Src/stm32l4xx_hal_rcc_ex.o
                0x080045e8                HAL_RCCEx_PeriphCLKConfig
 .text.RCCEx_PLLSAI1_Config
                0x080049d4      0x1e4 ./Drivers/STM32L4xx_HAL_Driver/Src/stm32l4xx_hal_rcc_ex.o
 .text.firmware
                0x08004bb8        0xe ./firmware/firmware.o
                0x08004bb8                firmware
 .text._Z3nopv  0x08004bc6        0xe ./firmware/i2c/i2c_slave.o
                0x08004bc6                nop()
 .text._Z13get_I2C_slaveP19__I2C_HandleTypeDef
                0x08004bd4       0x50 ./firmware/i2c/i2c_slave.o
                0x08004bd4                get_I2C_slave(__I2C_HandleTypeDef*)
 .text.HAL_I2C_ListenCpltCallback
                0x08004c24       0x24 ./firmware/i2c/i2c_slave.o
                0x08004c24                HAL_I2C_ListenCpltCallback
 .text.HAL_I2C_AddrCallback
                0x08004c48       0x32 ./firmware/i2c/i2c_slave.o
                0x08004c48                HAL_I2C_AddrCallback
 .text.HAL_I2C_SlaveRxCpltCallback
                0x08004c7a       0x24 ./firmware/i2c/i2c_slave.o
                0x08004c7a                HAL_I2C_SlaveRxCpltCallback
 .text.HAL_I2C_SlaveTxCpltCallback
                0x08004c9e       0x24 ./firmware/i2c/i2c_slave.o
                0x08004c9e                HAL_I2C_SlaveTxCpltCallback
 .text.HAL_I2C_ErrorCallback
                0x08004cc2       0x24 ./firmware/i2c/i2c_slave.o
                0x08004cc2                HAL_I2C_ErrorCallback
 .text.HAL_I2C_AbortCpltCallback
                0x08004ce6       0x24 ./firmware/i2c/i2c_slave.o
                0x08004ce6                HAL_I2C_AbortCpltCallback
 .text._ZN9I2C_Slave16i2c_addrCallbackEht
                0x08004d0a       0x6e ./firmware/i2c/i2c_slave.o
                0x08004d0a                I2C_Slave::i2c_addrCallback(unsigned char, unsigned short)
 .text._ZN9I2C_Slave26i2c_listenCompleteCallbackEv
                0x08004d78       0x5c ./firmware/i2c/i2c_slave.o
                0x08004d78                I2C_Slave::i2c_listenCompleteCallback()
 .text._ZN9I2C_Slave22i2c_rxCompleteCallbackEv
                0x08004dd4       0x54 ./firmware/i2c/i2c_slave.o
                0x08004dd4                I2C_Slave::i2c_rxCompleteCallback()
 .text._ZN9I2C_Slave22i2c_txCompleteCallbackEv
                0x08004e28       0x4a ./firmware/i2c/i2c_slave.o
                0x08004e28                I2C_Slave::i2c_txCompleteCallback()
 .text._ZN9I2C_Slave17i2c_errorCallbackEv
                0x08004e72       0x1e ./firmware/i2c/i2c_slave.o
                0x08004e72                I2C_Slave::i2c_errorCallback()
 .text._ZN9I2C_Slave25i2c_abortCompleteCallbackEv
                0x08004e90       0x14 ./firmware/i2c/i2c_slave.o
                0x08004e90                I2C_Slave::i2c_abortCompleteCallback()
 .text._ZN19core_utils_CallbackIvhE4callEh
                0x08004ea4       0x22 ./firmware/i2c/i2c_slave.o
                0x08004ea4                core_utils_Callback<void, unsigned char>::call(unsigned char)
 .text._ZN26core_utils_FunctionPointerIvhEclEh
                0x08004ec6       0x1e ./firmware/i2c/i2c_slave.o
                0x08004ec6                core_utils_FunctionPointer<void, unsigned char>::operator()(unsigned char)
 .text._ZN26core_utils_FunctionPointerIvhE4callEh
                0x08004ee4       0x52 ./firmware/i2c/i2c_slave.o
                0x08004ee4                core_utils_FunctionPointer<void, unsigned char>::call(unsigned char)
 .text.memset   0x08004f36       0x10 /Applications/STM32CubeIDE.app/Contents/Eclipse/plugins/com.st.stm32cube.ide.mcu.externaltools.gnu-tools-for-stm32.12.3.rel1.macos64_1.0.100.202403111906/tools/bin/../lib/gcc/arm-none-eabi/12.3.1/../../../../arm-none-eabi/lib/thumb/v7e-m+fp/hard/libc_nano.a(libc_a-memset.o)
                0x08004f36                memset
 *fill*         0x08004f46        0x2 
 .text.__libc_init_array
                0x08004f48       0x48 /Applications/STM32CubeIDE.app/Contents/Eclipse/plugins/com.st.stm32cube.ide.mcu.externaltools.gnu-tools-for-stm32.12.3.rel1.macos64_1.0.100.202403111906/tools/bin/../lib/gcc/arm-none-eabi/12.3.1/../../../../arm-none-eabi/lib/thumb/v7e-m+fp/hard/libc_nano.a(libc_a-init.o)
                0x08004f48                __libc_init_array
 *(.glue_7)
 .glue_7        0x08004f90        0x0 linker stubs
 *(.glue_7t)
 .glue_7t       0x08004f90        0x0 linker stubs
 *(.eh_frame)
 .eh_frame      0x08004f90        0x0 /Applications/STM32CubeIDE.app/Contents/Eclipse/plugins/com.st.stm32cube.ide.mcu.externaltools.gnu-tools-for-stm32.12.3.rel1.macos64_1.0.100.202403111906/tools/bin/../lib/gcc/arm-none-eabi/12.3.1/thumb/v7e-m+fp/hard/crtbegin.o
 *(.init)
 .init          0x08004f90        0x4 /Applications/STM32CubeIDE.app/Contents/Eclipse/plugins/com.st.stm32cube.ide.mcu.externaltools.gnu-tools-for-stm32.12.3.rel1.macos64_1.0.100.202403111906/tools/bin/../lib/gcc/arm-none-eabi/12.3.1/thumb/v7e-m+fp/hard/crti.o
                0x08004f90                _init
 .init          0x08004f94        0x8 /Applications/STM32CubeIDE.app/Contents/Eclipse/plugins/com.st.stm32cube.ide.mcu.externaltools.gnu-tools-for-stm32.12.3.rel1.macos64_1.0.100.202403111906/tools/bin/../lib/gcc/arm-none-eabi/12.3.1/thumb/v7e-m+fp/hard/crtn.o
 *(.fini)
 .fini          0x08004f9c        0x4 /Applications/STM32CubeIDE.app/Contents/Eclipse/plugins/com.st.stm32cube.ide.mcu.externaltools.gnu-tools-for-stm32.12.3.rel1.macos64_1.0.100.202403111906/tools/bin/../lib/gcc/arm-none-eabi/12.3.1/thumb/v7e-m+fp/hard/crti.o
                0x08004f9c                _fini
 .fini          0x08004fa0        0x8 /Applications/STM32CubeIDE.app/Contents/Eclipse/plugins/com.st.stm32cube.ide.mcu.externaltools.gnu-tools-for-stm32.12.3.rel1.macos64_1.0.100.202403111906/tools/bin/../lib/gcc/arm-none-eabi/12.3.1/thumb/v7e-m+fp/hard/crtn.o
                0x08004fa8                        . = ALIGN (0x4)
                0x08004fa8                        _etext = .

.vfp11_veneer   0x08004fa8        0x0
 .vfp11_veneer  0x08004fa8        0x0 linker stubs

.v4_bx          0x08004fa8        0x0
 .v4_bx         0x08004fa8        0x0 linker stubs

.iplt           0x08004fa8        0x0
 .iplt          0x08004fa8        0x0 /Applications/STM32CubeIDE.app/Contents/Eclipse/plugins/com.st.stm32cube.ide.mcu.externaltools.gnu-tools-for-stm32.12.3.rel1.macos64_1.0.100.202403111906/tools/bin/../lib/gcc/arm-none-eabi/12.3.1/thumb/v7e-m+fp/hard/crtbegin.o

.rodata         0x08004fa8       0x40
                0x08004fa8                        . = ALIGN (0x4)
 *(.rodata)
 *(.rodata*)
 .rodata.AHBPrescTable
                0x08004fa8       0x10 ./Core/Src/system_stm32l4xx.o
                0x08004fa8                AHBPrescTable
 .rodata.MSIRangeTable
                0x08004fb8       0x30 ./Core/Src/system_stm32l4xx.o
                0x08004fb8                MSIRangeTable
                0x08004fe8                        . = ALIGN (0x4)

.rel.dyn        0x08004fe8        0x0
 .rel.iplt      0x08004fe8        0x0 /Applications/STM32CubeIDE.app/Contents/Eclipse/plugins/com.st.stm32cube.ide.mcu.externaltools.gnu-tools-for-stm32.12.3.rel1.macos64_1.0.100.202403111906/tools/bin/../lib/gcc/arm-none-eabi/12.3.1/thumb/v7e-m+fp/hard/crtbegin.o

.ARM.extab      0x08004fe8        0x0
                0x08004fe8                        . = ALIGN (0x4)
 *(.ARM.extab* .gnu.linkonce.armextab.*)
                0x08004fe8                        . = ALIGN (0x4)

.ARM            0x08004fe8        0x0
                0x08004fe8                        . = ALIGN (0x4)
                0x08004fe8                        __exidx_start = .
 *(.ARM.exidx*)
                0x08004fe8                        __exidx_end = .
                0x08004fe8                        . = ALIGN (0x4)

.preinit_array  0x08004fe8        0x0
                0x08004fe8                        . = ALIGN (0x4)
                0x08004fe8                        PROVIDE (__preinit_array_start = .)
 *(.preinit_array*)
                0x08004fe8                        PROVIDE (__preinit_array_end = .)
                0x08004fe8                        . = ALIGN (0x4)

.init_array     0x08004fe8        0x4
                0x08004fe8                        . = ALIGN (0x4)
                0x08004fe8                        PROVIDE (__init_array_start = .)
 *(SORT_BY_NAME(.init_array.*))
 *(.init_array*)
 .init_array    0x08004fe8        0x4 /Applications/STM32CubeIDE.app/Contents/Eclipse/plugins/com.st.stm32cube.ide.mcu.externaltools.gnu-tools-for-stm32.12.3.rel1.macos64_1.0.100.202403111906/tools/bin/../lib/gcc/arm-none-eabi/12.3.1/thumb/v7e-m+fp/hard/crtbegin.o
                0x08004fec                        PROVIDE (__init_array_end = .)
                0x08004fec                        . = ALIGN (0x4)

.fini_array     0x08004fec        0x4
                0x08004fec                        . = ALIGN (0x4)
                [!provide]                        PROVIDE (__fini_array_start = .)
 *(SORT_BY_NAME(.fini_array.*))
 *(.fini_array*)
 .fini_array    0x08004fec        0x4 /Applications/STM32CubeIDE.app/Contents/Eclipse/plugins/com.st.stm32cube.ide.mcu.externaltools.gnu-tools-for-stm32.12.3.rel1.macos64_1.0.100.202403111906/tools/bin/../lib/gcc/arm-none-eabi/12.3.1/thumb/v7e-m+fp/hard/crtbegin.o
                [!provide]                        PROVIDE (__fini_array_end = .)
                0x08004ff0                        . = ALIGN (0x4)
                0x08004ff0                        _sidata = LOADADDR (.data)

.data           0x20000000        0xc load address 0x08004ff0
                0x20000000                        . = ALIGN (0x4)
                0x20000000                        _sdata = .
 *(.data)
 *(.data*)
 .data.SystemCoreClock
                0x20000000        0x4 ./Core/Src/system_stm32l4xx.o
                0x20000000                SystemCoreClock
 .data.uwTickPrio
                0x20000004        0x4 ./Drivers/STM32L4xx_HAL_Driver/Src/stm32l4xx_hal.o
                0x20000004                uwTickPrio
 .data.uwTickFreq
                0x20000008        0x1 ./Drivers/STM32L4xx_HAL_Driver/Src/stm32l4xx_hal.o
                0x20000008                uwTickFreq
 *(.RamFunc)
 *(.RamFunc*)
                0x2000000c                        . = ALIGN (0x4)
 *fill*         0x20000009        0x3 
                0x2000000c                        _edata = .

.igot.plt       0x2000000c        0x0 load address 0x08004ffc
 .igot.plt      0x2000000c        0x0 /Applications/STM32CubeIDE.app/Contents/Eclipse/plugins/com.st.stm32cube.ide.mcu.externaltools.gnu-tools-for-stm32.12.3.rel1.macos64_1.0.100.202403111906/tools/bin/../lib/gcc/arm-none-eabi/12.3.1/thumb/v7e-m+fp/hard/crtbegin.o
                0x2000000c                        . = ALIGN (0x4)

.bss            0x2000000c      0x134 load address 0x08004ffc
                0x2000000c                        _sbss = .
                0x2000000c                        __bss_start__ = _sbss
 *(.bss)
 .bss           0x2000000c       0x1c /Applications/STM32CubeIDE.app/Contents/Eclipse/plugins/com.st.stm32cube.ide.mcu.externaltools.gnu-tools-for-stm32.12.3.rel1.macos64_1.0.100.202403111906/tools/bin/../lib/gcc/arm-none-eabi/12.3.1/thumb/v7e-m+fp/hard/crtbegin.o
 *(.bss*)
 .bss.hadc1     0x20000028       0x64 ./Core/Src/main.o
                0x20000028                hadc1
 .bss.hi2c1     0x2000008c       0x54 ./Core/Src/main.o
                0x2000008c                hi2c1
 .bss.hi2c3     0x200000e0       0x54 ./Core/Src/main.o
                0x200000e0                hi2c3
 .bss.uwTick    0x20000134        0x4 ./Drivers/STM32L4xx_HAL_Driver/Src/stm32l4xx_hal.o
                0x20000134                uwTick
 .bss.registered_i2c_slaves
                0x20000138        0x4 ./firmware/i2c/i2c_slave.o
                0x20000138                registered_i2c_slaves
 .bss.num_i2c_slave
                0x2000013c        0x1 ./firmware/i2c/i2c_slave.o
                0x2000013c                num_i2c_slave
 *(COMMON)
                0x20000140                        . = ALIGN (0x4)
 *fill*         0x2000013d        0x3 
                0x20000140                        _ebss = .
                0x20000140                        __bss_end__ = _ebss

._user_heap_stack
                0x20000140      0x600 load address 0x08004ffc
                0x20000140                        . = ALIGN (0x8)
                [!provide]                        PROVIDE (end = .)
                0x20000140                        PROVIDE (_end = .)
                0x20000340                        . = (. + _Min_Heap_Size)
 *fill*         0x20000140      0x200 
                0x20000740                        . = (. + _Min_Stack_Size)
 *fill*         0x20000340      0x400 
                0x20000740                        . = ALIGN (0x8)

/DISCARD/
 libc.a(*)
 libm.a(*)
 libgcc.a(*)

.ARM.attributes
                0x00000000       0x30
 *(.ARM.attributes)
 .ARM.attributes
                0x00000000       0x22 /Applications/STM32CubeIDE.app/Contents/Eclipse/plugins/com.st.stm32cube.ide.mcu.externaltools.gnu-tools-for-stm32.12.3.rel1.macos64_1.0.100.202403111906/tools/bin/../lib/gcc/arm-none-eabi/12.3.1/thumb/v7e-m+fp/hard/crti.o
 .ARM.attributes
                0x00000022       0x34 /Applications/STM32CubeIDE.app/Contents/Eclipse/plugins/com.st.stm32cube.ide.mcu.externaltools.gnu-tools-for-stm32.12.3.rel1.macos64_1.0.100.202403111906/tools/bin/../lib/gcc/arm-none-eabi/12.3.1/thumb/v7e-m+fp/hard/crtbegin.o
 .ARM.attributes
                0x00000056       0x34 ./Core/Src/main.o
 .ARM.attributes
                0x0000008a       0x34 ./Core/Src/stm32l4xx_hal_msp.o
 .ARM.attributes
                0x000000be       0x34 ./Core/Src/stm32l4xx_it.o
 .ARM.attributes
                0x000000f2       0x34 ./Core/Src/system_stm32l4xx.o
 .ARM.attributes
                0x00000126       0x21 ./Core/Startup/startup_stm32l432kbux.o
 .ARM.attributes
                0x00000147       0x34 ./Drivers/STM32L4xx_HAL_Driver/Src/stm32l4xx_hal.o
 .ARM.attributes
                0x0000017b       0x34 ./Drivers/STM32L4xx_HAL_Driver/Src/stm32l4xx_hal_adc.o
 .ARM.attributes
                0x000001af       0x34 ./Drivers/STM32L4xx_HAL_Driver/Src/stm32l4xx_hal_cortex.o
 .ARM.attributes
                0x000001e3       0x34 ./Drivers/STM32L4xx_HAL_Driver/Src/stm32l4xx_hal_dma.o
 .ARM.attributes
                0x00000217       0x34 ./Drivers/STM32L4xx_HAL_Driver/Src/stm32l4xx_hal_gpio.o
 .ARM.attributes
                0x0000024b       0x34 ./Drivers/STM32L4xx_HAL_Driver/Src/stm32l4xx_hal_i2c.o
 .ARM.attributes
                0x0000027f       0x34 ./Drivers/STM32L4xx_HAL_Driver/Src/stm32l4xx_hal_i2c_ex.o
 .ARM.attributes
                0x000002b3       0x34 ./Drivers/STM32L4xx_HAL_Driver/Src/stm32l4xx_hal_pwr_ex.o
 .ARM.attributes
                0x000002e7       0x34 ./Drivers/STM32L4xx_HAL_Driver/Src/stm32l4xx_hal_rcc.o
 .ARM.attributes
                0x0000031b       0x34 ./Drivers/STM32L4xx_HAL_Driver/Src/stm32l4xx_hal_rcc_ex.o
 .ARM.attributes
                0x0000034f       0x34 ./firmware/firmware.o
 .ARM.attributes
                0x00000383       0x34 ./firmware/i2c/i2c_slave.o
 .ARM.attributes
                0x000003b7       0x34 /Applications/STM32CubeIDE.app/Contents/Eclipse/plugins/com.st.stm32cube.ide.mcu.externaltools.gnu-tools-for-stm32.12.3.rel1.macos64_1.0.100.202403111906/tools/bin/../lib/gcc/arm-none-eabi/12.3.1/../../../../arm-none-eabi/lib/thumb/v7e-m+fp/hard/libc_nano.a(libc_a-memset.o)
 .ARM.attributes
                0x000003eb       0x34 /Applications/STM32CubeIDE.app/Contents/Eclipse/plugins/com.st.stm32cube.ide.mcu.externaltools.gnu-tools-for-stm32.12.3.rel1.macos64_1.0.100.202403111906/tools/bin/../lib/gcc/arm-none-eabi/12.3.1/../../../../arm-none-eabi/lib/thumb/v7e-m+fp/hard/libc_nano.a(libc_a-init.o)
 .ARM.attributes
                0x0000041f       0x22 /Applications/STM32CubeIDE.app/Contents/Eclipse/plugins/com.st.stm32cube.ide.mcu.externaltools.gnu-tools-for-stm32.12.3.rel1.macos64_1.0.100.202403111906/tools/bin/../lib/gcc/arm-none-eabi/12.3.1/thumb/v7e-m+fp/hard/crtn.o
OUTPUT(BMS_v3.elf elf32-littlearm)
LOAD linker stubs
LOAD /Applications/STM32CubeIDE.app/Contents/Eclipse/plugins/com.st.stm32cube.ide.mcu.externaltools.gnu-tools-for-stm32.12.3.rel1.macos64_1.0.100.202403111906/tools/bin/../lib/gcc/arm-none-eabi/12.3.1/../../../../arm-none-eabi/lib/thumb/v7e-m+fp/hard/libc.a
LOAD /Applications/STM32CubeIDE.app/Contents/Eclipse/plugins/com.st.stm32cube.ide.mcu.externaltools.gnu-tools-for-stm32.12.3.rel1.macos64_1.0.100.202403111906/tools/bin/../lib/gcc/arm-none-eabi/12.3.1/../../../../arm-none-eabi/lib/thumb/v7e-m+fp/hard/libm.a
LOAD /Applications/STM32CubeIDE.app/Contents/Eclipse/plugins/com.st.stm32cube.ide.mcu.externaltools.gnu-tools-for-stm32.12.3.rel1.macos64_1.0.100.202403111906/tools/bin/../lib/gcc/arm-none-eabi/12.3.1/thumb/v7e-m+fp/hard/libgcc.a

.debug_info     0x00000000     0xf049
 .debug_info    0x00000000     0x1205 ./Core/Src/main.o
 .debug_info    0x00001205     0x12e3 ./Core/Src/stm32l4xx_hal_msp.o
 .debug_info    0x000024e8      0x6c5 ./Core/Src/stm32l4xx_it.o
 .debug_info    0x00002bad      0x5bf ./Core/Src/system_stm32l4xx.o
 .debug_info    0x0000316c       0x30 ./Core/Startup/startup_stm32l432kbux.o
 .debug_info    0x0000319c      0x99e ./Drivers/STM32L4xx_HAL_Driver/Src/stm32l4xx_hal.o
 .debug_info    0x00003b3a     0x1cc4 ./Drivers/STM32L4xx_HAL_Driver/Src/stm32l4xx_hal_adc.o
 .debug_info    0x000057fe      0xd03 ./Drivers/STM32L4xx_HAL_Driver/Src/stm32l4xx_hal_cortex.o
 .debug_info    0x00006501      0x6f4 ./Drivers/STM32L4xx_HAL_Driver/Src/stm32l4xx_hal_dma.o
 .debug_info    0x00006bf5      0x757 ./Drivers/STM32L4xx_HAL_Driver/Src/stm32l4xx_hal_gpio.o
 .debug_info    0x0000734c     0x20d2 ./Drivers/STM32L4xx_HAL_Driver/Src/stm32l4xx_hal_i2c.o
 .debug_info    0x0000941e      0x981 ./Drivers/STM32L4xx_HAL_Driver/Src/stm32l4xx_hal_i2c_ex.o
 .debug_info    0x00009d9f      0x920 ./Drivers/STM32L4xx_HAL_Driver/Src/stm32l4xx_hal_pwr_ex.o
 .debug_info    0x0000a6bf      0xbc3 ./Drivers/STM32L4xx_HAL_Driver/Src/stm32l4xx_hal_rcc.o
 .debug_info    0x0000b282      0xee5 ./Drivers/STM32L4xx_HAL_Driver/Src/stm32l4xx_hal_rcc_ex.o
 .debug_info    0x0000c167     0x1a8f ./firmware/firmware.o
 .debug_info    0x0000dbf6     0x1453 ./firmware/i2c/i2c_slave.o

.debug_abbrev   0x00000000     0x27da
 .debug_abbrev  0x00000000      0x2c0 ./Core/Src/main.o
 .debug_abbrev  0x000002c0      0x218 ./Core/Src/stm32l4xx_hal_msp.o
 .debug_abbrev  0x000004d8      0x17c ./Core/Src/stm32l4xx_it.o
 .debug_abbrev  0x00000654      0x11a ./Core/Src/system_stm32l4xx.o
 .debug_abbrev  0x0000076e       0x24 ./Core/Startup/startup_stm32l432kbux.o
 .debug_abbrev  0x00000792      0x225 ./Drivers/STM32L4xx_HAL_Driver/Src/stm32l4xx_hal.o
 .debug_abbrev  0x000009b7      0x2d7 ./Drivers/STM32L4xx_HAL_Driver/Src/stm32l4xx_hal_adc.o
 .debug_abbrev  0x00000c8e      0x31c ./Drivers/STM32L4xx_HAL_Driver/Src/stm32l4xx_hal_cortex.o
 .debug_abbrev  0x00000faa      0x1e4 ./Drivers/STM32L4xx_HAL_Driver/Src/stm32l4xx_hal_dma.o
 .debug_abbrev  0x0000118e      0x1cb ./Drivers/STM32L4xx_HAL_Driver/Src/stm32l4xx_hal_gpio.o
 .debug_abbrev  0x00001359      0x261 ./Drivers/STM32L4xx_HAL_Driver/Src/stm32l4xx_hal_i2c.o
 .debug_abbrev  0x000015ba      0x1c3 ./Drivers/STM32L4xx_HAL_Driver/Src/stm32l4xx_hal_i2c_ex.o
 .debug_abbrev  0x0000177d      0x1f9 ./Drivers/STM32L4xx_HAL_Driver/Src/stm32l4xx_hal_pwr_ex.o
 .debug_abbrev  0x00001976      0x2cb ./Drivers/STM32L4xx_HAL_Driver/Src/stm32l4xx_hal_rcc.o
 .debug_abbrev  0x00001c41      0x2a1 ./Drivers/STM32L4xx_HAL_Driver/Src/stm32l4xx_hal_rcc_ex.o
 .debug_abbrev  0x00001ee2      0x47e ./firmware/firmware.o
 .debug_abbrev  0x00002360      0x47a ./firmware/i2c/i2c_slave.o

.debug_aranges  0x00000000      0xd90
 .debug_aranges
                0x00000000       0x50 ./Core/Src/main.o
 .debug_aranges
                0x00000050       0x40 ./Core/Src/stm32l4xx_hal_msp.o
 .debug_aranges
                0x00000090       0x70 ./Core/Src/stm32l4xx_it.o
 .debug_aranges
                0x00000100       0x28 ./Core/Src/system_stm32l4xx.o
 .debug_aranges
                0x00000128       0x28 ./Core/Startup/startup_stm32l432kbux.o
 .debug_aranges
                0x00000150      0x108 ./Drivers/STM32L4xx_HAL_Driver/Src/stm32l4xx_hal.o
 .debug_aranges
                0x00000258      0x210 ./Drivers/STM32L4xx_HAL_Driver/Src/stm32l4xx_hal_adc.o
 .debug_aranges
                0x00000468      0x128 ./Drivers/STM32L4xx_HAL_Driver/Src/stm32l4xx_hal_cortex.o
 .debug_aranges
                0x00000590       0x80 ./Drivers/STM32L4xx_HAL_Driver/Src/stm32l4xx_hal_dma.o
 .debug_aranges
                0x00000610       0x58 ./Drivers/STM32L4xx_HAL_Driver/Src/stm32l4xx_hal_gpio.o
 .debug_aranges
                0x00000668      0x2a0 ./Drivers/STM32L4xx_HAL_Driver/Src/stm32l4xx_hal_i2c.o
 .debug_aranges
                0x00000908       0x48 ./Drivers/STM32L4xx_HAL_Driver/Src/stm32l4xx_hal_i2c_ex.o
 .debug_aranges
                0x00000950      0x128 ./Drivers/STM32L4xx_HAL_Driver/Src/stm32l4xx_hal_pwr_ex.o
 .debug_aranges
                0x00000a78       0x90 ./Drivers/STM32L4xx_HAL_Driver/Src/stm32l4xx_hal_rcc.o
 .debug_aranges
                0x00000b08       0xf0 ./Drivers/STM32L4xx_HAL_Driver/Src/stm32l4xx_hal_rcc_ex.o
 .debug_aranges
                0x00000bf8       0xa8 ./firmware/firmware.o
 .debug_aranges
                0x00000ca0       0xf0 ./firmware/i2c/i2c_slave.o

.debug_rnglists
                0x00000000      0xa4c
 .debug_rnglists
                0x00000000       0x3d ./Core/Src/main.o
 .debug_rnglists
                0x0000003d       0x2e ./Core/Src/stm32l4xx_hal_msp.o
 .debug_rnglists
                0x0000006b       0x4f ./Core/Src/stm32l4xx_it.o
 .debug_rnglists
                0x000000ba       0x1a ./Core/Src/system_stm32l4xx.o
 .debug_rnglists
                0x000000d4       0x19 ./Core/Startup/startup_stm32l432kbux.o
 .debug_rnglists
                0x000000ed       0xc1 ./Drivers/STM32L4xx_HAL_Driver/Src/stm32l4xx_hal.o
 .debug_rnglists
                0x000001ae      0x196 ./Drivers/STM32L4xx_HAL_Driver/Src/stm32l4xx_hal_adc.o
 .debug_rnglists
                0x00000344       0xda ./Drivers/STM32L4xx_HAL_Driver/Src/stm32l4xx_hal_cortex.o
 .debug_rnglists
                0x0000041e       0x64 ./Drivers/STM32L4xx_HAL_Driver/Src/stm32l4xx_hal_dma.o
 .debug_rnglists
                0x00000482       0x3f ./Drivers/STM32L4xx_HAL_Driver/Src/stm32l4xx_hal_gpio.o
 .debug_rnglists
                0x000004c1      0x228 ./Drivers/STM32L4xx_HAL_Driver/Src/stm32l4xx_hal_i2c.o
 .debug_rnglists
                0x000006e9       0x35 ./Drivers/STM32L4xx_HAL_Driver/Src/stm32l4xx_hal_i2c_ex.o
 .debug_rnglists
                0x0000071e       0xdf ./Drivers/STM32L4xx_HAL_Driver/Src/stm32l4xx_hal_pwr_ex.o
 .debug_rnglists
                0x000007fd       0x6d ./Drivers/STM32L4xx_HAL_Driver/Src/stm32l4xx_hal_rcc.o
 .debug_rnglists
                0x0000086a       0xba ./Drivers/STM32L4xx_HAL_Driver/Src/stm32l4xx_hal_rcc_ex.o
 .debug_rnglists
                0x00000924       0x79 ./firmware/firmware.o
 .debug_rnglists
                0x0000099d       0xaf ./firmware/i2c/i2c_slave.o

.debug_macro    0x00000000    0x21369
 .debug_macro   0x00000000      0x1ed ./Core/Src/main.o
 .debug_macro   0x000001ed      0xab4 ./Core/Src/main.o
 .debug_macro   0x00000ca1      0x1a7 ./Core/Src/main.o
 .debug_macro   0x00000e48       0x2e ./Core/Src/main.o
 .debug_macro   0x00000e76       0x28 ./Core/Src/main.o
 .debug_macro   0x00000e9e       0x22 ./Core/Src/main.o
 .debug_macro   0x00000ec0       0x8e ./Core/Src/main.o
 .debug_macro   0x00000f4e       0x51 ./Core/Src/main.o
 .debug_macro   0x00000f9f      0x103 ./Core/Src/main.o
 .debug_macro   0x000010a2       0x6a ./Core/Src/main.o
 .debug_macro   0x0000110c      0x1df ./Core/Src/main.o
 .debug_macro   0x000012eb       0x1c ./Core/Src/main.o
 .debug_macro   0x00001307       0x22 ./Core/Src/main.o
 .debug_macro   0x00001329       0xfb ./Core/Src/main.o
 .debug_macro   0x00001424     0x1011 ./Core/Src/main.o
 .debug_macro   0x00002435      0x11f ./Core/Src/main.o
 .debug_macro   0x00002554    0x147a6 ./Core/Src/main.o
 .debug_macro   0x00016cfa       0x6d ./Core/Src/main.o
 .debug_macro   0x00016d67     0x38fb ./Core/Src/main.o
 .debug_macro   0x0001a662      0x189 ./Core/Src/main.o
 .debug_macro   0x0001a7eb       0x5c ./Core/Src/main.o
 .debug_macro   0x0001a847     0x11ca ./Core/Src/main.o
 .debug_macro   0x0001ba11      0x53c ./Core/Src/main.o
 .debug_macro   0x0001bf4d      0x1b9 ./Core/Src/main.o
 .debug_macro   0x0001c106      0x122 ./Core/Src/main.o
 .debug_macro   0x0001c228      0x26b ./Core/Src/main.o
 .debug_macro   0x0001c493      0x23d ./Core/Src/main.o
 .debug_macro   0x0001c6d0      0xde6 ./Core/Src/main.o
 .debug_macro   0x0001d4b6      0x61d ./Core/Src/main.o
 .debug_macro   0x0001dad3      0x241 ./Core/Src/main.o
 .debug_macro   0x0001dd14      0x241 ./Core/Src/main.o
 .debug_macro   0x0001df55      0x375 ./Core/Src/main.o
 .debug_macro   0x0001e2ca       0xd6 ./Core/Src/main.o
 .debug_macro   0x0001e3a0      0x22c ./Core/Src/main.o
 .debug_macro   0x0001e5cc       0x61 ./Core/Src/main.o
 .debug_macro   0x0001e62d       0xa5 ./Core/Src/main.o
 .debug_macro   0x0001e6d2      0x122 ./Core/Src/main.o
 .debug_macro   0x0001e7f4      0x356 ./Core/Src/main.o
 .debug_macro   0x0001eb4a      0x220 ./Core/Src/main.o
 .debug_macro   0x0001ed6a       0x70 ./Core/Src/main.o
 .debug_macro   0x0001edda      0x1ed ./Core/Src/stm32l4xx_hal_msp.o
 .debug_macro   0x0001efc7      0x1f7 ./Core/Src/stm32l4xx_it.o
 .debug_macro   0x0001f1be      0x1d4 ./Core/Src/system_stm32l4xx.o
 .debug_macro   0x0001f392      0x21c ./Drivers/STM32L4xx_HAL_Driver/Src/stm32l4xx_hal.o
 .debug_macro   0x0001f5ae      0x1f1 ./Drivers/STM32L4xx_HAL_Driver/Src/stm32l4xx_hal_adc.o
 .debug_macro   0x0001f79f      0x1d4 ./Drivers/STM32L4xx_HAL_Driver/Src/stm32l4xx_hal_cortex.o
 .debug_macro   0x0001f973      0x1d4 ./Drivers/STM32L4xx_HAL_Driver/Src/stm32l4xx_hal_dma.o
 .debug_macro   0x0001fb47      0x1db ./Drivers/STM32L4xx_HAL_Driver/Src/stm32l4xx_hal_gpio.o
 .debug_macro   0x0001fd22      0x2a0 ./Drivers/STM32L4xx_HAL_Driver/Src/stm32l4xx_hal_i2c.o
 .debug_macro   0x0001ffc2      0x1d4 ./Drivers/STM32L4xx_HAL_Driver/Src/stm32l4xx_hal_i2c_ex.o
 .debug_macro   0x00020196      0x1f8 ./Drivers/STM32L4xx_HAL_Driver/Src/stm32l4xx_hal_pwr_ex.o
 .debug_macro   0x0002038e      0x216 ./Drivers/STM32L4xx_HAL_Driver/Src/stm32l4xx_hal_rcc.o
 .debug_macro   0x000205a4      0x20a ./Drivers/STM32L4xx_HAL_Driver/Src/stm32l4xx_hal_rcc_ex.o
 .debug_macro   0x000207ae      0x31a ./firmware/firmware.o
 .debug_macro   0x00020ac8       0x10 ./firmware/firmware.o
 .debug_macro   0x00020ad8       0x61 ./firmware/firmware.o
 .debug_macro   0x00020b39       0x34 ./firmware/firmware.o
 .debug_macro   0x00020b6d       0x43 ./firmware/firmware.o
 .debug_macro   0x00020bb0       0x16 ./firmware/firmware.o
 .debug_macro   0x00020bc6      0x38c ./firmware/firmware.o
 .debug_macro   0x00020f52       0x10 ./firmware/firmware.o
 .debug_macro   0x00020f62       0x35 ./firmware/firmware.o
 .debug_macro   0x00020f97       0x20 ./firmware/firmware.o
 .debug_macro   0x00020fb7       0xe2 ./firmware/firmware.o
 .debug_macro   0x00021099      0x2d0 ./firmware/i2c/i2c_slave.o

.debug_line     0x00000000     0xf929
 .debug_line    0x00000000      0x959 ./Core/Src/main.o
 .debug_line    0x00000959      0x8a9 ./Core/Src/stm32l4xx_hal_msp.o
 .debug_line    0x00001202      0x86d ./Core/Src/stm32l4xx_it.o
 .debug_line    0x00001a6f      0x793 ./Core/Src/system_stm32l4xx.o
 .debug_line    0x00002202       0x7a ./Core/Startup/startup_stm32l432kbux.o
 .debug_line    0x0000227c      0xa5b ./Drivers/STM32L4xx_HAL_Driver/Src/stm32l4xx_hal.o
 .debug_line    0x00002cd7     0x1c9f ./Drivers/STM32L4xx_HAL_Driver/Src/stm32l4xx_hal_adc.o
 .debug_line    0x00004976      0xcb7 ./Drivers/STM32L4xx_HAL_Driver/Src/stm32l4xx_hal_cortex.o
 .debug_line    0x0000562d      0xcf3 ./Drivers/STM32L4xx_HAL_Driver/Src/stm32l4xx_hal_dma.o
 .debug_line    0x00006320      0xafd ./Drivers/STM32L4xx_HAL_Driver/Src/stm32l4xx_hal_gpio.o
 .debug_line    0x00006e1d     0x3a21 ./Drivers/STM32L4xx_HAL_Driver/Src/stm32l4xx_hal_i2c.o
 .debug_line    0x0000a83e      0x916 ./Drivers/STM32L4xx_HAL_Driver/Src/stm32l4xx_hal_i2c_ex.o
 .debug_line    0x0000b154      0xbe7 ./Drivers/STM32L4xx_HAL_Driver/Src/stm32l4xx_hal_pwr_ex.o
 .debug_line    0x0000bd3b      0xfa5 ./Drivers/STM32L4xx_HAL_Driver/Src/stm32l4xx_hal_rcc.o
 .debug_line    0x0000cce0     0x12e0 ./Drivers/STM32L4xx_HAL_Driver/Src/stm32l4xx_hal_rcc_ex.o
 .debug_line    0x0000dfc0      0xcce ./firmware/firmware.o
 .debug_line    0x0000ec8e      0xc9b ./firmware/i2c/i2c_slave.o

.debug_str      0x00000000    0xceb92
 .debug_str     0x00000000    0xc6419 ./Core/Src/main.o
                              0xc6b6b (size before relaxing)
 .debug_str     0x000c6419      0x604 ./Core/Src/stm32l4xx_hal_msp.o
                              0xc6e79 (size before relaxing)
 .debug_str     0x000c6a1d      0x11b ./Core/Src/stm32l4xx_it.o
                              0xc64f9 (size before relaxing)
 .debug_str     0x000c6b38       0xf2 ./Core/Src/system_stm32l4xx.o
                              0xc5f87 (size before relaxing)
 .debug_str     0x000c6c2a       0x44 ./Core/Startup/startup_stm32l432kbux.o
                                 0xb3 (size before relaxing)
 .debug_str     0x000c6c6e      0x54a ./Drivers/STM32L4xx_HAL_Driver/Src/stm32l4xx_hal.o
                              0xc6914 (size before relaxing)
 .debug_str     0x000c71b8      0xa47 ./Drivers/STM32L4xx_HAL_Driver/Src/stm32l4xx_hal_adc.o
                              0xc6d6a (size before relaxing)
 .debug_str     0x000c7bff      0x355 ./Drivers/STM32L4xx_HAL_Driver/Src/stm32l4xx_hal_cortex.o
                              0xc66e7 (size before relaxing)
 .debug_str     0x000c7f54      0x239 ./Drivers/STM32L4xx_HAL_Driver/Src/stm32l4xx_hal_dma.o
                              0xc61ee (size before relaxing)
 .debug_str     0x000c818d       0xff ./Drivers/STM32L4xx_HAL_Driver/Src/stm32l4xx_hal_gpio.o
                              0xc60fb (size before relaxing)
 .debug_str     0x000c828c      0xd90 ./Drivers/STM32L4xx_HAL_Driver/Src/stm32l4xx_hal_i2c.o
                              0xc7185 (size before relaxing)
 .debug_str     0x000c901c       0xb8 ./Drivers/STM32L4xx_HAL_Driver/Src/stm32l4xx_hal_i2c_ex.o
                              0xc6494 (size before relaxing)
 .debug_str     0x000c90d4      0x43e ./Drivers/STM32L4xx_HAL_Driver/Src/stm32l4xx_hal_pwr_ex.o
                              0xc642f (size before relaxing)
 .debug_str     0x000c9512      0x381 ./Drivers/STM32L4xx_HAL_Driver/Src/stm32l4xx_hal_rcc.o
                              0xc6587 (size before relaxing)
 .debug_str     0x000c9893      0x537 ./Drivers/STM32L4xx_HAL_Driver/Src/stm32l4xx_hal_rcc_ex.o
                              0xc67e7 (size before relaxing)
 .debug_str     0x000c9dca     0x4a6a ./firmware/firmware.o
                              0xcb01f (size before relaxing)
 .debug_str     0x000ce834      0x35e ./firmware/i2c/i2c_slave.o
                              0xca564 (size before relaxing)

.comment        0x00000000       0x43
 .comment       0x00000000       0x43 ./Core/Src/main.o
                                 0x44 (size before relaxing)
 .comment       0x00000043       0x44 ./Core/Src/stm32l4xx_hal_msp.o
 .comment       0x00000043       0x44 ./Core/Src/stm32l4xx_it.o
 .comment       0x00000043       0x44 ./Core/Src/system_stm32l4xx.o
 .comment       0x00000043       0x44 ./Drivers/STM32L4xx_HAL_Driver/Src/stm32l4xx_hal.o
 .comment       0x00000043       0x44 ./Drivers/STM32L4xx_HAL_Driver/Src/stm32l4xx_hal_adc.o
 .comment       0x00000043       0x44 ./Drivers/STM32L4xx_HAL_Driver/Src/stm32l4xx_hal_cortex.o
 .comment       0x00000043       0x44 ./Drivers/STM32L4xx_HAL_Driver/Src/stm32l4xx_hal_dma.o
 .comment       0x00000043       0x44 ./Drivers/STM32L4xx_HAL_Driver/Src/stm32l4xx_hal_gpio.o
 .comment       0x00000043       0x44 ./Drivers/STM32L4xx_HAL_Driver/Src/stm32l4xx_hal_i2c.o
 .comment       0x00000043       0x44 ./Drivers/STM32L4xx_HAL_Driver/Src/stm32l4xx_hal_i2c_ex.o
 .comment       0x00000043       0x44 ./Drivers/STM32L4xx_HAL_Driver/Src/stm32l4xx_hal_pwr_ex.o
 .comment       0x00000043       0x44 ./Drivers/STM32L4xx_HAL_Driver/Src/stm32l4xx_hal_rcc.o
 .comment       0x00000043       0x44 ./Drivers/STM32L4xx_HAL_Driver/Src/stm32l4xx_hal_rcc_ex.o
 .comment       0x00000043       0x44 ./firmware/firmware.o
 .comment       0x00000043       0x44 ./firmware/i2c/i2c_slave.o

.debug_frame    0x00000000     0x37c4
 .debug_frame   0x00000000       0xe8 ./Core/Src/main.o
 .debug_frame   0x000000e8       0xd0 ./Core/Src/stm32l4xx_hal_msp.o
 .debug_frame   0x000001b8      0x13c ./Core/Src/stm32l4xx_it.o
 .debug_frame   0x000002f4       0x58 ./Core/Src/system_stm32l4xx.o
 .debug_frame   0x0000034c      0x3dc ./Drivers/STM32L4xx_HAL_Driver/Src/stm32l4xx_hal.o
 .debug_frame   0x00000728      0x9b0 ./Drivers/STM32L4xx_HAL_Driver/Src/stm32l4xx_hal_adc.o
 .debug_frame   0x000010d8      0x4e8 ./Drivers/STM32L4xx_HAL_Driver/Src/stm32l4xx_hal_cortex.o
 .debug_frame   0x000015c0      0x204 ./Drivers/STM32L4xx_HAL_Driver/Src/stm32l4xx_hal_dma.o
 .debug_frame   0x000017c4      0x14c ./Drivers/STM32L4xx_HAL_Driver/Src/stm32l4xx_hal_gpio.o
 .debug_frame   0x00001910      0xc38 ./Drivers/STM32L4xx_HAL_Driver/Src/stm32l4xx_hal_i2c.o
 .debug_frame   0x00002548      0x100 ./Drivers/STM32L4xx_HAL_Driver/Src/stm32l4xx_hal_i2c_ex.o
 .debug_frame   0x00002648      0x4a4 ./Drivers/STM32L4xx_HAL_Driver/Src/stm32l4xx_hal_pwr_ex.o
 .debug_frame   0x00002aec      0x21c ./Drivers/STM32L4xx_HAL_Driver/Src/stm32l4xx_hal_rcc.o
 .debug_frame   0x00002d08      0x3d0 ./Drivers/STM32L4xx_HAL_Driver/Src/stm32l4xx_hal_rcc_ex.o
 .debug_frame   0x000030d8      0x2a8 ./firmware/firmware.o
 .debug_frame   0x00003380      0x3f8 ./firmware/i2c/i2c_slave.o
 .debug_frame   0x00003778       0x20 /Applications/STM32CubeIDE.app/Contents/Eclipse/plugins/com.st.stm32cube.ide.mcu.externaltools.gnu-tools-for-stm32.12.3.rel1.macos64_1.0.100.202403111906/tools/bin/../lib/gcc/arm-none-eabi/12.3.1/../../../../arm-none-eabi/lib/thumb/v7e-m+fp/hard/libc_nano.a(libc_a-memset.o)
 .debug_frame   0x00003798       0x2c /Applications/STM32CubeIDE.app/Contents/Eclipse/plugins/com.st.stm32cube.ide.mcu.externaltools.gnu-tools-for-stm32.12.3.rel1.macos64_1.0.100.202403111906/tools/bin/../lib/gcc/arm-none-eabi/12.3.1/../../../../arm-none-eabi/lib/thumb/v7e-m+fp/hard/libc_nano.a(libc_a-init.o)

.debug_line_str
                0x00000000       0x97
 .debug_line_str
                0x00000000       0x97 ./Core/Startup/startup_stm32l432kbux.o
