/Applications/STM32CubeIDE.app/Contents/Eclipse/plugins/com.st.stm32cube.ide.mcu.externaltools.gnu-tools-for-stm32.12.3.rel1.macos64_1.1.0.202410301201/tools/arm-none-eabi/include/c++/12.3.1/cmath:144:3:constexpr float std::atan2(float, float)	16	static
/Users/lehmann/work_dir/work_dir/projects/testbed/robots/BILBO/software/robot/firmware/libraries/stm32_core_cpp_lib/ext/madgwick_ahrs/MadgwickAHRS.h:38:10:void Madgwick::begin(float)	16	static
/Users/lehmann/work_dir/work_dir/projects/testbed/robots/BILBO/software/robot/firmware/robot/firmware_v1/estimation/twipr_estimation.cpp:16:1:TWIPR_Estimation::TWIPR_Estimation()	16	static
/Users/lehmann/work_dir/work_dir/projects/testbed/robots/BILBO/software/robot/firmware/robot/firmware_v1/estimation/twipr_estimation.cpp:23:6:void TWIPR_Estimation::init(twipr_estimation_config_t)	24	static
/Users/lehmann/work_dir/work_dir/projects/testbed/robots/BILBO/software/robot/firmware/robot/firmware_v1/estimation/twipr_estimation.cpp:33:6:void TWIPR_Estimation::start()	16	static
/Users/lehmann/work_dir/work_dir/projects/testbed/robots/BILBO/software/robot/firmware/robot/firmware_v1/estimation/twipr_estimation.cpp:37:6:void TWIPR_Estimation::reset()	16	static
/Users/lehmann/work_dir/work_dir/projects/testbed/robots/BILBO/software/robot/firmware/robot/firmware_v1/estimation/twipr_estimation.cpp:41:6:void TWIPR_Estimation::task_function()	24	static
/Users/lehmann/work_dir/work_dir/projects/testbed/robots/BILBO/software/robot/firmware/robot/firmware_v1/estimation/twipr_estimation.cpp:55:6:void TWIPR_Estimation::stop()	16	static
/Users/lehmann/work_dir/work_dir/projects/testbed/robots/BILBO/software/robot/firmware/robot/firmware_v1/estimation/twipr_estimation.cpp:59:6:void TWIPR_Estimation::update()	176	static
/Users/lehmann/work_dir/work_dir/projects/testbed/robots/BILBO/software/robot/firmware/robot/firmware_v1/estimation/twipr_estimation.cpp:143:26:twipr_estimation_state_t TWIPR_Estimation::getMeanState()	24	static
/Users/lehmann/work_dir/work_dir/projects/testbed/robots/BILBO/software/robot/firmware/robot/firmware_v1/estimation/twipr_estimation.cpp:151:26:twipr_estimation_state_t TWIPR_Estimation::getState()	24	static
/Users/lehmann/work_dir/work_dir/projects/testbed/robots/BILBO/software/robot/firmware/robot/firmware_v1/estimation/twipr_estimation.cpp:158:6:void TWIPR_Estimation::setState(twipr_estimation_state_t)	16	static
/Users/lehmann/work_dir/work_dir/projects/testbed/robots/BILBO/software/robot/firmware/robot/firmware_v1/estimation/twipr_estimation.cpp:162:28:twipr_logging_estimation_t TWIPR_Estimation::getSample()	48	static
/Users/lehmann/work_dir/work_dir/projects/testbed/robots/BILBO/software/robot/firmware/robot/firmware_v1/estimation/twipr_estimation.cpp:168:6:void estimation_task(void*)	24	static
