/Users/lehmann/work_dir/work_dir/projects/testbed/robots/BILBO/software/robot/firmware/libraries/robot-control_std_lib/robot-control_std.cpp:51:6:void robot_control_init()	16	static
/Users/lehmann/work_dir/work_dir/projects/testbed/robots/BILBO/software/robot/firmware/libraries/robot-control_std_lib/robot-control_std.cpp:61:6:void robot_control_start()	16	static
/Users/lehmann/work_dir/work_dir/projects/testbed/robots/BILBO/software/robot/firmware/libraries/robot-control_std_lib/robot-control_std.cpp:76:6:void robot_control_task(void*)	24	static
/Users/lehmann/work_dir/work_dir/projects/testbed/robots/BILBO/software/robot/firmware/libraries/robot-control_std_lib/robot-control_std.cpp:99:1:void __static_initialization_and_destruction_0(int, int)	16	static
/Users/lehmann/work_dir/work_dir/projects/testbed/robots/BILBO/software/robot/firmware/libraries/robot-control_std_lib/robot-control_std.cpp:99:1:cpp)	8	static
