/Users/lehmann/work_dir/work_dir/projects/testbed/robots/BILBO/software/robot/firmware/libraries/stm32_core_cpp_lib/communication/uart_interface/../../utils/core_utils_Callback.h:16:2:Callback::Callback()	16	static
/Users/lehmann/work_dir/work_dir/projects/testbed/robots/BILBO/software/robot/firmware/libraries/stm32_core_cpp_lib/communication/uart_interface/../../utils/core_utils_Callback.h:20:15:virtual void Callback::call()	16	static
/Users/lehmann/work_dir/work_dir/projects/testbed/robots/BILBO/software/robot/firmware/libraries/stm32_core_cpp_lib/communication/uart_interface/../../utils/core_utils_Callback.h:24:15:virtual void Callback::call(void*)	16	static
/Users/lehmann/work_dir/work_dir/projects/testbed/robots/BILBO/software/robot/firmware/libraries/stm32_core_cpp_lib/communication/uart_interface/../../utils/core_utils_Callback.h:211:7:virtual void core_utils_Callback<void, void>::call()	16	static
/Users/lehmann/work_dir/work_dir/projects/testbed/robots/BILBO/software/robot/firmware/libraries/stm32_core_cpp_lib/communication/uart_interface/../../utils/core_utils_gpio.h:29:2:core_utils_GPIO::core_utils_GPIO()	16	static
/Users/lehmann/work_dir/work_dir/projects/testbed/robots/BILBO/software/robot/firmware/libraries/stm32_core_cpp_lib/communication/uart_interface/../../utils/core_utils_registermap.h:66:15:virtual void RegisterMap::addEntry(uint8_t, RegisterEntry*)	24	static
/Users/lehmann/work_dir/work_dir/projects/testbed/robots/BILBO/software/robot/firmware/libraries/stm32_core_cpp_lib/communication/uart_interface/../../utils/core_utils_registermap.h:69:15:virtual bool RegisterMap::hasEntry(uint8_t)	16	static
/Users/lehmann/work_dir/work_dir/projects/testbed/robots/BILBO/software/robot/firmware/libraries/stm32_core_cpp_lib/communication/uart_interface/../../utils/core_utils_registermap.h:73:19:virtual uint16_t RegisterMap::getInputSize(uint8_t)	16	static
/Users/lehmann/work_dir/work_dir/projects/testbed/robots/BILBO/software/robot/firmware/libraries/stm32_core_cpp_lib/communication/uart_interface/../../utils/core_utils_registermap.h:77:19:virtual uint16_t RegisterMap::getOutputSize(uint8_t)	16	static
/Users/lehmann/work_dir/work_dir/projects/testbed/robots/BILBO/software/robot/firmware/libraries/stm32_core_cpp_lib/communication/uart_interface/../../utils/core_utils_registermap.h:80:32:virtual register_entry_type_t RegisterMap::getType(uint8_t)	16	static
/Users/lehmann/work_dir/work_dir/projects/testbed/robots/BILBO/software/robot/firmware/libraries/stm32_core_cpp_lib/communication/uart_interface/../../utils/core_utils_registermap.h:84:19:virtual uint16_t RegisterMap::execute(uint8_t, uint8_t*, uint8_t*)	24	static
/Users/lehmann/work_dir/work_dir/projects/testbed/robots/BILBO/software/robot/firmware/libraries/stm32_core_cpp_lib/communication/uart_interface/../../utils/core_utils_registermap.h:88:15:virtual void RegisterMap::write(uint8_t, uint8_t*)	24	static
/Users/lehmann/work_dir/work_dir/projects/testbed/robots/BILBO/software/robot/firmware/libraries/stm32_core_cpp_lib/communication/uart_interface/../../utils/core_utils_registermap.h:92:19:virtual uint16_t RegisterMap::read(uint8_t, uint8_t*)	24	static
/Users/lehmann/work_dir/work_dir/projects/testbed/robots/BILBO/software/robot/firmware/robot/firmware_v1/communication/messages/twipr_messages.h:38:2:BILBO_Message_t::BILBO_Message_t()	16	static
/Users/lehmann/work_dir/work_dir/projects/testbed/robots/BILBO/software/robot/firmware/robot/firmware_v1/communication/twipr_communication.h:47:16:twipr_communication_config_t::twipr_communication_config_t()	16	static
/Users/lehmann/work_dir/work_dir/projects/testbed/robots/BILBO/software/robot/firmware/robot/firmware_v1/communication/twipr_communication.h:33:16:twipr_communication_callbacks_t::twipr_communication_callbacks_t()	16	static
/Users/lehmann/work_dir/work_dir/projects/testbed/robots/BILBO/software/robot/firmware/robot/firmware_v1/communication/twipr_communication.cpp:23:1:TWIPR_CommunicationManager::TWIPR_CommunicationManager()	16	static
/Users/lehmann/work_dir/work_dir/projects/testbed/robots/BILBO/software/robot/firmware/robot/firmware_v1/communication/twipr_communication.cpp:28:6:void TWIPR_CommunicationManager::init(twipr_communication_config_t)	304	static
/Users/lehmann/work_dir/work_dir/projects/testbed/robots/BILBO/software/robot/firmware/robot/firmware_v1/communication/twipr_communication.cpp:77:6:void TWIPR_CommunicationManager::start()	16	static
/Users/lehmann/work_dir/work_dir/projects/testbed/robots/BILBO/software/robot/firmware/libraries/stm32_core_cpp_lib/communication/uart_interface/../../utils/core_utils_Callback.h:14:7:constexpr Callback& Callback::operator=(const Callback&)	16	static
/Users/lehmann/work_dir/work_dir/projects/testbed/robots/BILBO/software/robot/firmware/libraries/stm32_core_cpp_lib/communication/uart_interface/../../utils/core_utils_Callback.h:135:7:constexpr core_utils_Callback<void, short unsigned int>& core_utils_Callback<void, short unsigned int>::operator=(const core_utils_Callback<void, short unsigned int>&)	24	static
/Users/lehmann/work_dir/work_dir/projects/testbed/robots/BILBO/software/robot/firmware/robot/firmware_v1/communication/twipr_communication.cpp:89:6:void TWIPR_CommunicationManager::registerCallback(twipr_communication_callback_id_t, core_utils_Callback<void, short unsigned int>)	24	static
/Users/lehmann/work_dir/work_dir/projects/testbed/robots/BILBO/software/robot/firmware/robot/firmware_v1/communication/twipr_communication.cpp:100:6:void TWIPR_CommunicationManager::resetUART()	16	static
/Users/lehmann/work_dir/work_dir/projects/testbed/robots/BILBO/software/robot/firmware/robot/firmware_v1/communication/twipr_communication.cpp:105:6:void TWIPR_CommunicationManager::_uart_handleMsg_write_callback(core_comm_SerialMessage*)	24	static
/Users/lehmann/work_dir/work_dir/projects/testbed/robots/BILBO/software/robot/firmware/robot/firmware_v1/communication/twipr_communication.cpp:140:6:void TWIPR_CommunicationManager::_uart_handleMsg_read_callback(core_comm_SerialMessage*)	24	static
/Users/lehmann/work_dir/work_dir/projects/testbed/robots/BILBO/software/robot/firmware/robot/firmware_v1/communication/twipr_communication.cpp:174:6:void TWIPR_CommunicationManager::_uart_handleMsg_func_callback(core_comm_SerialMessage*)	24	static
/Users/lehmann/work_dir/work_dir/projects/testbed/robots/BILBO/software/robot/firmware/robot/firmware_v1/communication/twipr_communication.cpp:211:6:void TWIPR_CommunicationManager::_uartResponseError(core_comm_SerialMessage*, uint8_t)	24	static
/Users/lehmann/work_dir/work_dir/projects/testbed/robots/BILBO/software/robot/firmware/robot/firmware_v1/communication/twipr_communication.cpp:223:6:void TWIPR_CommunicationManager::_spi_rxTrajectory_callback(uint16_t)	16	static
/Users/lehmann/work_dir/work_dir/projects/testbed/robots/BILBO/software/robot/firmware/robot/firmware_v1/communication/twipr_communication.cpp:231:6:void TWIPR_CommunicationManager::sampleBufferDMATransfer_callback()	16	static
/Users/lehmann/work_dir/work_dir/projects/testbed/robots/BILBO/software/robot/firmware/robot/firmware_v1/communication/twipr_communication.cpp:237:6:void TWIPR_CommunicationManager::_spi_txSamples_callback(uint16_t)	16	static
/Users/lehmann/work_dir/work_dir/projects/testbed/robots/BILBO/software/robot/firmware/robot/firmware_v1/communication/twipr_communication.cpp:242:6:void TWIPR_CommunicationManager::receiveTrajectory()	16	static
/Users/lehmann/work_dir/work_dir/projects/testbed/robots/BILBO/software/robot/firmware/robot/firmware_v1/communication/twipr_communication.cpp:248:6:void TWIPR_CommunicationManager::provideSampleData(twipr_logging_sample_t*)	16	static
/Users/lehmann/work_dir/work_dir/projects/testbed/robots/BILBO/software/robot/firmware/robot/firmware_v1/communication/twipr_communication.cpp:256:6:void sample_dma_transfer_cmplt_callback(DMA_HandleTypeDef*)	16	static
/Users/lehmann/work_dir/work_dir/projects/testbed/robots/BILBO/software/robot/firmware/robot/firmware_v1/communication/twipr_communication.cpp:261:6:void TWIPR_CommunicationManager::sendMessage(BILBO_Message_t&)	32	static
/Users/lehmann/work_dir/work_dir/projects/testbed/robots/BILBO/software/robot/firmware/robot/firmware_v1/communication/twipr_communication.cpp:268:6:void TWIPR_CommunicationManager::debugPrint(const char*)	24	static
/Users/lehmann/work_dir/work_dir/projects/testbed/robots/BILBO/software/robot/firmware/robot/firmware_v1/communication/twipr_communication.cpp:281:6:)	28	static
/Users/lehmann/work_dir/work_dir/projects/testbed/robots/BILBO/software/robot/firmware/robot/firmware_v1/communication/twipr_communication.cpp:299:6:void TWIPR_CommunicationManager::debugWarning(const char*)	24	static
/Users/lehmann/work_dir/work_dir/projects/testbed/robots/BILBO/software/robot/firmware/robot/firmware_v1/communication/twipr_communication.cpp:312:6:)	28	static
/Users/lehmann/work_dir/work_dir/projects/testbed/robots/BILBO/software/robot/firmware/libraries/stm32_core_cpp_lib/communication/uart_interface/../../utils/core_utils_functionpointer.h:119:2:core_utils_FunctionPointer<R, void>::core_utils_FunctionPointer(R (*)()) [with R = void]	16	static
/Users/lehmann/work_dir/work_dir/projects/testbed/robots/BILBO/software/robot/firmware/libraries/stm32_core_cpp_lib/communication/uart_interface/../../utils/core_utils_functionpointer.h:173:7:R core_utils_FunctionPointer<R, void>::operator()() [with R = void]	16	static
/Users/lehmann/work_dir/work_dir/projects/testbed/robots/BILBO/software/robot/firmware/libraries/stm32_core_cpp_lib/communication/uart_interface/../../utils/core_utils_registermap.h:64:7:RegisterMap::RegisterMap()	16	static
/Users/lehmann/work_dir/work_dir/projects/testbed/robots/BILBO/software/robot/firmware/libraries/stm32_core_cpp_lib/communication/uart_interface/../../utils/core_utils_registermap.h:104:2:core_utils_RegisterMap<size>::core_utils_RegisterMap(uint8_t) [with int size = 255]	16	static
/Users/lehmann/work_dir/work_dir/projects/testbed/robots/BILBO/software/robot/firmware/libraries/stm32_core_cpp_lib/communication/uart_interface/../../utils/core_utils_Callback.h:137:2:core_utils_Callback<void, input_type>::core_utils_Callback() [with input_type = short unsigned int]	16	static
/Users/lehmann/work_dir/work_dir/projects/testbed/robots/BILBO/software/robot/firmware/robot/firmware_v1/communication/messages/twipr_messages.h:53:2:BILBO_Message<data_type_t, msg_type, message_id>::BILBO_Message() [with data_type_t = debug_message_data_t; serial_message_type_t msg_type = MSG_EVENT; unsigned char message_id = 221]	16	static
/Users/lehmann/work_dir/work_dir/projects/testbed/robots/BILBO/software/robot/firmware/libraries/stm32_core_cpp_lib/communication/uart_interface/../../utils/core_utils_Callback.h:146:2:core_utils_Callback<void, input_type>::core_utils_Callback(cls*, void (cls::*)(input_type)) [with cls = TWIPR_CommunicationManager; input_type = core_comm_SerialMessage*]	56	static
/Users/lehmann/work_dir/work_dir/projects/testbed/robots/BILBO/software/robot/firmware/libraries/stm32_core_cpp_lib/communication/uart_interface/../../utils/core_utils_Callback.h:195:2:core_utils_Callback<void, void>::core_utils_Callback(cls*, void (cls::*)()) [with cls = TWIPR_CommunicationManager]	56	static
/Users/lehmann/work_dir/work_dir/projects/testbed/robots/BILBO/software/robot/firmware/libraries/stm32_core_cpp_lib/communication/uart_interface/../../utils/core_utils_Callback.h:146:2:core_utils_Callback<void, input_type>::core_utils_Callback(cls*, void (cls::*)(input_type)) [with cls = TWIPR_CommunicationManager; input_type = short unsigned int]	56	static
/Users/lehmann/work_dir/work_dir/projects/testbed/robots/BILBO/software/robot/firmware/libraries/stm32_core_cpp_lib/communication/uart_interface/../../utils/core_utils_registermap.h:133:7:bool core_utils_RegisterMap<size>::hasEntry(uint8_t) [with int size = 255]	16	static
/Users/lehmann/work_dir/work_dir/projects/testbed/robots/BILBO/software/robot/firmware/libraries/stm32_core_cpp_lib/communication/uart_interface/../../utils/core_utils_registermap.h:150:24:register_entry_type_t core_utils_RegisterMap<size>::getType(uint8_t) [with int size = 255]	16	static
/Users/lehmann/work_dir/work_dir/projects/testbed/robots/BILBO/software/robot/firmware/libraries/stm32_core_cpp_lib/communication/uart_interface/../../utils/core_utils_registermap.h:141:11:uint16_t core_utils_RegisterMap<size>::getInputSize(uint8_t) [with int size = 255]	16	static
/Users/lehmann/work_dir/work_dir/projects/testbed/robots/BILBO/software/robot/firmware/libraries/stm32_core_cpp_lib/communication/uart_interface/../../utils/core_utils_registermap.h:115:7:void core_utils_RegisterMap<size>::write(uint8_t, uint8_t*) [with int size = 255]	24	static
/Users/lehmann/work_dir/work_dir/projects/testbed/robots/BILBO/software/robot/firmware/libraries/stm32_core_cpp_lib/communication/uart_interface/../../utils/core_utils_registermap.h:121:11:uint16_t core_utils_RegisterMap<size>::read(uint8_t, uint8_t*) [with int size = 255]	24	static
/Users/lehmann/work_dir/work_dir/projects/testbed/robots/BILBO/software/robot/firmware/libraries/stm32_core_cpp_lib/communication/uart_interface/../../utils/core_utils_registermap.h:108:11:uint16_t core_utils_RegisterMap<size>::execute(uint8_t, uint8_t*, uint8_t*) [with int size = 255]	24	static
/Users/lehmann/work_dir/work_dir/projects/testbed/robots/BILBO/software/robot/firmware/libraries/stm32_core_cpp_lib/communication/uart_interface/../../utils/core_utils_Callback.h:163:7:void core_utils_Callback<void, input_type>::call(input_type) [with input_type = short unsigned int]	16	static
/Users/lehmann/work_dir/work_dir/projects/testbed/robots/BILBO/software/robot/firmware/libraries/stm32_core_cpp_lib/communication/uart_interface/../../utils/core_utils_functionpointer.h:137:10:void core_utils_FunctionPointer<R, void>::attach(R (*)()) [with R = void]	16	static
/Users/lehmann/work_dir/work_dir/projects/testbed/robots/BILBO/software/robot/firmware/libraries/stm32_core_cpp_lib/communication/uart_interface/../../utils/core_utils_functionpointer.h:156:7:R core_utils_FunctionPointer<R, void>::call() [with R = void]	16	static
/Users/lehmann/work_dir/work_dir/projects/testbed/robots/BILBO/software/robot/firmware/libraries/stm32_core_cpp_lib/communication/uart_interface/../../utils/core_utils_functionpointer.h:33:2:core_utils_FunctionPointer<R, A1>::core_utils_FunctionPointer(R (*)(A1)) [with R = void; A1 = short unsigned int]	16	static
/Users/lehmann/work_dir/work_dir/projects/testbed/robots/BILBO/software/robot/firmware/libraries/stm32_core_cpp_lib/communication/uart_interface/../../utils/core_utils_functionpointer.h:33:2:core_utils_FunctionPointer<R, A1>::core_utils_FunctionPointer(R (*)(A1)) [with R = void; A1 = core_comm_SerialMessage*]	16	static
/Users/lehmann/work_dir/work_dir/projects/testbed/robots/BILBO/software/robot/firmware/libraries/stm32_core_cpp_lib/communication/uart_interface/../../utils/core_utils_functionpointer.h:43:5:core_utils_FunctionPointer<R, A1>::core_utils_FunctionPointer(T*, R (T::*)(A1)) [with T = TWIPR_CommunicationManager; R = void; A1 = core_comm_SerialMessage*]	24	static
/Users/lehmann/work_dir/work_dir/projects/testbed/robots/BILBO/software/robot/firmware/libraries/stm32_core_cpp_lib/communication/uart_interface/../../utils/core_utils_functionpointer.h:129:5:core_utils_FunctionPointer<R, void>::core_utils_FunctionPointer(T*, R (T::*)()) [with T = TWIPR_CommunicationManager; R = void]	24	static
/Users/lehmann/work_dir/work_dir/projects/testbed/robots/BILBO/software/robot/firmware/libraries/stm32_core_cpp_lib/communication/uart_interface/../../utils/core_utils_functionpointer.h:43:5:core_utils_FunctionPointer<R, A1>::core_utils_FunctionPointer(T*, R (T::*)(A1)) [with T = TWIPR_CommunicationManager; R = void; A1 = short unsigned int]	24	static
/Users/lehmann/work_dir/work_dir/projects/testbed/robots/BILBO/software/robot/firmware/libraries/stm32_core_cpp_lib/communication/uart_interface/../../utils/core_utils_functionpointer.h:87:7:R core_utils_FunctionPointer<R, A1>::operator()(A1) [with R = void; A1 = short unsigned int]	16	static
/Users/lehmann/work_dir/work_dir/projects/testbed/robots/BILBO/software/robot/firmware/libraries/stm32_core_cpp_lib/communication/uart_interface/../../utils/core_utils_functionpointer.h:51:10:void core_utils_FunctionPointer<R, A1>::attach(R (*)(A1)) [with R = void; A1 = short unsigned int]	16	static
/Users/lehmann/work_dir/work_dir/projects/testbed/robots/BILBO/software/robot/firmware/libraries/stm32_core_cpp_lib/communication/uart_interface/../../utils/core_utils_functionpointer.h:51:10:void core_utils_FunctionPointer<R, A1>::attach(R (*)(A1)) [with R = void; A1 = core_comm_SerialMessage*]	16	static
/Users/lehmann/work_dir/work_dir/projects/testbed/robots/BILBO/software/robot/firmware/libraries/stm32_core_cpp_lib/communication/uart_interface/../../utils/core_utils_functionpointer.h:62:10:void core_utils_FunctionPointer<R, A1>::attach(T*, R (T::*)(A1)) [with T = TWIPR_CommunicationManager; R = void; A1 = core_comm_SerialMessage*]	24	static
/Users/lehmann/work_dir/work_dir/projects/testbed/robots/BILBO/software/robot/firmware/libraries/stm32_core_cpp_lib/communication/uart_interface/../../utils/core_utils_functionpointer.h:148:10:void core_utils_FunctionPointer<R, void>::attach(T*, R (T::*)()) [with T = TWIPR_CommunicationManager; R = void]	24	static
/Users/lehmann/work_dir/work_dir/projects/testbed/robots/BILBO/software/robot/firmware/libraries/stm32_core_cpp_lib/communication/uart_interface/../../utils/core_utils_functionpointer.h:62:10:void core_utils_FunctionPointer<R, A1>::attach(T*, R (T::*)(A1)) [with T = TWIPR_CommunicationManager; R = void; A1 = short unsigned int]	24	static
/Users/lehmann/work_dir/work_dir/projects/testbed/robots/BILBO/software/robot/firmware/libraries/stm32_core_cpp_lib/communication/uart_interface/../../utils/core_utils_functionpointer.h:70:7:R core_utils_FunctionPointer<R, A1>::call(A1) [with R = void; A1 = short unsigned int]	16	static
/Users/lehmann/work_dir/work_dir/projects/testbed/robots/BILBO/software/robot/firmware/libraries/stm32_core_cpp_lib/communication/uart_interface/../../utils/core_utils_functionpointer.h:96:14:static R core_utils_FunctionPointer<R, A1>::membercaller(void*, uintptr_t*, A1) [with T = TWIPR_CommunicationManager; R = void; A1 = core_comm_SerialMessage*]	32	static
/Users/lehmann/work_dir/work_dir/projects/testbed/robots/BILBO/software/robot/firmware/libraries/stm32_core_cpp_lib/communication/uart_interface/../../utils/core_utils_functionpointer.h:183:14:static R core_utils_FunctionPointer<R, void>::membercaller(void*, uintptr_t*) [with T = TWIPR_CommunicationManager; R = void]	24	static
/Users/lehmann/work_dir/work_dir/projects/testbed/robots/BILBO/software/robot/firmware/libraries/stm32_core_cpp_lib/communication/uart_interface/../../utils/core_utils_functionpointer.h:96:14:static R core_utils_FunctionPointer<R, A1>::membercaller(void*, uintptr_t*, A1) [with T = TWIPR_CommunicationManager; R = void; A1 = short unsigned int]	32	static
/Users/lehmann/work_dir/work_dir/projects/testbed/robots/BILBO/software/robot/firmware/robot/firmware_v1/communication/twipr_communication.cpp:326:1:void __static_initialization_and_destruction_0(int, int)	16	static
/Users/lehmann/work_dir/work_dir/projects/testbed/robots/BILBO/software/robot/firmware/libraries/stm32_core_cpp_lib/communication/uart_interface/../../utils/core_utils_registermap.h:128:7:void core_utils_RegisterMap<size>::addEntry(uint8_t, RegisterEntry*) [with int size = 255]	24	static
/Users/lehmann/work_dir/work_dir/projects/testbed/robots/BILBO/software/robot/firmware/libraries/stm32_core_cpp_lib/communication/uart_interface/../../utils/core_utils_registermap.h:145:11:uint16_t core_utils_RegisterMap<size>::getOutputSize(uint8_t) [with int size = 255]	16	static
/Users/lehmann/work_dir/work_dir/projects/testbed/robots/BILBO/software/robot/firmware/robot/firmware_v1/communication/messages/twipr_messages.h:57:26:core_comm_SerialMessage BILBO_Message<data_type_t, msg_type, message_id>::encode() [with data_type_t = debug_message_data_t; serial_message_type_t msg_type = MSG_EVENT; unsigned char message_id = 221]	16	static
/Users/lehmann/work_dir/work_dir/projects/testbed/robots/BILBO/software/robot/firmware/robot/firmware_v1/communication/twipr_communication.cpp:326:1:cpp)	8	static
