C:\ST\STM32CubeIDE_1.13.2\STM32CubeIDE\plugins\com.st.stm32cube.ide.mcu.externaltools.gnu-tools-for-stm32.12.3.rel1.win32_1.0.200.202406191623\tools\bin/../lib/gcc/arm-none-eabi/12.3.1/../../../../arm-none-eabi/include/c++/12.3.1/bits/std_abs.h:75:3:constexpr float std::abs(float)	16	static
J:/work_dir/work_dir/projects/testbed/robots/TWIPR/software/robot/firmware/libraries/stm32_core_cpp_lib/communication/uart_interface/../../utils/elapsedMillis.h:19:7:void elapsedMillis::reset()	16	static
J:/work_dir/work_dir/projects/testbed/robots/TWIPR/software/robot/firmware/libraries/stm32_core_cpp_lib/communication/uart_interface/../../utils/elapsedMillis.h:22:2:elapsedMillis::elapsedMillis()	16	static
J:/work_dir/work_dir/projects/testbed/robots/TWIPR/software/robot/firmware/libraries/stm32_core_cpp_lib/communication/uart_interface/../../utils/elapsedMillis.h:31:2:elapsedMillis::operator long unsigned int() const	16	static
J:/work_dir/work_dir/projects/testbed/robots/TWIPR/software/robot/firmware/robot/firmware_v1/drive/twipr_drive.cpp:28:6:void startDriveTask(void*)	24	static
J:/work_dir/work_dir/projects/testbed/robots/TWIPR/software/robot/firmware/robot/firmware_v1/drive/twipr_drive.cpp:34:6:void TWIPR_Drive::task()	56	static
J:/work_dir/work_dir/projects/testbed/robots/TWIPR/software/robot/firmware/robot/firmware_v1/drive/twipr_drive.cpp:104:1:TWIPR_Drive::TWIPR_Drive()	16	static
J:/work_dir/work_dir/projects/testbed/robots/TWIPR/software/robot/firmware/robot/firmware_v1/drive/twipr_drive.cpp:109:9:uint8_t TWIPR_Drive::init(twipr_drive_config_t)	56	static
J:/work_dir/work_dir/projects/testbed/robots/TWIPR/software/robot/firmware/robot/firmware_v1/drive/twipr_drive.cpp:170:6:void TWIPR_Drive::start()	16	static
J:/work_dir/work_dir/projects/testbed/robots/TWIPR/software/robot/firmware/robot/firmware_v1/drive/twipr_drive.cpp:176:6:void TWIPR_Drive::stop()	16	static
J:/work_dir/work_dir/projects/testbed/robots/TWIPR/software/robot/firmware/robot/firmware_v1/drive/twipr_drive.cpp:184:9:uint8_t TWIPR_Drive::startup_check()	24	static
J:/work_dir/work_dir/projects/testbed/robots/TWIPR/software/robot/firmware/robot/firmware_v1/drive/twipr_drive.cpp:201:6:void TWIPR_Drive::check()	16	static
J:/work_dir/work_dir/projects/testbed/robots/TWIPR/software/robot/firmware/robot/firmware_v1/drive/twipr_drive.cpp:206:6:void TWIPR_Drive::update()	16	static
J:/work_dir/work_dir/projects/testbed/robots/TWIPR/software/robot/firmware/robot/firmware_v1/drive/twipr_drive.cpp:210:7:float TWIPR_Drive::getVoltage()	24	static
J:/work_dir/work_dir/projects/testbed/robots/TWIPR/software/robot/firmware/robot/firmware_v1/drive/twipr_drive.cpp:218:7:float TWIPR_Drive::_readVoltage()	16	static
J:/work_dir/work_dir/projects/testbed/robots/TWIPR/software/robot/firmware/robot/firmware_v1/drive/twipr_drive.cpp:222:21:twipr_drive_speed_t TWIPR_Drive::getSpeed()	40	static
J:/work_dir/work_dir/projects/testbed/robots/TWIPR/software/robot/firmware/robot/firmware_v1/drive/twipr_drive.cpp:233:6:void TWIPR_Drive::setTorque(twipr_drive_input_t)	24	static
J:/work_dir/work_dir/projects/testbed/robots/TWIPR/software/robot/firmware/robot/firmware_v1/drive/twipr_drive.cpp:251:6:void TWIPR_Drive::setTorque(float, float)	24	static
J:/work_dir/work_dir/projects/testbed/robots/TWIPR/software/robot/firmware/robot/firmware_v1/drive/twipr_drive.cpp:260:6:void TWIPR_Drive::_error_handler(uint32_t)	16	static
J:/work_dir/work_dir/projects/testbed/robots/TWIPR/software/robot/firmware/robot/firmware_v1/drive/twipr_drive.cpp:268:1:void __static_initialization_and_destruction_0(int, int)	16	static
J:/work_dir/work_dir/projects/testbed/robots/TWIPR/software/robot/firmware/robot/firmware_v1/drive/twipr_drive.cpp:268:1:cpp)	8	static
