J:/work_dir/work_dir/projects/testbed/robots/BILBO/software/robot/firmware/boards/control-board/v4/RC_v4_BoardExtender/firmware/utils/elapsedMillis.h:19:7:void elapsedMillis::reset()	16	static
J:/work_dir/work_dir/projects/testbed/robots/BILBO/software/robot/firmware/boards/control-board/v4/RC_v4_BoardExtender/firmware/utils/elapsedMillis.h:22:2:elapsedMillis::elapsedMillis()	16	static
J:/work_dir/work_dir/projects/testbed/robots/BILBO/software/robot/firmware/boards/control-board/v4/RC_v4_BoardExtender/firmware/utils/elapsedMillis.h:25:2:elapsedMillis::elapsedMillis(long unsigned int)	16	static
J:/work_dir/work_dir/projects/testbed/robots/BILBO/software/robot/firmware/boards/control-board/v4/RC_v4_BoardExtender/firmware/utils/elapsedMillis.h:31:2:elapsedMillis::operator long unsigned int() const	16	static
J:/work_dir/work_dir/projects/testbed/robots/BILBO/software/robot/firmware/boards/control-board/v4/RC_v4_BoardExtender/firmware/utils/elapsedMillis.h:38:18:elapsedMillis& elapsedMillis::operator=(long unsigned int)	16	static
../firmware/firmware.cpp:36:6:void firmware_init()	16	static
../firmware/firmware.cpp:81:6:void firmware_update()	8	static
../firmware/firmware.cpp:113:6:void checkUsb()	4	static
../firmware/firmware.cpp:117:6:void checkSD()	8	static
../firmware/firmware.cpp:126:6:void updateStatusLEDFromRegisters()	16	static
../firmware/firmware.cpp:145:6:void updateInternRGBLEDsFromRegisters()	32	static
../firmware/firmware.cpp:177:6:void updateBuzzerFromRegisters()	16	static
../firmware/firmware.cpp:194:6:void set_external_rgb_led(uint8_t, uint8_t, uint8_t)	24	static
../firmware/firmware.cpp:201:6:void set_rgb_led_data(WS2812_LED*, uint8_t, uint8_t, uint8_t, uint8_t, uint8_t, uint8_t)	24	static
../firmware/firmware.cpp:241:1:void __static_initialization_and_destruction_0(int, int)	24	static
../firmware/firmware.cpp:241:1:cpp)	8	static
