/Users/lehmann/work_dir/work_dir/projects/testbed/robots/BILBO/software/robot/firmware/boards/bms/BMS_v3/firmware/utils/core_utils_Callback.h:16:2:Callback::Callback()	16	static
/Users/lehmann/work_dir/work_dir/projects/testbed/robots/BILBO/software/robot/firmware/boards/bms/BMS_v3/firmware/utils/core_utils_Callback.h:20:15:virtual void Callback::call()	16	static
/Users/lehmann/work_dir/work_dir/projects/testbed/robots/BILBO/software/robot/firmware/boards/bms/BMS_v3/firmware/utils/core_utils_Callback.h:24:15:virtual void Callback::call(void*)	16	static
../firmware/i2c/i2c_slave.cpp:13:6:void nop()	4	static
../firmware/i2c/i2c_slave.cpp:17:12:I2C_Slave* get_I2C_slave(I2C_HandleTypeDef*)	24	static
../firmware/i2c/i2c_slave.cpp:26:6:void HAL_I2C_ListenCpltCallback(I2C_HandleTypeDef*)	24	static
../firmware/i2c/i2c_slave.cpp:33:6:void HAL_I2C_AddrCallback(I2C_HandleTypeDef*, uint8_t, uint16_t)	24	static
../firmware/i2c/i2c_slave.cpp:41:6:void HAL_I2C_SlaveRxCpltCallback(I2C_HandleTypeDef*)	24	static
../firmware/i2c/i2c_slave.cpp:48:6:void HAL_I2C_SlaveTxCpltCallback(I2C_HandleTypeDef*)	24	static
../firmware/i2c/i2c_slave.cpp:55:6:void HAL_I2C_ErrorCallback(I2C_HandleTypeDef*)	24	static
../firmware/i2c/i2c_slave.cpp:62:6:void HAL_I2C_AbortCpltCallback(I2C_HandleTypeDef*)	24	static
../firmware/i2c/i2c_slave.h:29:8:I2C_Slave_callbacks::I2C_Slave_callbacks()	16	static
../firmware/i2c/i2c_slave.cpp:70:1:I2C_Slave::I2C_Slave()	16	static
../firmware/i2c/i2c_slave.cpp:74:6:void I2C_Slave::init(i2c_slave_config_t)	16	static
../firmware/i2c/i2c_slave.cpp:85:6:void I2C_Slave::start()	16	static
../firmware/i2c/i2c_slave.cpp:89:6:void I2C_Slave::i2c_addrCallback(uint8_t, uint16_t)	16	static
../firmware/i2c/i2c_slave.cpp:106:6:void I2C_Slave::i2c_listenCompleteCallback()	24	static
../firmware/i2c/i2c_slave.cpp:120:6:void I2C_Slave::i2c_rxCompleteCallback()	16	static
../firmware/i2c/i2c_slave.cpp:128:6:void I2C_Slave::i2c_txCompleteCallback()	16	static
../firmware/i2c/i2c_slave.cpp:135:6:void I2C_Slave::i2c_errorCallback()	16	static
../firmware/i2c/i2c_slave.cpp:139:6:void I2C_Slave::i2c_abortCompleteCallback()	16	static
/Users/lehmann/work_dir/work_dir/projects/testbed/robots/BILBO/software/robot/firmware/boards/bms/BMS_v3/firmware/utils/core_utils_Callback.h:137:2:core_utils_Callback<void, input_type>::core_utils_Callback() [with input_type = unsigned char]	16	static
/Users/lehmann/work_dir/work_dir/projects/testbed/robots/BILBO/software/robot/firmware/boards/bms/BMS_v3/firmware/utils/core_utils_Callback.h:163:7:void core_utils_Callback<void, input_type>::call(input_type) [with input_type = unsigned char]	16	static
/Users/lehmann/work_dir/work_dir/projects/testbed/robots/BILBO/software/robot/firmware/boards/bms/BMS_v3/firmware/utils/core_utils_functionpointer.h:33:2:core_utils_FunctionPointer<R, A1>::core_utils_FunctionPointer(R (*)(A1)) [with R = void; A1 = unsigned char]	16	static
/Users/lehmann/work_dir/work_dir/projects/testbed/robots/BILBO/software/robot/firmware/boards/bms/BMS_v3/firmware/utils/core_utils_functionpointer.h:87:7:R core_utils_FunctionPointer<R, A1>::operator()(A1) [with R = void; A1 = unsigned char]	16	static
/Users/lehmann/work_dir/work_dir/projects/testbed/robots/BILBO/software/robot/firmware/boards/bms/BMS_v3/firmware/utils/core_utils_functionpointer.h:51:10:void core_utils_FunctionPointer<R, A1>::attach(R (*)(A1)) [with R = void; A1 = unsigned char]	16	static
/Users/lehmann/work_dir/work_dir/projects/testbed/robots/BILBO/software/robot/firmware/boards/bms/BMS_v3/firmware/utils/core_utils_functionpointer.h:70:7:R core_utils_FunctionPointer<R, A1>::call(A1) [with R = void; A1 = unsigned char]	16	static
