../Core/Src/main.c:78:5:main	8	static
../Core/Src/main.c:129:6:SystemClock_Config	96	static
../Core/Src/main.c:180:13:MX_I2C1_Init	8	static
../Core/Src/main.c:228:13:MX_I2C2_Init	8	static
../Core/Src/main.c:276:13:MX_TIM1_Init	96	static
../Core/Src/main.c:346:13:MX_TIM2_Init	48	static
../Core/Src/main.c:395:13:MX_TIM15_Init	96	static
../Core/Src/main.c:458:13:MX_DMA_Init	16	static
../Core/Src/main.c:479:13:MX_GPIO_Init	40	static
../Core/Src/main.c:533:6:Error_Handler	4	static,ignoring_inline_asm
