J:/work_dir/work_dir/projects/testbed/robots/TWIPR/software/robot/firmware/libraries/stm32_core_cpp_lib/communication/uart_interface/../../utils/core_utils_Callback.h:16:2:Callback::Callback()	16	static
J:/work_dir/work_dir/projects/testbed/robots/TWIPR/software/robot/firmware/libraries/stm32_core_cpp_lib/communication/uart_interface/../../utils/core_utils_Callback.h:20:15:virtual void Callback::call()	16	static
J:/work_dir/work_dir/projects/testbed/robots/TWIPR/software/robot/firmware/libraries/stm32_core_cpp_lib/communication/uart_interface/../../utils/core_utils_Callback.h:24:15:virtual void Callback::call(void*)	16	static
J:/work_dir/work_dir/projects/testbed/robots/TWIPR/software/robot/firmware/libraries/stm32_core_cpp_lib/communication/uart_interface/../../utils/core_utils_registermap.h:32:19:virtual uint16_t RegisterEntry::getInputSize()	16	static
J:/work_dir/work_dir/projects/testbed/robots/TWIPR/software/robot/firmware/libraries/stm32_core_cpp_lib/communication/uart_interface/../../utils/core_utils_registermap.h:36:19:virtual uint16_t RegisterEntry::getOutputSize()	16	static
J:/work_dir/work_dir/projects/testbed/robots/TWIPR/software/robot/firmware/libraries/stm32_core_cpp_lib/communication/uart_interface/../../utils/core_utils_registermap.h:40:15:virtual void RegisterEntry::execute()	16	static
J:/work_dir/work_dir/projects/testbed/robots/TWIPR/software/robot/firmware/libraries/stm32_core_cpp_lib/communication/uart_interface/../../utils/core_utils_registermap.h:44:19:virtual uint16_t RegisterEntry::execute(uint8_t*, uint8_t*)	24	static
J:/work_dir/work_dir/projects/testbed/robots/TWIPR/software/robot/firmware/libraries/stm32_core_cpp_lib/communication/uart_interface/../../utils/core_utils_registermap.h:48:15:virtual void RegisterEntry::write(uint8_t*)	16	static
J:/work_dir/work_dir/projects/testbed/robots/TWIPR/software/robot/firmware/libraries/stm32_core_cpp_lib/communication/uart_interface/../../utils/core_utils_registermap.h:52:19:virtual uint16_t RegisterEntry::read(uint8_t*)	16	static
J:/work_dir/work_dir/projects/testbed/robots/TWIPR/software/robot/firmware/libraries/stm32_core_cpp_lib/communication/uart_interface/../../utils/core_utils_registermap.h:56:32:virtual register_entry_type_t RegisterEntry::getType()	16	static
J:/work_dir/work_dir/projects/testbed/robots/TWIPR/software/robot/firmware/libraries/stm32_core_cpp_lib/communication/uart_interface/../../utils/core_utils_registermap.h:30:7:RegisterEntry::RegisterEntry()	16	static
J:/work_dir/work_dir/projects/testbed/robots/TWIPR/software/robot/firmware/libraries/stm32_core_cpp_lib/communication/uart_interface/../../utils/core_utils_Callback.h:14:7:constexpr Callback& Callback::operator=(Callback&&)	16	static
J:/work_dir/work_dir/projects/testbed/robots/TWIPR/software/robot/firmware/libraries/stm32_core_cpp_lib/communication/uart_interface/../../utils/elapsedMillis.h:19:7:void elapsedMillis::reset()	16	static
J:/work_dir/work_dir/projects/testbed/robots/TWIPR/software/robot/firmware/libraries/stm32_core_cpp_lib/communication/uart_interface/../../utils/elapsedMillis.h:22:2:elapsedMillis::elapsedMillis()	16	static
J:/work_dir/work_dir/projects/testbed/robots/TWIPR/software/robot/firmware/libraries/stm32_core_cpp_lib/communication/uart_interface/../../utils/elapsedMillis.h:31:2:elapsedMillis::operator long unsigned int() const	16	static
J:/work_dir/work_dir/projects/testbed/robots/TWIPR/software/robot/firmware/libraries/stm32_core_cpp_lib/communication/uart_interface/../../utils/core_utils.h:24:13:void nop()	4	static
J:/work_dir/work_dir/projects/testbed/robots/TWIPR/software/robot/firmware/robot/firmware_v1/firmware.cpp:68:6:void firmware()	8	static
J:/work_dir/work_dir/projects/testbed/robots/TWIPR/software/robot/firmware/robot/firmware_v1/firmware.cpp:76:6:void start_firmware_task(void*)	24	static
J:/work_dir/work_dir/projects/testbed/robots/TWIPR/software/robot/firmware/robot/firmware_v1/communication/twipr_communication.h:46:7:TWIPR_CommunicationManager::~TWIPR_CommunicationManager()	16	static
J:/work_dir/work_dir/projects/testbed/robots/TWIPR/software/robot/firmware/robot/firmware_v1/firmware.cpp:85:1:TWIPR_Firmware::TWIPR_Firmware()	16	static
J:/work_dir/work_dir/projects/testbed/robots/TWIPR/software/robot/firmware/robot/firmware_v1/firmware.cpp:92:6:void TWIPR_Firmware::helperTask()	24	static
J:/work_dir/work_dir/projects/testbed/robots/TWIPR/software/robot/firmware/robot/firmware_v1/firmware.cpp:134:19:HAL_StatusTypeDef TWIPR_Firmware::init()	224	static
J:/work_dir/work_dir/projects/testbed/robots/TWIPR/software/robot/firmware/robot/firmware_v1/firmware.cpp:267:19:HAL_StatusTypeDef TWIPR_Firmware::start()	24	static
J:/work_dir/work_dir/projects/testbed/robots/TWIPR/software/robot/firmware/robot/firmware_v1/firmware.cpp:308:6:void TWIPR_Firmware::controlTask()	24	static
J:/work_dir/work_dir/projects/testbed/robots/TWIPR/software/robot/firmware/robot/firmware_v1/firmware.cpp:339:6:void TWIPR_Firmware::controlTaskStep()	24	static
J:/work_dir/work_dir/projects/testbed/robots/TWIPR/software/robot/firmware/robot/firmware_v1/firmware.cpp:394:6:void TWIPR_Firmware::errorHandler(twipr_error_t)	16	static
J:/work_dir/work_dir/projects/testbed/robots/TWIPR/software/robot/firmware/robot/firmware_v1/firmware.cpp:414:6:void start_firmware_control_task(void*)	24	static
J:/work_dir/work_dir/projects/testbed/robots/TWIPR/software/robot/firmware/robot/firmware_v1/firmware.cpp:423:25:twipr_logging_general_t TWIPR_Firmware::getSample()	16	static
J:/work_dir/work_dir/projects/testbed/robots/TWIPR/software/robot/firmware/robot/firmware_v1/firmware.cpp:441:6:void TWIPR_Firmware::setControlModeLed()	16	static
J:/work_dir/work_dir/projects/testbed/robots/TWIPR/software/robot/firmware/robot/firmware_v1/firmware.cpp:458:9:uint8_t TWIPR_Firmware::debug(uint8_t)	16	static
J:/work_dir/work_dir/projects/testbed/robots/TWIPR/software/robot/firmware/libraries/stm32_core_cpp_lib/communication/uart_interface/../../utils/core_utils_registermap.h:382:2:core_utils_RegisterEntry<output_type, void>::core_utils_RegisterEntry(RegisterMap*, uint8_t, output_type*) [with output_type = twipr_firmware_state_t]	24	static
J:/work_dir/work_dir/projects/testbed/robots/TWIPR/software/robot/firmware/libraries/stm32_core_cpp_lib/communication/uart_interface/../../utils/core_utils_registermap.h:382:2:core_utils_RegisterEntry<output_type, void>::core_utils_RegisterEntry(RegisterMap*, uint8_t, output_type*) [with output_type = long unsigned int]	24	static
J:/work_dir/work_dir/projects/testbed/robots/TWIPR/software/robot/firmware/libraries/stm32_core_cpp_lib/communication/uart_interface/../../utils/core_utils_registermap.h:382:2:core_utils_RegisterEntry<output_type, void>::core_utils_RegisterEntry(RegisterMap*, uint8_t, output_type*) [with output_type = twipr_firmware_revision_t]	24	static
J:/work_dir/work_dir/projects/testbed/robots/TWIPR/software/robot/firmware/libraries/stm32_core_cpp_lib/communication/uart_interface/../../utils/core_utils_Callback.h:32:7:constexpr core_utils_Callback<unsigned char, unsigned char>& core_utils_Callback<unsigned char, unsigned char>::operator=(core_utils_Callback<unsigned char, unsigned char>&&)	24	static
J:/work_dir/work_dir/projects/testbed/robots/TWIPR/software/robot/firmware/libraries/stm32_core_cpp_lib/communication/uart_interface/../../utils/core_utils_registermap.h:192:2:core_utils_RegisterEntry<output_type, input_type>::core_utils_RegisterEntry(RegisterMap*, uint8_t, cls*, output_type (cls::*)(input_type)) [with cls = TWIPR_Firmware; output_type = unsigned char; input_type = unsigned char]	64	static
J:/work_dir/work_dir/projects/testbed/robots/TWIPR/software/robot/firmware/libraries/stm32_core_cpp_lib/communication/uart_interface/../../utils/core_utils_Callback.h:109:7:constexpr core_utils_Callback<void, buzzer_beep_struct_t>& core_utils_Callback<void, buzzer_beep_struct_t>::operator=(core_utils_Callback<void, buzzer_beep_struct_t>&&)	24	static
J:/work_dir/work_dir/projects/testbed/robots/TWIPR/software/robot/firmware/libraries/stm32_core_cpp_lib/communication/uart_interface/../../utils/core_utils_registermap.h:302:2:core_utils_RegisterEntry<void, input_type>::core_utils_RegisterEntry(RegisterMap*, uint8_t, cls*, void (cls::*)(input_type)) [with cls = RobotControl_Buzzer; input_type = buzzer_beep_struct_t]	64	static
J:/work_dir/work_dir/projects/testbed/robots/TWIPR/software/robot/firmware/libraries/stm32_core_cpp_lib/communication/uart_interface/../../utils/core_utils_registermap.h:382:2:core_utils_RegisterEntry<output_type, void>::core_utils_RegisterEntry(RegisterMap*, uint8_t, output_type*) [with output_type = unsigned char]	24	static
J:/work_dir/work_dir/projects/testbed/robots/TWIPR/software/robot/firmware/libraries/stm32_core_cpp_lib/communication/uart_interface/../../utils/core_utils_registermap.h:180:2:core_utils_RegisterEntry<output_type, input_type>::core_utils_RegisterEntry(RegisterMap*, uint8_t, input_type*) [with output_type = float; input_type = float]	24	static
J:/work_dir/work_dir/projects/testbed/robots/TWIPR/software/robot/firmware/libraries/stm32_core_cpp_lib/communication/uart_interface/../../utils/core_utils_registermap.h:382:2:core_utils_RegisterEntry<output_type, void>::core_utils_RegisterEntry(RegisterMap*, uint8_t, output_type*) [with output_type = twipr_control_mode_t]	24	static
J:/work_dir/work_dir/projects/testbed/robots/TWIPR/software/robot/firmware/libraries/stm32_core_cpp_lib/communication/uart_interface/../../utils/core_utils_Callback.h:32:7:constexpr core_utils_Callback<unsigned char, twipr_control_mode_t>& core_utils_Callback<unsigned char, twipr_control_mode_t>::operator=(core_utils_Callback<unsigned char, twipr_control_mode_t>&&)	24	static
J:/work_dir/work_dir/projects/testbed/robots/TWIPR/software/robot/firmware/libraries/stm32_core_cpp_lib/communication/uart_interface/../../utils/core_utils_registermap.h:192:2:core_utils_RegisterEntry<output_type, input_type>::core_utils_RegisterEntry(RegisterMap*, uint8_t, cls*, output_type (cls::*)(input_type)) [with cls = TWIPR_ControlManager; output_type = unsigned char; input_type = twipr_control_mode_t]	64	static
J:/work_dir/work_dir/projects/testbed/robots/TWIPR/software/robot/firmware/libraries/stm32_core_cpp_lib/communication/uart_interface/../../utils/core_utils_Callback.h:32:7:constexpr core_utils_Callback<unsigned char, float [8]>& core_utils_Callback<unsigned char, float [8]>::operator=(core_utils_Callback<unsigned char, float [8]>&&)	24	static
J:/work_dir/work_dir/projects/testbed/robots/TWIPR/software/robot/firmware/libraries/stm32_core_cpp_lib/communication/uart_interface/../../utils/core_utils_registermap.h:192:2:core_utils_RegisterEntry<output_type, input_type>::core_utils_RegisterEntry(RegisterMap*, uint8_t, cls*, output_type (cls::*)(input_type)) [with cls = TWIPR_ControlManager; output_type = unsigned char; input_type = float [8]]	64	static
J:/work_dir/work_dir/projects/testbed/robots/TWIPR/software/robot/firmware/libraries/stm32_core_cpp_lib/communication/uart_interface/../../utils/core_utils_Callback.h:109:7:constexpr core_utils_Callback<void, twipr_control_direct_input_t>& core_utils_Callback<void, twipr_control_direct_input_t>::operator=(core_utils_Callback<void, twipr_control_direct_input_t>&&)	24	static
J:/work_dir/work_dir/projects/testbed/robots/TWIPR/software/robot/firmware/libraries/stm32_core_cpp_lib/communication/uart_interface/../../utils/core_utils_registermap.h:302:2:core_utils_RegisterEntry<void, input_type>::core_utils_RegisterEntry(RegisterMap*, uint8_t, cls*, void (cls::*)(input_type)) [with cls = TWIPR_ControlManager; input_type = twipr_control_direct_input_t]	64	static
J:/work_dir/work_dir/projects/testbed/robots/TWIPR/software/robot/firmware/libraries/stm32_core_cpp_lib/communication/uart_interface/../../utils/core_utils_Callback.h:109:7:constexpr core_utils_Callback<void, twipr_balancing_control_input_t>& core_utils_Callback<void, twipr_balancing_control_input_t>::operator=(core_utils_Callback<void, twipr_balancing_control_input_t>&&)	24	static
J:/work_dir/work_dir/projects/testbed/robots/TWIPR/software/robot/firmware/libraries/stm32_core_cpp_lib/communication/uart_interface/../../utils/core_utils_registermap.h:302:2:core_utils_RegisterEntry<void, input_type>::core_utils_RegisterEntry(RegisterMap*, uint8_t, cls*, void (cls::*)(input_type)) [with cls = TWIPR_ControlManager; input_type = twipr_balancing_control_input_t]	64	static
J:/work_dir/work_dir/projects/testbed/robots/TWIPR/software/robot/firmware/libraries/stm32_core_cpp_lib/communication/uart_interface/../../utils/core_utils_Callback.h:109:7:constexpr core_utils_Callback<void, twipr_speed_control_input_t>& core_utils_Callback<void, twipr_speed_control_input_t>::operator=(core_utils_Callback<void, twipr_speed_control_input_t>&&)	24	static
J:/work_dir/work_dir/projects/testbed/robots/TWIPR/software/robot/firmware/libraries/stm32_core_cpp_lib/communication/uart_interface/../../utils/core_utils_registermap.h:302:2:core_utils_RegisterEntry<void, input_type>::core_utils_RegisterEntry(RegisterMap*, uint8_t, cls*, void (cls::*)(input_type)) [with cls = TWIPR_ControlManager; input_type = twipr_speed_control_input_t]	64	static
J:/work_dir/work_dir/projects/testbed/robots/TWIPR/software/robot/firmware/libraries/stm32_core_cpp_lib/communication/uart_interface/../../utils/core_utils_Callback.h:32:7:constexpr core_utils_Callback<unsigned char, float [3]>& core_utils_Callback<unsigned char, float [3]>::operator=(core_utils_Callback<unsigned char, float [3]>&&)	24	static
J:/work_dir/work_dir/projects/testbed/robots/TWIPR/software/robot/firmware/libraries/stm32_core_cpp_lib/communication/uart_interface/../../utils/core_utils_registermap.h:192:2:core_utils_RegisterEntry<output_type, input_type>::core_utils_RegisterEntry(RegisterMap*, uint8_t, cls*, output_type (cls::*)(input_type)) [with cls = TWIPR_ControlManager; output_type = unsigned char; input_type = float [3]]	64	static
J:/work_dir/work_dir/projects/testbed/robots/TWIPR/software/robot/firmware/libraries/stm32_core_cpp_lib/communication/uart_interface/../../utils/core_utils_Callback.h:72:7:constexpr core_utils_Callback<twipr_control_configuration_t, void>& core_utils_Callback<twipr_control_configuration_t, void>::operator=(core_utils_Callback<twipr_control_configuration_t, void>&&)	24	static
J:/work_dir/work_dir/projects/testbed/robots/TWIPR/software/robot/firmware/libraries/stm32_core_cpp_lib/communication/uart_interface/../../utils/core_utils_registermap.h:393:2:core_utils_RegisterEntry<output_type, void>::core_utils_RegisterEntry(RegisterMap*, uint8_t, cls*, output_type (cls::*)()) [with cls = TWIPR_ControlManager; output_type = twipr_control_configuration_t]	64	static
J:/work_dir/work_dir/projects/testbed/robots/TWIPR/software/robot/firmware/libraries/stm32_core_cpp_lib/communication/uart_interface/../../utils/core_utils_Callback.h:74:2:core_utils_Callback<output_type, void>::core_utils_Callback() [with output_type = twipr_firmware_state_t]	16	static
J:/work_dir/work_dir/projects/testbed/robots/TWIPR/software/robot/firmware/libraries/stm32_core_cpp_lib/communication/uart_interface/../../utils/core_utils_Callback.h:74:2:core_utils_Callback<output_type, void>::core_utils_Callback() [with output_type = long unsigned int]	16	static
J:/work_dir/work_dir/projects/testbed/robots/TWIPR/software/robot/firmware/libraries/stm32_core_cpp_lib/communication/uart_interface/../../utils/core_utils_Callback.h:74:2:core_utils_Callback<output_type, void>::core_utils_Callback() [with output_type = twipr_firmware_revision_t]	16	static
J:/work_dir/work_dir/projects/testbed/robots/TWIPR/software/robot/firmware/libraries/stm32_core_cpp_lib/communication/uart_interface/../../utils/core_utils_Callback.h:34:2:core_utils_Callback<output_type, input_type>::core_utils_Callback() [with output_type = unsigned char; input_type = unsigned char]	16	static
J:/work_dir/work_dir/projects/testbed/robots/TWIPR/software/robot/firmware/libraries/stm32_core_cpp_lib/communication/uart_interface/../../utils/core_utils_Callback.h:44:2:core_utils_Callback<output_type, input_type>::core_utils_Callback(cls*, output_type (cls::*)(input_type)) [with cls = TWIPR_Firmware; output_type = unsigned char; input_type = unsigned char]	56	static
J:/work_dir/work_dir/projects/testbed/robots/TWIPR/software/robot/firmware/libraries/stm32_core_cpp_lib/communication/uart_interface/../../utils/core_utils_Callback.h:111:2:core_utils_Callback<void, input_type>::core_utils_Callback() [with input_type = buzzer_beep_struct_t]	16	static
J:/work_dir/work_dir/projects/testbed/robots/TWIPR/software/robot/firmware/libraries/stm32_core_cpp_lib/communication/uart_interface/../../utils/core_utils_Callback.h:120:2:core_utils_Callback<void, input_type>::core_utils_Callback(cls*, void (cls::*)(input_type)) [with cls = RobotControl_Buzzer; input_type = buzzer_beep_struct_t]	56	static
J:/work_dir/work_dir/projects/testbed/robots/TWIPR/software/robot/firmware/libraries/stm32_core_cpp_lib/communication/uart_interface/../../utils/core_utils_Callback.h:74:2:core_utils_Callback<output_type, void>::core_utils_Callback() [with output_type = unsigned char]	16	static
J:/work_dir/work_dir/projects/testbed/robots/TWIPR/software/robot/firmware/libraries/stm32_core_cpp_lib/communication/uart_interface/../../utils/core_utils_Callback.h:34:2:core_utils_Callback<output_type, input_type>::core_utils_Callback() [with output_type = float; input_type = float]	16	static
J:/work_dir/work_dir/projects/testbed/robots/TWIPR/software/robot/firmware/libraries/stm32_core_cpp_lib/communication/uart_interface/../../utils/core_utils_Callback.h:74:2:core_utils_Callback<output_type, void>::core_utils_Callback() [with output_type = twipr_control_mode_t]	16	static
J:/work_dir/work_dir/projects/testbed/robots/TWIPR/software/robot/firmware/libraries/stm32_core_cpp_lib/communication/uart_interface/../../utils/core_utils_Callback.h:34:2:core_utils_Callback<output_type, input_type>::core_utils_Callback() [with output_type = unsigned char; input_type = twipr_control_mode_t]	16	static
J:/work_dir/work_dir/projects/testbed/robots/TWIPR/software/robot/firmware/libraries/stm32_core_cpp_lib/communication/uart_interface/../../utils/core_utils_Callback.h:44:2:core_utils_Callback<output_type, input_type>::core_utils_Callback(cls*, output_type (cls::*)(input_type)) [with cls = TWIPR_ControlManager; output_type = unsigned char; input_type = twipr_control_mode_t]	56	static
J:/work_dir/work_dir/projects/testbed/robots/TWIPR/software/robot/firmware/libraries/stm32_core_cpp_lib/communication/uart_interface/../../utils/core_utils_Callback.h:34:2:core_utils_Callback<output_type, input_type>::core_utils_Callback() [with output_type = unsigned char; input_type = float [8]]	16	static
J:/work_dir/work_dir/projects/testbed/robots/TWIPR/software/robot/firmware/libraries/stm32_core_cpp_lib/communication/uart_interface/../../utils/core_utils_Callback.h:44:2:core_utils_Callback<output_type, input_type>::core_utils_Callback(cls*, output_type (cls::*)(input_type)) [with cls = TWIPR_ControlManager; output_type = unsigned char; input_type = float [8]]	56	static
J:/work_dir/work_dir/projects/testbed/robots/TWIPR/software/robot/firmware/libraries/stm32_core_cpp_lib/communication/uart_interface/../../utils/core_utils_Callback.h:111:2:core_utils_Callback<void, input_type>::core_utils_Callback() [with input_type = twipr_control_direct_input_t]	16	static
J:/work_dir/work_dir/projects/testbed/robots/TWIPR/software/robot/firmware/libraries/stm32_core_cpp_lib/communication/uart_interface/../../utils/core_utils_Callback.h:120:2:core_utils_Callback<void, input_type>::core_utils_Callback(cls*, void (cls::*)(input_type)) [with cls = TWIPR_ControlManager; input_type = twipr_control_direct_input_t]	56	static
J:/work_dir/work_dir/projects/testbed/robots/TWIPR/software/robot/firmware/libraries/stm32_core_cpp_lib/communication/uart_interface/../../utils/core_utils_Callback.h:111:2:core_utils_Callback<void, input_type>::core_utils_Callback() [with input_type = twipr_balancing_control_input_t]	16	static
J:/work_dir/work_dir/projects/testbed/robots/TWIPR/software/robot/firmware/libraries/stm32_core_cpp_lib/communication/uart_interface/../../utils/core_utils_Callback.h:120:2:core_utils_Callback<void, input_type>::core_utils_Callback(cls*, void (cls::*)(input_type)) [with cls = TWIPR_ControlManager; input_type = twipr_balancing_control_input_t]	56	static
J:/work_dir/work_dir/projects/testbed/robots/TWIPR/software/robot/firmware/libraries/stm32_core_cpp_lib/communication/uart_interface/../../utils/core_utils_Callback.h:111:2:core_utils_Callback<void, input_type>::core_utils_Callback() [with input_type = twipr_speed_control_input_t]	16	static
J:/work_dir/work_dir/projects/testbed/robots/TWIPR/software/robot/firmware/libraries/stm32_core_cpp_lib/communication/uart_interface/../../utils/core_utils_Callback.h:120:2:core_utils_Callback<void, input_type>::core_utils_Callback(cls*, void (cls::*)(input_type)) [with cls = TWIPR_ControlManager; input_type = twipr_speed_control_input_t]	56	static
J:/work_dir/work_dir/projects/testbed/robots/TWIPR/software/robot/firmware/libraries/stm32_core_cpp_lib/communication/uart_interface/../../utils/core_utils_Callback.h:34:2:core_utils_Callback<output_type, input_type>::core_utils_Callback() [with output_type = unsigned char; input_type = float [3]]	16	static
J:/work_dir/work_dir/projects/testbed/robots/TWIPR/software/robot/firmware/libraries/stm32_core_cpp_lib/communication/uart_interface/../../utils/core_utils_Callback.h:44:2:core_utils_Callback<output_type, input_type>::core_utils_Callback(cls*, output_type (cls::*)(input_type)) [with cls = TWIPR_ControlManager; output_type = unsigned char; input_type = float [3]]	56	static
J:/work_dir/work_dir/projects/testbed/robots/TWIPR/software/robot/firmware/libraries/stm32_core_cpp_lib/communication/uart_interface/../../utils/core_utils_Callback.h:74:2:core_utils_Callback<output_type, void>::core_utils_Callback() [with output_type = twipr_control_configuration_t]	16	static
J:/work_dir/work_dir/projects/testbed/robots/TWIPR/software/robot/firmware/libraries/stm32_core_cpp_lib/communication/uart_interface/../../utils/core_utils_Callback.h:83:2:core_utils_Callback<output_type, void>::core_utils_Callback(cls*, output_type (cls::*)()) [with cls = TWIPR_ControlManager; output_type = twipr_control_configuration_t]	56	static
J:/work_dir/work_dir/projects/testbed/robots/TWIPR/software/robot/firmware/libraries/stm32_core_cpp_lib/communication/uart_interface/../../utils/core_utils_functionpointer.h:119:2:core_utils_FunctionPointer<R, void>::core_utils_FunctionPointer(R (*)()) [with R = twipr_firmware_state_t]	16	static
J:/work_dir/work_dir/projects/testbed/robots/TWIPR/software/robot/firmware/libraries/stm32_core_cpp_lib/communication/uart_interface/../../utils/core_utils_functionpointer.h:119:2:core_utils_FunctionPointer<R, void>::core_utils_FunctionPointer(R (*)()) [with R = long unsigned int]	16	static
J:/work_dir/work_dir/projects/testbed/robots/TWIPR/software/robot/firmware/libraries/stm32_core_cpp_lib/communication/uart_interface/../../utils/core_utils_functionpointer.h:119:2:core_utils_FunctionPointer<R, void>::core_utils_FunctionPointer(R (*)()) [with R = twipr_firmware_revision_t]	16	static
J:/work_dir/work_dir/projects/testbed/robots/TWIPR/software/robot/firmware/libraries/stm32_core_cpp_lib/communication/uart_interface/../../utils/core_utils_functionpointer.h:33:2:core_utils_FunctionPointer<R, A1>::core_utils_FunctionPointer(R (*)(A1)) [with R = unsigned char; A1 = unsigned char]	16	static
J:/work_dir/work_dir/projects/testbed/robots/TWIPR/software/robot/firmware/libraries/stm32_core_cpp_lib/communication/uart_interface/../../utils/core_utils_functionpointer.h:43:5:core_utils_FunctionPointer<R, A1>::core_utils_FunctionPointer(T*, R (T::*)(A1)) [with T = TWIPR_Firmware; R = unsigned char; A1 = unsigned char]	24	static
J:/work_dir/work_dir/projects/testbed/robots/TWIPR/software/robot/firmware/libraries/stm32_core_cpp_lib/communication/uart_interface/../../utils/core_utils_functionpointer.h:33:2:core_utils_FunctionPointer<R, A1>::core_utils_FunctionPointer(R (*)(A1)) [with R = void; A1 = buzzer_beep_struct_t]	16	static
J:/work_dir/work_dir/projects/testbed/robots/TWIPR/software/robot/firmware/libraries/stm32_core_cpp_lib/communication/uart_interface/../../utils/core_utils_functionpointer.h:43:5:core_utils_FunctionPointer<R, A1>::core_utils_FunctionPointer(T*, R (T::*)(A1)) [with T = RobotControl_Buzzer; R = void; A1 = buzzer_beep_struct_t]	24	static
J:/work_dir/work_dir/projects/testbed/robots/TWIPR/software/robot/firmware/libraries/stm32_core_cpp_lib/communication/uart_interface/../../utils/core_utils_functionpointer.h:119:2:core_utils_FunctionPointer<R, void>::core_utils_FunctionPointer(R (*)()) [with R = unsigned char]	16	static
J:/work_dir/work_dir/projects/testbed/robots/TWIPR/software/robot/firmware/libraries/stm32_core_cpp_lib/communication/uart_interface/../../utils/core_utils_functionpointer.h:33:2:core_utils_FunctionPointer<R, A1>::core_utils_FunctionPointer(R (*)(A1)) [with R = float; A1 = float]	16	static
J:/work_dir/work_dir/projects/testbed/robots/TWIPR/software/robot/firmware/libraries/stm32_core_cpp_lib/communication/uart_interface/../../utils/core_utils_functionpointer.h:119:2:core_utils_FunctionPointer<R, void>::core_utils_FunctionPointer(R (*)()) [with R = twipr_control_mode_t]	16	static
J:/work_dir/work_dir/projects/testbed/robots/TWIPR/software/robot/firmware/libraries/stm32_core_cpp_lib/communication/uart_interface/../../utils/core_utils_functionpointer.h:33:2:core_utils_FunctionPointer<R, A1>::core_utils_FunctionPointer(R (*)(A1)) [with R = unsigned char; A1 = twipr_control_mode_t]	16	static
J:/work_dir/work_dir/projects/testbed/robots/TWIPR/software/robot/firmware/libraries/stm32_core_cpp_lib/communication/uart_interface/../../utils/core_utils_functionpointer.h:43:5:core_utils_FunctionPointer<R, A1>::core_utils_FunctionPointer(T*, R (T::*)(A1)) [with T = TWIPR_ControlManager; R = unsigned char; A1 = twipr_control_mode_t]	24	static
J:/work_dir/work_dir/projects/testbed/robots/TWIPR/software/robot/firmware/libraries/stm32_core_cpp_lib/communication/uart_interface/../../utils/core_utils_functionpointer.h:33:2:core_utils_FunctionPointer<R, A1>::core_utils_FunctionPointer(R (*)(A1)) [with R = unsigned char; A1 = float [8]]	16	static
J:/work_dir/work_dir/projects/testbed/robots/TWIPR/software/robot/firmware/libraries/stm32_core_cpp_lib/communication/uart_interface/../../utils/core_utils_functionpointer.h:43:5:core_utils_FunctionPointer<R, A1>::core_utils_FunctionPointer(T*, R (T::*)(A1)) [with T = TWIPR_ControlManager; R = unsigned char; A1 = float [8]]	24	static
J:/work_dir/work_dir/projects/testbed/robots/TWIPR/software/robot/firmware/libraries/stm32_core_cpp_lib/communication/uart_interface/../../utils/core_utils_functionpointer.h:33:2:core_utils_FunctionPointer<R, A1>::core_utils_FunctionPointer(R (*)(A1)) [with R = void; A1 = twipr_control_direct_input_t]	16	static
J:/work_dir/work_dir/projects/testbed/robots/TWIPR/software/robot/firmware/libraries/stm32_core_cpp_lib/communication/uart_interface/../../utils/core_utils_functionpointer.h:43:5:core_utils_FunctionPointer<R, A1>::core_utils_FunctionPointer(T*, R (T::*)(A1)) [with T = TWIPR_ControlManager; R = void; A1 = twipr_control_direct_input_t]	24	static
J:/work_dir/work_dir/projects/testbed/robots/TWIPR/software/robot/firmware/libraries/stm32_core_cpp_lib/communication/uart_interface/../../utils/core_utils_functionpointer.h:33:2:core_utils_FunctionPointer<R, A1>::core_utils_FunctionPointer(R (*)(A1)) [with R = void; A1 = twipr_balancing_control_input_t]	16	static
J:/work_dir/work_dir/projects/testbed/robots/TWIPR/software/robot/firmware/libraries/stm32_core_cpp_lib/communication/uart_interface/../../utils/core_utils_functionpointer.h:43:5:core_utils_FunctionPointer<R, A1>::core_utils_FunctionPointer(T*, R (T::*)(A1)) [with T = TWIPR_ControlManager; R = void; A1 = twipr_balancing_control_input_t]	24	static
J:/work_dir/work_dir/projects/testbed/robots/TWIPR/software/robot/firmware/libraries/stm32_core_cpp_lib/communication/uart_interface/../../utils/core_utils_functionpointer.h:33:2:core_utils_FunctionPointer<R, A1>::core_utils_FunctionPointer(R (*)(A1)) [with R = void; A1 = twipr_speed_control_input_t]	16	static
J:/work_dir/work_dir/projects/testbed/robots/TWIPR/software/robot/firmware/libraries/stm32_core_cpp_lib/communication/uart_interface/../../utils/core_utils_functionpointer.h:43:5:core_utils_FunctionPointer<R, A1>::core_utils_FunctionPointer(T*, R (T::*)(A1)) [with T = TWIPR_ControlManager; R = void; A1 = twipr_speed_control_input_t]	24	static
J:/work_dir/work_dir/projects/testbed/robots/TWIPR/software/robot/firmware/libraries/stm32_core_cpp_lib/communication/uart_interface/../../utils/core_utils_functionpointer.h:33:2:core_utils_FunctionPointer<R, A1>::core_utils_FunctionPointer(R (*)(A1)) [with R = unsigned char; A1 = float [3]]	16	static
J:/work_dir/work_dir/projects/testbed/robots/TWIPR/software/robot/firmware/libraries/stm32_core_cpp_lib/communication/uart_interface/../../utils/core_utils_functionpointer.h:43:5:core_utils_FunctionPointer<R, A1>::core_utils_FunctionPointer(T*, R (T::*)(A1)) [with T = TWIPR_ControlManager; R = unsigned char; A1 = float [3]]	24	static
J:/work_dir/work_dir/projects/testbed/robots/TWIPR/software/robot/firmware/libraries/stm32_core_cpp_lib/communication/uart_interface/../../utils/core_utils_functionpointer.h:119:2:core_utils_FunctionPointer<R, void>::core_utils_FunctionPointer(R (*)()) [with R = twipr_control_configuration_t]	16	static
J:/work_dir/work_dir/projects/testbed/robots/TWIPR/software/robot/firmware/libraries/stm32_core_cpp_lib/communication/uart_interface/../../utils/core_utils_functionpointer.h:129:5:core_utils_FunctionPointer<R, void>::core_utils_FunctionPointer(T*, R (T::*)()) [with T = TWIPR_ControlManager; R = twipr_control_configuration_t]	24	static
J:/work_dir/work_dir/projects/testbed/robots/TWIPR/software/robot/firmware/libraries/stm32_core_cpp_lib/communication/uart_interface/../../utils/core_utils_functionpointer.h:137:10:void core_utils_FunctionPointer<R, void>::attach(R (*)()) [with R = twipr_firmware_state_t]	16	static
J:/work_dir/work_dir/projects/testbed/robots/TWIPR/software/robot/firmware/libraries/stm32_core_cpp_lib/communication/uart_interface/../../utils/core_utils_functionpointer.h:137:10:void core_utils_FunctionPointer<R, void>::attach(R (*)()) [with R = long unsigned int]	16	static
J:/work_dir/work_dir/projects/testbed/robots/TWIPR/software/robot/firmware/libraries/stm32_core_cpp_lib/communication/uart_interface/../../utils/core_utils_functionpointer.h:137:10:void core_utils_FunctionPointer<R, void>::attach(R (*)()) [with R = twipr_firmware_revision_t]	16	static
J:/work_dir/work_dir/projects/testbed/robots/TWIPR/software/robot/firmware/libraries/stm32_core_cpp_lib/communication/uart_interface/../../utils/core_utils_functionpointer.h:51:10:void core_utils_FunctionPointer<R, A1>::attach(R (*)(A1)) [with R = unsigned char; A1 = unsigned char]	16	static
J:/work_dir/work_dir/projects/testbed/robots/TWIPR/software/robot/firmware/libraries/stm32_core_cpp_lib/communication/uart_interface/../../utils/core_utils_functionpointer.h:62:10:void core_utils_FunctionPointer<R, A1>::attach(T*, R (T::*)(A1)) [with T = TWIPR_Firmware; R = unsigned char; A1 = unsigned char]	24	static
J:/work_dir/work_dir/projects/testbed/robots/TWIPR/software/robot/firmware/libraries/stm32_core_cpp_lib/communication/uart_interface/../../utils/core_utils_functionpointer.h:51:10:void core_utils_FunctionPointer<R, A1>::attach(R (*)(A1)) [with R = void; A1 = buzzer_beep_struct_t]	16	static
J:/work_dir/work_dir/projects/testbed/robots/TWIPR/software/robot/firmware/libraries/stm32_core_cpp_lib/communication/uart_interface/../../utils/core_utils_functionpointer.h:62:10:void core_utils_FunctionPointer<R, A1>::attach(T*, R (T::*)(A1)) [with T = RobotControl_Buzzer; R = void; A1 = buzzer_beep_struct_t]	24	static
J:/work_dir/work_dir/projects/testbed/robots/TWIPR/software/robot/firmware/libraries/stm32_core_cpp_lib/communication/uart_interface/../../utils/core_utils_functionpointer.h:137:10:void core_utils_FunctionPointer<R, void>::attach(R (*)()) [with R = unsigned char]	16	static
J:/work_dir/work_dir/projects/testbed/robots/TWIPR/software/robot/firmware/libraries/stm32_core_cpp_lib/communication/uart_interface/../../utils/core_utils_functionpointer.h:51:10:void core_utils_FunctionPointer<R, A1>::attach(R (*)(A1)) [with R = float; A1 = float]	16	static
J:/work_dir/work_dir/projects/testbed/robots/TWIPR/software/robot/firmware/libraries/stm32_core_cpp_lib/communication/uart_interface/../../utils/core_utils_functionpointer.h:137:10:void core_utils_FunctionPointer<R, void>::attach(R (*)()) [with R = twipr_control_mode_t]	16	static
J:/work_dir/work_dir/projects/testbed/robots/TWIPR/software/robot/firmware/libraries/stm32_core_cpp_lib/communication/uart_interface/../../utils/core_utils_functionpointer.h:51:10:void core_utils_FunctionPointer<R, A1>::attach(R (*)(A1)) [with R = unsigned char; A1 = twipr_control_mode_t]	16	static
J:/work_dir/work_dir/projects/testbed/robots/TWIPR/software/robot/firmware/libraries/stm32_core_cpp_lib/communication/uart_interface/../../utils/core_utils_functionpointer.h:62:10:void core_utils_FunctionPointer<R, A1>::attach(T*, R (T::*)(A1)) [with T = TWIPR_ControlManager; R = unsigned char; A1 = twipr_control_mode_t]	24	static
J:/work_dir/work_dir/projects/testbed/robots/TWIPR/software/robot/firmware/libraries/stm32_core_cpp_lib/communication/uart_interface/../../utils/core_utils_functionpointer.h:51:10:void core_utils_FunctionPointer<R, A1>::attach(R (*)(A1)) [with R = unsigned char; A1 = float [8]]	16	static
J:/work_dir/work_dir/projects/testbed/robots/TWIPR/software/robot/firmware/libraries/stm32_core_cpp_lib/communication/uart_interface/../../utils/core_utils_functionpointer.h:62:10:void core_utils_FunctionPointer<R, A1>::attach(T*, R (T::*)(A1)) [with T = TWIPR_ControlManager; R = unsigned char; A1 = float [8]]	24	static
J:/work_dir/work_dir/projects/testbed/robots/TWIPR/software/robot/firmware/libraries/stm32_core_cpp_lib/communication/uart_interface/../../utils/core_utils_functionpointer.h:51:10:void core_utils_FunctionPointer<R, A1>::attach(R (*)(A1)) [with R = void; A1 = twipr_control_direct_input_t]	16	static
J:/work_dir/work_dir/projects/testbed/robots/TWIPR/software/robot/firmware/libraries/stm32_core_cpp_lib/communication/uart_interface/../../utils/core_utils_functionpointer.h:62:10:void core_utils_FunctionPointer<R, A1>::attach(T*, R (T::*)(A1)) [with T = TWIPR_ControlManager; R = void; A1 = twipr_control_direct_input_t]	24	static
J:/work_dir/work_dir/projects/testbed/robots/TWIPR/software/robot/firmware/libraries/stm32_core_cpp_lib/communication/uart_interface/../../utils/core_utils_functionpointer.h:51:10:void core_utils_FunctionPointer<R, A1>::attach(R (*)(A1)) [with R = void; A1 = twipr_balancing_control_input_t]	16	static
J:/work_dir/work_dir/projects/testbed/robots/TWIPR/software/robot/firmware/libraries/stm32_core_cpp_lib/communication/uart_interface/../../utils/core_utils_functionpointer.h:62:10:void core_utils_FunctionPointer<R, A1>::attach(T*, R (T::*)(A1)) [with T = TWIPR_ControlManager; R = void; A1 = twipr_balancing_control_input_t]	24	static
J:/work_dir/work_dir/projects/testbed/robots/TWIPR/software/robot/firmware/libraries/stm32_core_cpp_lib/communication/uart_interface/../../utils/core_utils_functionpointer.h:51:10:void core_utils_FunctionPointer<R, A1>::attach(R (*)(A1)) [with R = void; A1 = twipr_speed_control_input_t]	16	static
J:/work_dir/work_dir/projects/testbed/robots/TWIPR/software/robot/firmware/libraries/stm32_core_cpp_lib/communication/uart_interface/../../utils/core_utils_functionpointer.h:62:10:void core_utils_FunctionPointer<R, A1>::attach(T*, R (T::*)(A1)) [with T = TWIPR_ControlManager; R = void; A1 = twipr_speed_control_input_t]	24	static
J:/work_dir/work_dir/projects/testbed/robots/TWIPR/software/robot/firmware/libraries/stm32_core_cpp_lib/communication/uart_interface/../../utils/core_utils_functionpointer.h:51:10:void core_utils_FunctionPointer<R, A1>::attach(R (*)(A1)) [with R = unsigned char; A1 = float [3]]	16	static
J:/work_dir/work_dir/projects/testbed/robots/TWIPR/software/robot/firmware/libraries/stm32_core_cpp_lib/communication/uart_interface/../../utils/core_utils_functionpointer.h:62:10:void core_utils_FunctionPointer<R, A1>::attach(T*, R (T::*)(A1)) [with T = TWIPR_ControlManager; R = unsigned char; A1 = float [3]]	24	static
J:/work_dir/work_dir/projects/testbed/robots/TWIPR/software/robot/firmware/libraries/stm32_core_cpp_lib/communication/uart_interface/../../utils/core_utils_functionpointer.h:137:10:void core_utils_FunctionPointer<R, void>::attach(R (*)()) [with R = twipr_control_configuration_t]	16	static
J:/work_dir/work_dir/projects/testbed/robots/TWIPR/software/robot/firmware/libraries/stm32_core_cpp_lib/communication/uart_interface/../../utils/core_utils_functionpointer.h:148:10:void core_utils_FunctionPointer<R, void>::attach(T*, R (T::*)()) [with T = TWIPR_ControlManager; R = twipr_control_configuration_t]	24	static
J:/work_dir/work_dir/projects/testbed/robots/TWIPR/software/robot/firmware/libraries/stm32_core_cpp_lib/communication/uart_interface/../../utils/core_utils_functionpointer.h:96:14:static R core_utils_FunctionPointer<R, A1>::membercaller(void*, uintptr_t*, A1) [with T = TWIPR_Firmware; R = unsigned char; A1 = unsigned char]	32	static
J:/work_dir/work_dir/projects/testbed/robots/TWIPR/software/robot/firmware/libraries/stm32_core_cpp_lib/communication/uart_interface/../../utils/core_utils_functionpointer.h:96:14:static R core_utils_FunctionPointer<R, A1>::membercaller(void*, uintptr_t*, A1) [with T = RobotControl_Buzzer; R = void; A1 = buzzer_beep_struct_t]	32	static
J:/work_dir/work_dir/projects/testbed/robots/TWIPR/software/robot/firmware/libraries/stm32_core_cpp_lib/communication/uart_interface/../../utils/core_utils_functionpointer.h:96:14:static R core_utils_FunctionPointer<R, A1>::membercaller(void*, uintptr_t*, A1) [with T = TWIPR_ControlManager; R = unsigned char; A1 = twipr_control_mode_t]	32	static
J:/work_dir/work_dir/projects/testbed/robots/TWIPR/software/robot/firmware/libraries/stm32_core_cpp_lib/communication/uart_interface/../../utils/core_utils_functionpointer.h:96:14:static R core_utils_FunctionPointer<R, A1>::membercaller(void*, uintptr_t*, A1) [with T = TWIPR_ControlManager; R = unsigned char; A1 = float [8]]	32	static
J:/work_dir/work_dir/projects/testbed/robots/TWIPR/software/robot/firmware/libraries/stm32_core_cpp_lib/communication/uart_interface/../../utils/core_utils_functionpointer.h:96:14:static R core_utils_FunctionPointer<R, A1>::membercaller(void*, uintptr_t*, A1) [with T = TWIPR_ControlManager; R = void; A1 = twipr_control_direct_input_t]	32	static
J:/work_dir/work_dir/projects/testbed/robots/TWIPR/software/robot/firmware/libraries/stm32_core_cpp_lib/communication/uart_interface/../../utils/core_utils_functionpointer.h:96:14:static R core_utils_FunctionPointer<R, A1>::membercaller(void*, uintptr_t*, A1) [with T = TWIPR_ControlManager; R = void; A1 = twipr_balancing_control_input_t]	32	static
J:/work_dir/work_dir/projects/testbed/robots/TWIPR/software/robot/firmware/libraries/stm32_core_cpp_lib/communication/uart_interface/../../utils/core_utils_functionpointer.h:96:14:static R core_utils_FunctionPointer<R, A1>::membercaller(void*, uintptr_t*, A1) [with T = TWIPR_ControlManager; R = void; A1 = twipr_speed_control_input_t]	32	static
J:/work_dir/work_dir/projects/testbed/robots/TWIPR/software/robot/firmware/libraries/stm32_core_cpp_lib/communication/uart_interface/../../utils/core_utils_functionpointer.h:96:14:static R core_utils_FunctionPointer<R, A1>::membercaller(void*, uintptr_t*, A1) [with T = TWIPR_ControlManager; R = unsigned char; A1 = float [3]]	32	static
J:/work_dir/work_dir/projects/testbed/robots/TWIPR/software/robot/firmware/libraries/stm32_core_cpp_lib/communication/uart_interface/../../utils/core_utils_functionpointer.h:183:14:static R core_utils_FunctionPointer<R, void>::membercaller(void*, uintptr_t*) [with T = TWIPR_ControlManager; R = twipr_control_configuration_t]	32	static
J:/work_dir/work_dir/projects/testbed/robots/TWIPR/software/robot/firmware/robot/firmware_v1/firmware.hpp:23:7:TWIPR_Firmware::~TWIPR_Firmware()	16	static
J:/work_dir/work_dir/projects/testbed/robots/TWIPR/software/robot/firmware/robot/firmware_v1/firmware.cpp:461:1:void __static_initialization_and_destruction_0(int, int)	104	static
J:/work_dir/work_dir/projects/testbed/robots/TWIPR/software/robot/firmware/libraries/stm32_core_cpp_lib/communication/uart_interface/../../utils/core_utils_registermap.h:427:11:uint16_t core_utils_RegisterEntry<output_type, void>::getInputSize() [with output_type = twipr_control_configuration_t]	16	static
J:/work_dir/work_dir/projects/testbed/robots/TWIPR/software/robot/firmware/libraries/stm32_core_cpp_lib/communication/uart_interface/../../utils/core_utils_registermap.h:432:11:uint16_t core_utils_RegisterEntry<output_type, void>::getOutputSize() [with output_type = twipr_control_configuration_t]	16	static
J:/work_dir/work_dir/projects/testbed/robots/TWIPR/software/robot/firmware/libraries/stm32_core_cpp_lib/communication/uart_interface/../../utils/core_utils_registermap.h:407:11:uint16_t core_utils_RegisterEntry<output_type, void>::execute(uint8_t*, uint8_t*) [with output_type = twipr_control_configuration_t]	32	static
J:/work_dir/work_dir/projects/testbed/robots/TWIPR/software/robot/firmware/libraries/stm32_core_cpp_lib/communication/uart_interface/../../utils/core_utils_registermap.h:415:11:uint16_t core_utils_RegisterEntry<output_type, void>::read(uint8_t*) [with output_type = twipr_control_configuration_t]	24	static
J:/work_dir/work_dir/projects/testbed/robots/TWIPR/software/robot/firmware/libraries/stm32_core_cpp_lib/communication/uart_interface/../../utils/core_utils_registermap.h:436:24:register_entry_type_t core_utils_RegisterEntry<output_type, void>::getType() [with output_type = twipr_control_configuration_t]	16	static
J:/work_dir/work_dir/projects/testbed/robots/TWIPR/software/robot/firmware/libraries/stm32_core_cpp_lib/communication/uart_interface/../../utils/core_utils_registermap.h:248:11:uint16_t core_utils_RegisterEntry<output_type, input_type>::getInputSize() [with output_type = unsigned char; input_type = float [3]]	16	static
J:/work_dir/work_dir/projects/testbed/robots/TWIPR/software/robot/firmware/libraries/stm32_core_cpp_lib/communication/uart_interface/../../utils/core_utils_registermap.h:253:11:uint16_t core_utils_RegisterEntry<output_type, input_type>::getOutputSize() [with output_type = unsigned char; input_type = float [3]]	16	static
J:/work_dir/work_dir/projects/testbed/robots/TWIPR/software/robot/firmware/libraries/stm32_core_cpp_lib/communication/uart_interface/../../utils/core_utils_registermap.h:215:11:uint16_t core_utils_RegisterEntry<output_type, input_type>::execute(uint8_t*, uint8_t*) [with output_type = unsigned char; input_type = float [3]]	32	static
J:/work_dir/work_dir/projects/testbed/robots/TWIPR/software/robot/firmware/libraries/stm32_core_cpp_lib/communication/uart_interface/../../utils/core_utils_registermap.h:227:7:void core_utils_RegisterEntry<output_type, input_type>::write(uint8_t*) [with output_type = unsigned char; input_type = float [3]]	24	static
J:/work_dir/work_dir/projects/testbed/robots/TWIPR/software/robot/firmware/libraries/stm32_core_cpp_lib/communication/uart_interface/../../utils/core_utils_registermap.h:236:11:uint16_t core_utils_RegisterEntry<output_type, input_type>::read(uint8_t*) [with output_type = unsigned char; input_type = float [3]]	24	static
J:/work_dir/work_dir/projects/testbed/robots/TWIPR/software/robot/firmware/libraries/stm32_core_cpp_lib/communication/uart_interface/../../utils/core_utils_registermap.h:257:24:register_entry_type_t core_utils_RegisterEntry<output_type, input_type>::getType() [with output_type = unsigned char; input_type = float [3]]	16	static
J:/work_dir/work_dir/projects/testbed/robots/TWIPR/software/robot/firmware/libraries/stm32_core_cpp_lib/communication/uart_interface/../../utils/core_utils_registermap.h:341:11:uint16_t core_utils_RegisterEntry<void, input_type>::getInputSize() [with input_type = twipr_speed_control_input_t]	16	static
J:/work_dir/work_dir/projects/testbed/robots/TWIPR/software/robot/firmware/libraries/stm32_core_cpp_lib/communication/uart_interface/../../utils/core_utils_registermap.h:346:11:uint16_t core_utils_RegisterEntry<void, input_type>::getOutputSize() [with input_type = twipr_speed_control_input_t]	16	static
J:/work_dir/work_dir/projects/testbed/robots/TWIPR/software/robot/firmware/libraries/stm32_core_cpp_lib/communication/uart_interface/../../utils/core_utils_registermap.h:324:11:uint16_t core_utils_RegisterEntry<void, input_type>::execute(uint8_t*, uint8_t*) [with input_type = twipr_speed_control_input_t]	32	static
J:/work_dir/work_dir/projects/testbed/robots/TWIPR/software/robot/firmware/libraries/stm32_core_cpp_lib/communication/uart_interface/../../utils/core_utils_registermap.h:332:7:void core_utils_RegisterEntry<void, input_type>::write(uint8_t*) [with input_type = twipr_speed_control_input_t]	24	static
J:/work_dir/work_dir/projects/testbed/robots/TWIPR/software/robot/firmware/libraries/stm32_core_cpp_lib/communication/uart_interface/../../utils/core_utils_registermap.h:350:24:register_entry_type_t core_utils_RegisterEntry<void, input_type>::getType() [with input_type = twipr_speed_control_input_t]	16	static
J:/work_dir/work_dir/projects/testbed/robots/TWIPR/software/robot/firmware/libraries/stm32_core_cpp_lib/communication/uart_interface/../../utils/core_utils_registermap.h:341:11:uint16_t core_utils_RegisterEntry<void, input_type>::getInputSize() [with input_type = twipr_balancing_control_input_t]	16	static
J:/work_dir/work_dir/projects/testbed/robots/TWIPR/software/robot/firmware/libraries/stm32_core_cpp_lib/communication/uart_interface/../../utils/core_utils_registermap.h:346:11:uint16_t core_utils_RegisterEntry<void, input_type>::getOutputSize() [with input_type = twipr_balancing_control_input_t]	16	static
J:/work_dir/work_dir/projects/testbed/robots/TWIPR/software/robot/firmware/libraries/stm32_core_cpp_lib/communication/uart_interface/../../utils/core_utils_registermap.h:324:11:uint16_t core_utils_RegisterEntry<void, input_type>::execute(uint8_t*, uint8_t*) [with input_type = twipr_balancing_control_input_t]	32	static
J:/work_dir/work_dir/projects/testbed/robots/TWIPR/software/robot/firmware/libraries/stm32_core_cpp_lib/communication/uart_interface/../../utils/core_utils_registermap.h:332:7:void core_utils_RegisterEntry<void, input_type>::write(uint8_t*) [with input_type = twipr_balancing_control_input_t]	24	static
J:/work_dir/work_dir/projects/testbed/robots/TWIPR/software/robot/firmware/libraries/stm32_core_cpp_lib/communication/uart_interface/../../utils/core_utils_registermap.h:350:24:register_entry_type_t core_utils_RegisterEntry<void, input_type>::getType() [with input_type = twipr_balancing_control_input_t]	16	static
J:/work_dir/work_dir/projects/testbed/robots/TWIPR/software/robot/firmware/libraries/stm32_core_cpp_lib/communication/uart_interface/../../utils/core_utils_registermap.h:341:11:uint16_t core_utils_RegisterEntry<void, input_type>::getInputSize() [with input_type = twipr_control_direct_input_t]	16	static
J:/work_dir/work_dir/projects/testbed/robots/TWIPR/software/robot/firmware/libraries/stm32_core_cpp_lib/communication/uart_interface/../../utils/core_utils_registermap.h:346:11:uint16_t core_utils_RegisterEntry<void, input_type>::getOutputSize() [with input_type = twipr_control_direct_input_t]	16	static
J:/work_dir/work_dir/projects/testbed/robots/TWIPR/software/robot/firmware/libraries/stm32_core_cpp_lib/communication/uart_interface/../../utils/core_utils_registermap.h:324:11:uint16_t core_utils_RegisterEntry<void, input_type>::execute(uint8_t*, uint8_t*) [with input_type = twipr_control_direct_input_t]	32	static
J:/work_dir/work_dir/projects/testbed/robots/TWIPR/software/robot/firmware/libraries/stm32_core_cpp_lib/communication/uart_interface/../../utils/core_utils_registermap.h:332:7:void core_utils_RegisterEntry<void, input_type>::write(uint8_t*) [with input_type = twipr_control_direct_input_t]	24	static
J:/work_dir/work_dir/projects/testbed/robots/TWIPR/software/robot/firmware/libraries/stm32_core_cpp_lib/communication/uart_interface/../../utils/core_utils_registermap.h:350:24:register_entry_type_t core_utils_RegisterEntry<void, input_type>::getType() [with input_type = twipr_control_direct_input_t]	16	static
J:/work_dir/work_dir/projects/testbed/robots/TWIPR/software/robot/firmware/libraries/stm32_core_cpp_lib/communication/uart_interface/../../utils/core_utils_registermap.h:248:11:uint16_t core_utils_RegisterEntry<output_type, input_type>::getInputSize() [with output_type = unsigned char; input_type = float [8]]	16	static
J:/work_dir/work_dir/projects/testbed/robots/TWIPR/software/robot/firmware/libraries/stm32_core_cpp_lib/communication/uart_interface/../../utils/core_utils_registermap.h:253:11:uint16_t core_utils_RegisterEntry<output_type, input_type>::getOutputSize() [with output_type = unsigned char; input_type = float [8]]	16	static
J:/work_dir/work_dir/projects/testbed/robots/TWIPR/software/robot/firmware/libraries/stm32_core_cpp_lib/communication/uart_interface/../../utils/core_utils_registermap.h:215:11:uint16_t core_utils_RegisterEntry<output_type, input_type>::execute(uint8_t*, uint8_t*) [with output_type = unsigned char; input_type = float [8]]	32	static
J:/work_dir/work_dir/projects/testbed/robots/TWIPR/software/robot/firmware/libraries/stm32_core_cpp_lib/communication/uart_interface/../../utils/core_utils_registermap.h:227:7:void core_utils_RegisterEntry<output_type, input_type>::write(uint8_t*) [with output_type = unsigned char; input_type = float [8]]	24	static
J:/work_dir/work_dir/projects/testbed/robots/TWIPR/software/robot/firmware/libraries/stm32_core_cpp_lib/communication/uart_interface/../../utils/core_utils_registermap.h:236:11:uint16_t core_utils_RegisterEntry<output_type, input_type>::read(uint8_t*) [with output_type = unsigned char; input_type = float [8]]	24	static
J:/work_dir/work_dir/projects/testbed/robots/TWIPR/software/robot/firmware/libraries/stm32_core_cpp_lib/communication/uart_interface/../../utils/core_utils_registermap.h:257:24:register_entry_type_t core_utils_RegisterEntry<output_type, input_type>::getType() [with output_type = unsigned char; input_type = float [8]]	16	static
J:/work_dir/work_dir/projects/testbed/robots/TWIPR/software/robot/firmware/libraries/stm32_core_cpp_lib/communication/uart_interface/../../utils/core_utils_registermap.h:248:11:uint16_t core_utils_RegisterEntry<output_type, input_type>::getInputSize() [with output_type = unsigned char; input_type = twipr_control_mode_t]	16	static
J:/work_dir/work_dir/projects/testbed/robots/TWIPR/software/robot/firmware/libraries/stm32_core_cpp_lib/communication/uart_interface/../../utils/core_utils_registermap.h:253:11:uint16_t core_utils_RegisterEntry<output_type, input_type>::getOutputSize() [with output_type = unsigned char; input_type = twipr_control_mode_t]	16	static
J:/work_dir/work_dir/projects/testbed/robots/TWIPR/software/robot/firmware/libraries/stm32_core_cpp_lib/communication/uart_interface/../../utils/core_utils_registermap.h:215:11:uint16_t core_utils_RegisterEntry<output_type, input_type>::execute(uint8_t*, uint8_t*) [with output_type = unsigned char; input_type = twipr_control_mode_t]	32	static
J:/work_dir/work_dir/projects/testbed/robots/TWIPR/software/robot/firmware/libraries/stm32_core_cpp_lib/communication/uart_interface/../../utils/core_utils_registermap.h:227:7:void core_utils_RegisterEntry<output_type, input_type>::write(uint8_t*) [with output_type = unsigned char; input_type = twipr_control_mode_t]	24	static
J:/work_dir/work_dir/projects/testbed/robots/TWIPR/software/robot/firmware/libraries/stm32_core_cpp_lib/communication/uart_interface/../../utils/core_utils_registermap.h:236:11:uint16_t core_utils_RegisterEntry<output_type, input_type>::read(uint8_t*) [with output_type = unsigned char; input_type = twipr_control_mode_t]	24	static
J:/work_dir/work_dir/projects/testbed/robots/TWIPR/software/robot/firmware/libraries/stm32_core_cpp_lib/communication/uart_interface/../../utils/core_utils_registermap.h:257:24:register_entry_type_t core_utils_RegisterEntry<output_type, input_type>::getType() [with output_type = unsigned char; input_type = twipr_control_mode_t]	16	static
J:/work_dir/work_dir/projects/testbed/robots/TWIPR/software/robot/firmware/libraries/stm32_core_cpp_lib/communication/uart_interface/../../utils/core_utils_registermap.h:427:11:uint16_t core_utils_RegisterEntry<output_type, void>::getInputSize() [with output_type = twipr_control_mode_t]	16	static
J:/work_dir/work_dir/projects/testbed/robots/TWIPR/software/robot/firmware/libraries/stm32_core_cpp_lib/communication/uart_interface/../../utils/core_utils_registermap.h:432:11:uint16_t core_utils_RegisterEntry<output_type, void>::getOutputSize() [with output_type = twipr_control_mode_t]	16	static
J:/work_dir/work_dir/projects/testbed/robots/TWIPR/software/robot/firmware/libraries/stm32_core_cpp_lib/communication/uart_interface/../../utils/core_utils_registermap.h:407:11:uint16_t core_utils_RegisterEntry<output_type, void>::execute(uint8_t*, uint8_t*) [with output_type = twipr_control_mode_t]	32	static
J:/work_dir/work_dir/projects/testbed/robots/TWIPR/software/robot/firmware/libraries/stm32_core_cpp_lib/communication/uart_interface/../../utils/core_utils_registermap.h:415:11:uint16_t core_utils_RegisterEntry<output_type, void>::read(uint8_t*) [with output_type = twipr_control_mode_t]	24	static
J:/work_dir/work_dir/projects/testbed/robots/TWIPR/software/robot/firmware/libraries/stm32_core_cpp_lib/communication/uart_interface/../../utils/core_utils_registermap.h:436:24:register_entry_type_t core_utils_RegisterEntry<output_type, void>::getType() [with output_type = twipr_control_mode_t]	16	static
J:/work_dir/work_dir/projects/testbed/robots/TWIPR/software/robot/firmware/libraries/stm32_core_cpp_lib/communication/uart_interface/../../utils/core_utils_registermap.h:248:11:uint16_t core_utils_RegisterEntry<output_type, input_type>::getInputSize() [with output_type = float; input_type = float]	16	static
J:/work_dir/work_dir/projects/testbed/robots/TWIPR/software/robot/firmware/libraries/stm32_core_cpp_lib/communication/uart_interface/../../utils/core_utils_registermap.h:253:11:uint16_t core_utils_RegisterEntry<output_type, input_type>::getOutputSize() [with output_type = float; input_type = float]	16	static
J:/work_dir/work_dir/projects/testbed/robots/TWIPR/software/robot/firmware/libraries/stm32_core_cpp_lib/communication/uart_interface/../../utils/core_utils_registermap.h:215:11:uint16_t core_utils_RegisterEntry<output_type, input_type>::execute(uint8_t*, uint8_t*) [with output_type = float; input_type = float]	32	static
J:/work_dir/work_dir/projects/testbed/robots/TWIPR/software/robot/firmware/libraries/stm32_core_cpp_lib/communication/uart_interface/../../utils/core_utils_registermap.h:227:7:void core_utils_RegisterEntry<output_type, input_type>::write(uint8_t*) [with output_type = float; input_type = float]	24	static
J:/work_dir/work_dir/projects/testbed/robots/TWIPR/software/robot/firmware/libraries/stm32_core_cpp_lib/communication/uart_interface/../../utils/core_utils_registermap.h:236:11:uint16_t core_utils_RegisterEntry<output_type, input_type>::read(uint8_t*) [with output_type = float; input_type = float]	24	static
J:/work_dir/work_dir/projects/testbed/robots/TWIPR/software/robot/firmware/libraries/stm32_core_cpp_lib/communication/uart_interface/../../utils/core_utils_registermap.h:257:24:register_entry_type_t core_utils_RegisterEntry<output_type, input_type>::getType() [with output_type = float; input_type = float]	16	static
J:/work_dir/work_dir/projects/testbed/robots/TWIPR/software/robot/firmware/libraries/stm32_core_cpp_lib/communication/uart_interface/../../utils/core_utils_registermap.h:427:11:uint16_t core_utils_RegisterEntry<output_type, void>::getInputSize() [with output_type = unsigned char]	16	static
J:/work_dir/work_dir/projects/testbed/robots/TWIPR/software/robot/firmware/libraries/stm32_core_cpp_lib/communication/uart_interface/../../utils/core_utils_registermap.h:432:11:uint16_t core_utils_RegisterEntry<output_type, void>::getOutputSize() [with output_type = unsigned char]	16	static
J:/work_dir/work_dir/projects/testbed/robots/TWIPR/software/robot/firmware/libraries/stm32_core_cpp_lib/communication/uart_interface/../../utils/core_utils_registermap.h:407:11:uint16_t core_utils_RegisterEntry<output_type, void>::execute(uint8_t*, uint8_t*) [with output_type = unsigned char]	32	static
J:/work_dir/work_dir/projects/testbed/robots/TWIPR/software/robot/firmware/libraries/stm32_core_cpp_lib/communication/uart_interface/../../utils/core_utils_registermap.h:415:11:uint16_t core_utils_RegisterEntry<output_type, void>::read(uint8_t*) [with output_type = unsigned char]	24	static
J:/work_dir/work_dir/projects/testbed/robots/TWIPR/software/robot/firmware/libraries/stm32_core_cpp_lib/communication/uart_interface/../../utils/core_utils_registermap.h:436:24:register_entry_type_t core_utils_RegisterEntry<output_type, void>::getType() [with output_type = unsigned char]	16	static
J:/work_dir/work_dir/projects/testbed/robots/TWIPR/software/robot/firmware/libraries/stm32_core_cpp_lib/communication/uart_interface/../../utils/core_utils_registermap.h:341:11:uint16_t core_utils_RegisterEntry<void, input_type>::getInputSize() [with input_type = buzzer_beep_struct_t]	16	static
J:/work_dir/work_dir/projects/testbed/robots/TWIPR/software/robot/firmware/libraries/stm32_core_cpp_lib/communication/uart_interface/../../utils/core_utils_registermap.h:346:11:uint16_t core_utils_RegisterEntry<void, input_type>::getOutputSize() [with input_type = buzzer_beep_struct_t]	16	static
J:/work_dir/work_dir/projects/testbed/robots/TWIPR/software/robot/firmware/libraries/stm32_core_cpp_lib/communication/uart_interface/../../utils/core_utils_registermap.h:324:11:uint16_t core_utils_RegisterEntry<void, input_type>::execute(uint8_t*, uint8_t*) [with input_type = buzzer_beep_struct_t]	32	static
J:/work_dir/work_dir/projects/testbed/robots/TWIPR/software/robot/firmware/libraries/stm32_core_cpp_lib/communication/uart_interface/../../utils/core_utils_registermap.h:332:7:void core_utils_RegisterEntry<void, input_type>::write(uint8_t*) [with input_type = buzzer_beep_struct_t]	24	static
J:/work_dir/work_dir/projects/testbed/robots/TWIPR/software/robot/firmware/libraries/stm32_core_cpp_lib/communication/uart_interface/../../utils/core_utils_registermap.h:350:24:register_entry_type_t core_utils_RegisterEntry<void, input_type>::getType() [with input_type = buzzer_beep_struct_t]	16	static
J:/work_dir/work_dir/projects/testbed/robots/TWIPR/software/robot/firmware/libraries/stm32_core_cpp_lib/communication/uart_interface/../../utils/core_utils_registermap.h:248:11:uint16_t core_utils_RegisterEntry<output_type, input_type>::getInputSize() [with output_type = unsigned char; input_type = unsigned char]	16	static
J:/work_dir/work_dir/projects/testbed/robots/TWIPR/software/robot/firmware/libraries/stm32_core_cpp_lib/communication/uart_interface/../../utils/core_utils_registermap.h:253:11:uint16_t core_utils_RegisterEntry<output_type, input_type>::getOutputSize() [with output_type = unsigned char; input_type = unsigned char]	16	static
J:/work_dir/work_dir/projects/testbed/robots/TWIPR/software/robot/firmware/libraries/stm32_core_cpp_lib/communication/uart_interface/../../utils/core_utils_registermap.h:215:11:uint16_t core_utils_RegisterEntry<output_type, input_type>::execute(uint8_t*, uint8_t*) [with output_type = unsigned char; input_type = unsigned char]	32	static
J:/work_dir/work_dir/projects/testbed/robots/TWIPR/software/robot/firmware/libraries/stm32_core_cpp_lib/communication/uart_interface/../../utils/core_utils_registermap.h:227:7:void core_utils_RegisterEntry<output_type, input_type>::write(uint8_t*) [with output_type = unsigned char; input_type = unsigned char]	24	static
J:/work_dir/work_dir/projects/testbed/robots/TWIPR/software/robot/firmware/libraries/stm32_core_cpp_lib/communication/uart_interface/../../utils/core_utils_registermap.h:236:11:uint16_t core_utils_RegisterEntry<output_type, input_type>::read(uint8_t*) [with output_type = unsigned char; input_type = unsigned char]	24	static
J:/work_dir/work_dir/projects/testbed/robots/TWIPR/software/robot/firmware/libraries/stm32_core_cpp_lib/communication/uart_interface/../../utils/core_utils_registermap.h:257:24:register_entry_type_t core_utils_RegisterEntry<output_type, input_type>::getType() [with output_type = unsigned char; input_type = unsigned char]	16	static
J:/work_dir/work_dir/projects/testbed/robots/TWIPR/software/robot/firmware/libraries/stm32_core_cpp_lib/communication/uart_interface/../../utils/core_utils_registermap.h:427:11:uint16_t core_utils_RegisterEntry<output_type, void>::getInputSize() [with output_type = twipr_firmware_revision_t]	16	static
J:/work_dir/work_dir/projects/testbed/robots/TWIPR/software/robot/firmware/libraries/stm32_core_cpp_lib/communication/uart_interface/../../utils/core_utils_registermap.h:432:11:uint16_t core_utils_RegisterEntry<output_type, void>::getOutputSize() [with output_type = twipr_firmware_revision_t]	16	static
J:/work_dir/work_dir/projects/testbed/robots/TWIPR/software/robot/firmware/libraries/stm32_core_cpp_lib/communication/uart_interface/../../utils/core_utils_registermap.h:407:11:uint16_t core_utils_RegisterEntry<output_type, void>::execute(uint8_t*, uint8_t*) [with output_type = twipr_firmware_revision_t]	32	static
J:/work_dir/work_dir/projects/testbed/robots/TWIPR/software/robot/firmware/libraries/stm32_core_cpp_lib/communication/uart_interface/../../utils/core_utils_registermap.h:415:11:uint16_t core_utils_RegisterEntry<output_type, void>::read(uint8_t*) [with output_type = twipr_firmware_revision_t]	24	static
J:/work_dir/work_dir/projects/testbed/robots/TWIPR/software/robot/firmware/libraries/stm32_core_cpp_lib/communication/uart_interface/../../utils/core_utils_registermap.h:436:24:register_entry_type_t core_utils_RegisterEntry<output_type, void>::getType() [with output_type = twipr_firmware_revision_t]	16	static
J:/work_dir/work_dir/projects/testbed/robots/TWIPR/software/robot/firmware/libraries/stm32_core_cpp_lib/communication/uart_interface/../../utils/core_utils_registermap.h:427:11:uint16_t core_utils_RegisterEntry<output_type, void>::getInputSize() [with output_type = long unsigned int]	16	static
J:/work_dir/work_dir/projects/testbed/robots/TWIPR/software/robot/firmware/libraries/stm32_core_cpp_lib/communication/uart_interface/../../utils/core_utils_registermap.h:432:11:uint16_t core_utils_RegisterEntry<output_type, void>::getOutputSize() [with output_type = long unsigned int]	16	static
J:/work_dir/work_dir/projects/testbed/robots/TWIPR/software/robot/firmware/libraries/stm32_core_cpp_lib/communication/uart_interface/../../utils/core_utils_registermap.h:407:11:uint16_t core_utils_RegisterEntry<output_type, void>::execute(uint8_t*, uint8_t*) [with output_type = long unsigned int]	32	static
J:/work_dir/work_dir/projects/testbed/robots/TWIPR/software/robot/firmware/libraries/stm32_core_cpp_lib/communication/uart_interface/../../utils/core_utils_registermap.h:415:11:uint16_t core_utils_RegisterEntry<output_type, void>::read(uint8_t*) [with output_type = long unsigned int]	24	static
J:/work_dir/work_dir/projects/testbed/robots/TWIPR/software/robot/firmware/libraries/stm32_core_cpp_lib/communication/uart_interface/../../utils/core_utils_registermap.h:436:24:register_entry_type_t core_utils_RegisterEntry<output_type, void>::getType() [with output_type = long unsigned int]	16	static
J:/work_dir/work_dir/projects/testbed/robots/TWIPR/software/robot/firmware/libraries/stm32_core_cpp_lib/communication/uart_interface/../../utils/core_utils_registermap.h:427:11:uint16_t core_utils_RegisterEntry<output_type, void>::getInputSize() [with output_type = twipr_firmware_state_t]	16	static
J:/work_dir/work_dir/projects/testbed/robots/TWIPR/software/robot/firmware/libraries/stm32_core_cpp_lib/communication/uart_interface/../../utils/core_utils_registermap.h:432:11:uint16_t core_utils_RegisterEntry<output_type, void>::getOutputSize() [with output_type = twipr_firmware_state_t]	16	static
J:/work_dir/work_dir/projects/testbed/robots/TWIPR/software/robot/firmware/libraries/stm32_core_cpp_lib/communication/uart_interface/../../utils/core_utils_registermap.h:407:11:uint16_t core_utils_RegisterEntry<output_type, void>::execute(uint8_t*, uint8_t*) [with output_type = twipr_firmware_state_t]	32	static
J:/work_dir/work_dir/projects/testbed/robots/TWIPR/software/robot/firmware/libraries/stm32_core_cpp_lib/communication/uart_interface/../../utils/core_utils_registermap.h:415:11:uint16_t core_utils_RegisterEntry<output_type, void>::read(uint8_t*) [with output_type = twipr_firmware_state_t]	24	static
J:/work_dir/work_dir/projects/testbed/robots/TWIPR/software/robot/firmware/libraries/stm32_core_cpp_lib/communication/uart_interface/../../utils/core_utils_registermap.h:436:24:register_entry_type_t core_utils_RegisterEntry<output_type, void>::getType() [with output_type = twipr_firmware_state_t]	16	static
J:/work_dir/work_dir/projects/testbed/robots/TWIPR/software/robot/firmware/libraries/stm32_core_cpp_lib/communication/uart_interface/../../utils/core_utils_Callback.h:88:7:void core_utils_Callback<output_type, void>::call(output_type&) [with output_type = twipr_control_configuration_t]	80	static
J:/work_dir/work_dir/projects/testbed/robots/TWIPR/software/robot/firmware/libraries/stm32_core_cpp_lib/communication/uart_interface/../../utils/core_utils_Callback.h:50:7:void core_utils_Callback<output_type, input_type>::call(input_type, output_type&) [with output_type = unsigned char; input_type = float [3]]	24	static
J:/work_dir/work_dir/projects/testbed/robots/TWIPR/software/robot/firmware/libraries/stm32_core_cpp_lib/communication/uart_interface/../../utils/core_utils_Callback.h:125:7:void core_utils_Callback<void, input_type>::call(input_type) [with input_type = twipr_speed_control_input_t]	24	static
J:/work_dir/work_dir/projects/testbed/robots/TWIPR/software/robot/firmware/libraries/stm32_core_cpp_lib/communication/uart_interface/../../utils/core_utils_Callback.h:125:7:void core_utils_Callback<void, input_type>::call(input_type) [with input_type = twipr_balancing_control_input_t]	24	static
J:/work_dir/work_dir/projects/testbed/robots/TWIPR/software/robot/firmware/libraries/stm32_core_cpp_lib/communication/uart_interface/../../utils/core_utils_Callback.h:125:7:void core_utils_Callback<void, input_type>::call(input_type) [with input_type = twipr_control_direct_input_t]	24	static
J:/work_dir/work_dir/projects/testbed/robots/TWIPR/software/robot/firmware/libraries/stm32_core_cpp_lib/communication/uart_interface/../../utils/core_utils_Callback.h:50:7:void core_utils_Callback<output_type, input_type>::call(input_type, output_type&) [with output_type = unsigned char; input_type = float [8]]	24	static
J:/work_dir/work_dir/projects/testbed/robots/TWIPR/software/robot/firmware/libraries/stm32_core_cpp_lib/communication/uart_interface/../../utils/core_utils_Callback.h:50:7:void core_utils_Callback<output_type, input_type>::call(input_type, output_type&) [with output_type = unsigned char; input_type = twipr_control_mode_t]	24	static
J:/work_dir/work_dir/projects/testbed/robots/TWIPR/software/robot/firmware/libraries/stm32_core_cpp_lib/communication/uart_interface/../../utils/core_utils_Callback.h:88:7:void core_utils_Callback<output_type, void>::call(output_type&) [with output_type = twipr_control_mode_t]	16	static
J:/work_dir/work_dir/projects/testbed/robots/TWIPR/software/robot/firmware/libraries/stm32_core_cpp_lib/communication/uart_interface/../../utils/core_utils_Callback.h:50:7:void core_utils_Callback<output_type, input_type>::call(input_type, output_type&) [with output_type = float; input_type = float]	24	static
J:/work_dir/work_dir/projects/testbed/robots/TWIPR/software/robot/firmware/libraries/stm32_core_cpp_lib/communication/uart_interface/../../utils/core_utils_Callback.h:88:7:void core_utils_Callback<output_type, void>::call(output_type&) [with output_type = unsigned char]	16	static
J:/work_dir/work_dir/projects/testbed/robots/TWIPR/software/robot/firmware/libraries/stm32_core_cpp_lib/communication/uart_interface/../../utils/core_utils_Callback.h:125:7:void core_utils_Callback<void, input_type>::call(input_type) [with input_type = buzzer_beep_struct_t]	24	static
J:/work_dir/work_dir/projects/testbed/robots/TWIPR/software/robot/firmware/libraries/stm32_core_cpp_lib/communication/uart_interface/../../utils/core_utils_Callback.h:50:7:void core_utils_Callback<output_type, input_type>::call(input_type, output_type&) [with output_type = unsigned char; input_type = unsigned char]	24	static
J:/work_dir/work_dir/projects/testbed/robots/TWIPR/software/robot/firmware/libraries/stm32_core_cpp_lib/communication/uart_interface/../../utils/core_utils_Callback.h:88:7:void core_utils_Callback<output_type, void>::call(output_type&) [with output_type = twipr_firmware_revision_t]	16	static
J:/work_dir/work_dir/projects/testbed/robots/TWIPR/software/robot/firmware/libraries/stm32_core_cpp_lib/communication/uart_interface/../../utils/core_utils_Callback.h:88:7:void core_utils_Callback<output_type, void>::call(output_type&) [with output_type = long unsigned int]	16	static
J:/work_dir/work_dir/projects/testbed/robots/TWIPR/software/robot/firmware/libraries/stm32_core_cpp_lib/communication/uart_interface/../../utils/core_utils_Callback.h:88:7:void core_utils_Callback<output_type, void>::call(output_type&) [with output_type = twipr_firmware_state_t]	16	static
J:/work_dir/work_dir/projects/testbed/robots/TWIPR/software/robot/firmware/libraries/stm32_core_cpp_lib/communication/uart_interface/../../utils/core_utils_functionpointer.h:173:7:R core_utils_FunctionPointer<R, void>::operator()() [with R = twipr_control_configuration_t]	16	static
J:/work_dir/work_dir/projects/testbed/robots/TWIPR/software/robot/firmware/libraries/stm32_core_cpp_lib/communication/uart_interface/../../utils/core_utils_functionpointer.h:87:7:R core_utils_FunctionPointer<R, A1>::operator()(A1) [with R = unsigned char; A1 = float [3]]	16	static
J:/work_dir/work_dir/projects/testbed/robots/TWIPR/software/robot/firmware/libraries/stm32_core_cpp_lib/communication/uart_interface/../../utils/core_utils_functionpointer.h:87:7:R core_utils_FunctionPointer<R, A1>::operator()(A1) [with R = void; A1 = twipr_speed_control_input_t]	24	static
J:/work_dir/work_dir/projects/testbed/robots/TWIPR/software/robot/firmware/libraries/stm32_core_cpp_lib/communication/uart_interface/../../utils/core_utils_functionpointer.h:87:7:R core_utils_FunctionPointer<R, A1>::operator()(A1) [with R = void; A1 = twipr_balancing_control_input_t]	24	static
J:/work_dir/work_dir/projects/testbed/robots/TWIPR/software/robot/firmware/libraries/stm32_core_cpp_lib/communication/uart_interface/../../utils/core_utils_functionpointer.h:87:7:R core_utils_FunctionPointer<R, A1>::operator()(A1) [with R = void; A1 = twipr_control_direct_input_t]	24	static
J:/work_dir/work_dir/projects/testbed/robots/TWIPR/software/robot/firmware/libraries/stm32_core_cpp_lib/communication/uart_interface/../../utils/core_utils_functionpointer.h:87:7:R core_utils_FunctionPointer<R, A1>::operator()(A1) [with R = unsigned char; A1 = float [8]]	16	static
J:/work_dir/work_dir/projects/testbed/robots/TWIPR/software/robot/firmware/libraries/stm32_core_cpp_lib/communication/uart_interface/../../utils/core_utils_functionpointer.h:87:7:R core_utils_FunctionPointer<R, A1>::operator()(A1) [with R = unsigned char; A1 = twipr_control_mode_t]	16	static
J:/work_dir/work_dir/projects/testbed/robots/TWIPR/software/robot/firmware/libraries/stm32_core_cpp_lib/communication/uart_interface/../../utils/core_utils_functionpointer.h:173:7:R core_utils_FunctionPointer<R, void>::operator()() [with R = twipr_control_mode_t]	16	static
J:/work_dir/work_dir/projects/testbed/robots/TWIPR/software/robot/firmware/libraries/stm32_core_cpp_lib/communication/uart_interface/../../utils/core_utils_functionpointer.h:87:7:R core_utils_FunctionPointer<R, A1>::operator()(A1) [with R = float; A1 = float]	16	static
J:/work_dir/work_dir/projects/testbed/robots/TWIPR/software/robot/firmware/libraries/stm32_core_cpp_lib/communication/uart_interface/../../utils/core_utils_functionpointer.h:173:7:R core_utils_FunctionPointer<R, void>::operator()() [with R = unsigned char]	16	static
J:/work_dir/work_dir/projects/testbed/robots/TWIPR/software/robot/firmware/libraries/stm32_core_cpp_lib/communication/uart_interface/../../utils/core_utils_functionpointer.h:87:7:R core_utils_FunctionPointer<R, A1>::operator()(A1) [with R = void; A1 = buzzer_beep_struct_t]	24	static
J:/work_dir/work_dir/projects/testbed/robots/TWIPR/software/robot/firmware/libraries/stm32_core_cpp_lib/communication/uart_interface/../../utils/core_utils_functionpointer.h:87:7:R core_utils_FunctionPointer<R, A1>::operator()(A1) [with R = unsigned char; A1 = unsigned char]	16	static
J:/work_dir/work_dir/projects/testbed/robots/TWIPR/software/robot/firmware/libraries/stm32_core_cpp_lib/communication/uart_interface/../../utils/core_utils_functionpointer.h:173:7:R core_utils_FunctionPointer<R, void>::operator()() [with R = twipr_firmware_revision_t]	24	static
J:/work_dir/work_dir/projects/testbed/robots/TWIPR/software/robot/firmware/libraries/stm32_core_cpp_lib/communication/uart_interface/../../utils/core_utils_functionpointer.h:173:7:R core_utils_FunctionPointer<R, void>::operator()() [with R = long unsigned int]	16	static
J:/work_dir/work_dir/projects/testbed/robots/TWIPR/software/robot/firmware/libraries/stm32_core_cpp_lib/communication/uart_interface/../../utils/core_utils_functionpointer.h:173:7:R core_utils_FunctionPointer<R, void>::operator()() [with R = twipr_firmware_state_t]	16	static
J:/work_dir/work_dir/projects/testbed/robots/TWIPR/software/robot/firmware/libraries/stm32_core_cpp_lib/communication/uart_interface/../../utils/core_utils_functionpointer.h:156:7:R core_utils_FunctionPointer<R, void>::call() [with R = twipr_control_configuration_t]	16	static
J:/work_dir/work_dir/projects/testbed/robots/TWIPR/software/robot/firmware/libraries/stm32_core_cpp_lib/communication/uart_interface/../../utils/core_utils_functionpointer.h:70:7:R core_utils_FunctionPointer<R, A1>::call(A1) [with R = unsigned char; A1 = float [3]]	16	static
J:/work_dir/work_dir/projects/testbed/robots/TWIPR/software/robot/firmware/libraries/stm32_core_cpp_lib/communication/uart_interface/../../utils/core_utils_functionpointer.h:70:7:R core_utils_FunctionPointer<R, A1>::call(A1) [with R = void; A1 = twipr_speed_control_input_t]	24	static
J:/work_dir/work_dir/projects/testbed/robots/TWIPR/software/robot/firmware/libraries/stm32_core_cpp_lib/communication/uart_interface/../../utils/core_utils_functionpointer.h:70:7:R core_utils_FunctionPointer<R, A1>::call(A1) [with R = void; A1 = twipr_balancing_control_input_t]	24	static
J:/work_dir/work_dir/projects/testbed/robots/TWIPR/software/robot/firmware/libraries/stm32_core_cpp_lib/communication/uart_interface/../../utils/core_utils_functionpointer.h:70:7:R core_utils_FunctionPointer<R, A1>::call(A1) [with R = void; A1 = twipr_control_direct_input_t]	24	static
J:/work_dir/work_dir/projects/testbed/robots/TWIPR/software/robot/firmware/libraries/stm32_core_cpp_lib/communication/uart_interface/../../utils/core_utils_functionpointer.h:70:7:R core_utils_FunctionPointer<R, A1>::call(A1) [with R = unsigned char; A1 = float [8]]	16	static
J:/work_dir/work_dir/projects/testbed/robots/TWIPR/software/robot/firmware/libraries/stm32_core_cpp_lib/communication/uart_interface/../../utils/core_utils_functionpointer.h:70:7:R core_utils_FunctionPointer<R, A1>::call(A1) [with R = unsigned char; A1 = twipr_control_mode_t]	16	static
J:/work_dir/work_dir/projects/testbed/robots/TWIPR/software/robot/firmware/libraries/stm32_core_cpp_lib/communication/uart_interface/../../utils/core_utils_functionpointer.h:156:7:R core_utils_FunctionPointer<R, void>::call() [with R = twipr_control_mode_t]	16	static
J:/work_dir/work_dir/projects/testbed/robots/TWIPR/software/robot/firmware/libraries/stm32_core_cpp_lib/communication/uart_interface/../../utils/core_utils_functionpointer.h:70:7:R core_utils_FunctionPointer<R, A1>::call(A1) [with R = float; A1 = float]	16	static
J:/work_dir/work_dir/projects/testbed/robots/TWIPR/software/robot/firmware/libraries/stm32_core_cpp_lib/communication/uart_interface/../../utils/core_utils_functionpointer.h:156:7:R core_utils_FunctionPointer<R, void>::call() [with R = unsigned char]	16	static
J:/work_dir/work_dir/projects/testbed/robots/TWIPR/software/robot/firmware/libraries/stm32_core_cpp_lib/communication/uart_interface/../../utils/core_utils_functionpointer.h:70:7:R core_utils_FunctionPointer<R, A1>::call(A1) [with R = void; A1 = buzzer_beep_struct_t]	32	static
J:/work_dir/work_dir/projects/testbed/robots/TWIPR/software/robot/firmware/libraries/stm32_core_cpp_lib/communication/uart_interface/../../utils/core_utils_functionpointer.h:70:7:R core_utils_FunctionPointer<R, A1>::call(A1) [with R = unsigned char; A1 = unsigned char]	16	static
J:/work_dir/work_dir/projects/testbed/robots/TWIPR/software/robot/firmware/libraries/stm32_core_cpp_lib/communication/uart_interface/../../utils/core_utils_functionpointer.h:156:7:R core_utils_FunctionPointer<R, void>::call() [with R = twipr_firmware_revision_t]	24	static
J:/work_dir/work_dir/projects/testbed/robots/TWIPR/software/robot/firmware/libraries/stm32_core_cpp_lib/communication/uart_interface/../../utils/core_utils_functionpointer.h:156:7:R core_utils_FunctionPointer<R, void>::call() [with R = long unsigned int]	16	static
J:/work_dir/work_dir/projects/testbed/robots/TWIPR/software/robot/firmware/libraries/stm32_core_cpp_lib/communication/uart_interface/../../utils/core_utils_functionpointer.h:156:7:R core_utils_FunctionPointer<R, void>::call() [with R = twipr_firmware_state_t]	16	static
J:/work_dir/work_dir/projects/testbed/robots/TWIPR/software/robot/firmware/robot/firmware_v1/firmware.cpp:461:1:cpp)	8	static
J:/work_dir/work_dir/projects/testbed/robots/TWIPR/software/robot/firmware/robot/firmware_v1/firmware.cpp:461:1:cpp)	8	static
