C:\ST\STM32CubeIDE_1.13.2\STM32CubeIDE\plugins\com.st.stm32cube.ide.mcu.externaltools.gnu-tools-for-stm32.12.3.rel1.win32_1.0.200.202406191623\tools\bin/../lib/gcc/arm-none-eabi/12.3.1/../../../../arm-none-eabi/include/c++/12.3.1/bits/std_abs.h:75:3:constexpr float std::abs(float)	16	static
J:/work_dir/work_dir/projects/testbed/robots/TWIPR/software/robot/firmware/libraries/stm32_core_cpp_lib/communication/uart_interface/../../utils/elapsedMillis.h:19:7:void elapsedMillis::reset()	16	static
J:/work_dir/work_dir/projects/testbed/robots/TWIPR/software/robot/firmware/libraries/stm32_core_cpp_lib/communication/uart_interface/../../utils/elapsedMillis.h:22:2:elapsedMillis::elapsedMillis()	16	static
J:/work_dir/work_dir/projects/testbed/robots/TWIPR/software/robot/firmware/libraries/stm32_core_cpp_lib/communication/uart_interface/../../utils/elapsedMillis.h:31:2:elapsedMillis::operator long unsigned int() const	16	static
J:/work_dir/work_dir/projects/testbed/robots/TWIPR/software/robot/firmware/robot/firmware_v1/safety/twipr_safety.h:18:16:constexpr twipr_supervisor_stuck_config_t::twipr_supervisor_stuck_config_t()	16	static
J:/work_dir/work_dir/projects/testbed/robots/TWIPR/software/robot/firmware/robot/firmware_v1/safety/twipr_safety.h:31:16:constexpr twipr_supervisor_controller_config_t::twipr_supervisor_controller_config_t()	16	static
J:/work_dir/work_dir/projects/testbed/robots/TWIPR/software/robot/firmware/robot/firmware_v1/safety/twipr_safety.h:36:16:twipr_supervisor_config_t::twipr_supervisor_config_t()	16	static
J:/work_dir/work_dir/projects/testbed/robots/TWIPR/software/robot/firmware/robot/firmware_v1/safety/twipr_safety.h:24:16:constexpr twipr_supervisor_stuck_data_t::twipr_supervisor_stuck_data_t()	16	static
J:/work_dir/work_dir/projects/testbed/robots/TWIPR/software/robot/firmware/robot/firmware_v1/safety/twipr_safety.cpp:18:1:TWIPR_Supervisor::TWIPR_Supervisor()	16	static
J:/work_dir/work_dir/projects/testbed/robots/TWIPR/software/robot/firmware/robot/firmware_v1/safety/twipr_safety.cpp:23:6:void TWIPR_Supervisor::init(twipr_supervisor_config_t)	24	static
J:/work_dir/work_dir/projects/testbed/robots/TWIPR/software/robot/firmware/robot/firmware_v1/safety/twipr_safety.cpp:28:6:void TWIPR_Supervisor::start()	16	static
J:/work_dir/work_dir/projects/testbed/robots/TWIPR/software/robot/firmware/robot/firmware_v1/safety/twipr_safety.cpp:34:6:void TWIPR_Supervisor::task()	32	static
J:/work_dir/work_dir/projects/testbed/robots/TWIPR/software/robot/firmware/robot/firmware_v1/safety/twipr_safety.cpp:93:26:twipr_supervisor_error_t TWIPR_Supervisor::checkMotors()	16	static
J:/work_dir/work_dir/projects/testbed/robots/TWIPR/software/robot/firmware/robot/firmware_v1/safety/twipr_safety.cpp:115:26:twipr_supervisor_error_t TWIPR_Supervisor::checkMotorSpeed()	24	static
J:/work_dir/work_dir/projects/testbed/robots/TWIPR/software/robot/firmware/robot/firmware_v1/safety/twipr_safety.cpp:130:26:twipr_supervisor_error_t TWIPR_Supervisor::checkButton()	16	static
J:/work_dir/work_dir/projects/testbed/robots/TWIPR/software/robot/firmware/robot/firmware_v1/safety/twipr_safety.cpp:144:26:twipr_supervisor_error_t TWIPR_Supervisor::checkStuck()	24	static
J:/work_dir/work_dir/projects/testbed/robots/TWIPR/software/robot/firmware/robot/firmware_v1/safety/twipr_safety.cpp:184:26:twipr_supervisor_error_t TWIPR_Supervisor::checkControllers()	16	static
J:/work_dir/work_dir/projects/testbed/robots/TWIPR/software/robot/firmware/robot/firmware_v1/safety/twipr_safety.cpp:191:15:twipr_error_t TWIPR_Supervisor::check()	24	static
J:/work_dir/work_dir/projects/testbed/robots/TWIPR/software/robot/firmware/robot/firmware_v1/safety/twipr_safety.cpp:197:6:void TWIPR_Supervisor::sendWarning(twipr_supervisor_error_t, twipr_error_t, const char*, uint8_t)	40	static
J:/work_dir/work_dir/projects/testbed/robots/TWIPR/software/robot/firmware/robot/firmware_v1/safety/twipr_safety.cpp:212:6:void TWIPR_Supervisor::setError(twipr_error_t)	16	static
J:/work_dir/work_dir/projects/testbed/robots/TWIPR/software/robot/firmware/robot/firmware_v1/safety/twipr_safety.cpp:219:6:void startTwiprSupervisorTask(void*)	24	static
J:/work_dir/work_dir/projects/testbed/robots/TWIPR/software/robot/firmware/robot/firmware_v1/safety/twipr_safety.cpp:224:1:void __static_initialization_and_destruction_0(int, int)	16	static
J:/work_dir/work_dir/projects/testbed/robots/TWIPR/software/robot/firmware/robot/firmware_v1/safety/twipr_safety.cpp:224:1:cpp)	8	static
