Archive member included to satisfy reference by file (symbol)

C:/ST/STM32CubeIDE_1.13.2/STM32CubeIDE/plugins/com.st.stm32cube.ide.mcu.externaltools.gnu-tools-for-stm32.12.3.rel1.win32_1.0.200.202406191623/tools/bin/../lib/gcc/arm-none-eabi/12.3.1/../../../../arm-none-eabi/lib/thumb/v7e-m+fp/hard\libc_nano.a(libc_a-exit.o)
                              C:/ST/STM32CubeIDE_1.13.2/STM32CubeIDE/plugins/com.st.stm32cube.ide.mcu.externaltools.gnu-tools-for-stm32.12.3.rel1.win32_1.0.200.202406191623/tools/bin/../lib/gcc/arm-none-eabi/12.3.1/../../../../arm-none-eabi/lib/thumb/v7e-m+fp/hard/crt0.o (exit)
C:/ST/STM32CubeIDE_1.13.2/STM32CubeIDE/plugins/com.st.stm32cube.ide.mcu.externaltools.gnu-tools-for-stm32.12.3.rel1.win32_1.0.200.202406191623/tools/bin/../lib/gcc/arm-none-eabi/12.3.1/../../../../arm-none-eabi/lib/thumb/v7e-m+fp/hard\libc_nano.a(libc_a-findfp.o)
                              C:/ST/STM32CubeIDE_1.13.2/STM32CubeIDE/plugins/com.st.stm32cube.ide.mcu.externaltools.gnu-tools-for-stm32.12.3.rel1.win32_1.0.200.202406191623/tools/bin/../lib/gcc/arm-none-eabi/12.3.1/../../../../arm-none-eabi/lib/thumb/v7e-m+fp/hard\libc_nano.a(libc_a-exit.o) (__stdio_exit_handler)
C:/ST/STM32CubeIDE_1.13.2/STM32CubeIDE/plugins/com.st.stm32cube.ide.mcu.externaltools.gnu-tools-for-stm32.12.3.rel1.win32_1.0.200.202406191623/tools/bin/../lib/gcc/arm-none-eabi/12.3.1/../../../../arm-none-eabi/lib/thumb/v7e-m+fp/hard\libc_nano.a(libc_a-fwalk.o)
                              C:/ST/STM32CubeIDE_1.13.2/STM32CubeIDE/plugins/com.st.stm32cube.ide.mcu.externaltools.gnu-tools-for-stm32.12.3.rel1.win32_1.0.200.202406191623/tools/bin/../lib/gcc/arm-none-eabi/12.3.1/../../../../arm-none-eabi/lib/thumb/v7e-m+fp/hard\libc_nano.a(libc_a-findfp.o) (_fwalk_sglue)
C:/ST/STM32CubeIDE_1.13.2/STM32CubeIDE/plugins/com.st.stm32cube.ide.mcu.externaltools.gnu-tools-for-stm32.12.3.rel1.win32_1.0.200.202406191623/tools/bin/../lib/gcc/arm-none-eabi/12.3.1/../../../../arm-none-eabi/lib/thumb/v7e-m+fp/hard\libc_nano.a(libc_a-stdio.o)
                              C:/ST/STM32CubeIDE_1.13.2/STM32CubeIDE/plugins/com.st.stm32cube.ide.mcu.externaltools.gnu-tools-for-stm32.12.3.rel1.win32_1.0.200.202406191623/tools/bin/../lib/gcc/arm-none-eabi/12.3.1/../../../../arm-none-eabi/lib/thumb/v7e-m+fp/hard\libc_nano.a(libc_a-findfp.o) (__sread)
C:/ST/STM32CubeIDE_1.13.2/STM32CubeIDE/plugins/com.st.stm32cube.ide.mcu.externaltools.gnu-tools-for-stm32.12.3.rel1.win32_1.0.200.202406191623/tools/bin/../lib/gcc/arm-none-eabi/12.3.1/../../../../arm-none-eabi/lib/thumb/v7e-m+fp/hard\libc_nano.a(libc_a-memset.o)
                              C:/ST/STM32CubeIDE_1.13.2/STM32CubeIDE/plugins/com.st.stm32cube.ide.mcu.externaltools.gnu-tools-for-stm32.12.3.rel1.win32_1.0.200.202406191623/tools/bin/../lib/gcc/arm-none-eabi/12.3.1/../../../../arm-none-eabi/lib/thumb/v7e-m+fp/hard/crt0.o (memset)
C:/ST/STM32CubeIDE_1.13.2/STM32CubeIDE/plugins/com.st.stm32cube.ide.mcu.externaltools.gnu-tools-for-stm32.12.3.rel1.win32_1.0.200.202406191623/tools/bin/../lib/gcc/arm-none-eabi/12.3.1/../../../../arm-none-eabi/lib/thumb/v7e-m+fp/hard\libc_nano.a(libc_a-closer.o)
                              C:/ST/STM32CubeIDE_1.13.2/STM32CubeIDE/plugins/com.st.stm32cube.ide.mcu.externaltools.gnu-tools-for-stm32.12.3.rel1.win32_1.0.200.202406191623/tools/bin/../lib/gcc/arm-none-eabi/12.3.1/../../../../arm-none-eabi/lib/thumb/v7e-m+fp/hard\libc_nano.a(libc_a-stdio.o) (_close_r)
C:/ST/STM32CubeIDE_1.13.2/STM32CubeIDE/plugins/com.st.stm32cube.ide.mcu.externaltools.gnu-tools-for-stm32.12.3.rel1.win32_1.0.200.202406191623/tools/bin/../lib/gcc/arm-none-eabi/12.3.1/../../../../arm-none-eabi/lib/thumb/v7e-m+fp/hard\libc_nano.a(libc_a-reent.o)
                              C:/ST/STM32CubeIDE_1.13.2/STM32CubeIDE/plugins/com.st.stm32cube.ide.mcu.externaltools.gnu-tools-for-stm32.12.3.rel1.win32_1.0.200.202406191623/tools/bin/../lib/gcc/arm-none-eabi/12.3.1/../../../../arm-none-eabi/lib/thumb/v7e-m+fp/hard\libc_nano.a(libc_a-closer.o) (errno)
C:/ST/STM32CubeIDE_1.13.2/STM32CubeIDE/plugins/com.st.stm32cube.ide.mcu.externaltools.gnu-tools-for-stm32.12.3.rel1.win32_1.0.200.202406191623/tools/bin/../lib/gcc/arm-none-eabi/12.3.1/../../../../arm-none-eabi/lib/thumb/v7e-m+fp/hard\libc_nano.a(libc_a-impure.o)
                              C:/ST/STM32CubeIDE_1.13.2/STM32CubeIDE/plugins/com.st.stm32cube.ide.mcu.externaltools.gnu-tools-for-stm32.12.3.rel1.win32_1.0.200.202406191623/tools/bin/../lib/gcc/arm-none-eabi/12.3.1/../../../../arm-none-eabi/lib/thumb/v7e-m+fp/hard\libc_nano.a(libc_a-reent.o) (_impure_ptr)
C:/ST/STM32CubeIDE_1.13.2/STM32CubeIDE/plugins/com.st.stm32cube.ide.mcu.externaltools.gnu-tools-for-stm32.12.3.rel1.win32_1.0.200.202406191623/tools/bin/../lib/gcc/arm-none-eabi/12.3.1/../../../../arm-none-eabi/lib/thumb/v7e-m+fp/hard\libc_nano.a(libc_a-lseekr.o)
[...]
Memory Configuration

Name             Origin             Length             Attributes
RAM              0x20000000         0x00010000         xrw
RAM2             0x10000000         0x00004000         xrw
FLASH            0x08000000         0x00040000         xr
*default*        0x00000000         0xffffffff

Linker script and memory map

LOAD C:/ST/STM32CubeIDE_1.13.2/STM32CubeIDE/plugins/com.st.stm32cube.ide.mcu.externaltools.gnu-tools-for-stm32.12.3.rel1.win32_1.0.200.202406191623/tools/bin/../lib/gcc/arm-none-eabi/12.3.1/thumb/v7e-m+fp/hard/crti.o
LOAD C:/ST/STM32CubeIDE_1.13.2/STM32CubeIDE/plugins/com.st.stm32cube.ide.mcu.externaltools.gnu-tools-for-stm32.12.3.rel1.win32_1.0.200.202406191623/tools/bin/../lib/gcc/arm-none-eabi/12.3.1/thumb/v7e-m+fp/hard/crtbegin.o
LOAD C:/ST/STM32CubeIDE_1.13.2/STM32CubeIDE/plugins/com.st.stm32cube.ide.mcu.externaltools.gnu-tools-for-stm32.12.3.rel1.win32_1.0.200.202406191623/tools/bin/../lib/gcc/arm-none-eabi/12.3.1/../../../../arm-none-eabi/lib/thumb/v7e-m+fp/hard/crt0.o
LOAD ./Core/Src/main.o
LOAD ./Core/Src/stm32l4xx_hal_msp.o
LOAD ./Core/Src/stm32l4xx_it.o
LOAD ./Core/Src/syscalls.o
LOAD ./Core/Src/sysmem.o
LOAD ./Core/Src/system_stm32l4xx.o
LOAD ./Core/Startup/startup_stm32l431ccux.o
LOAD ./Drivers/STM32L4xx_HAL_Driver/Src/stm32l4xx_hal.o
LOAD ./Drivers/STM32L4xx_HAL_Driver/Src/stm32l4xx_hal_cortex.o
LOAD ./Drivers/STM32L4xx_HAL_Driver/Src/stm32l4xx_hal_dma.o
LOAD ./Drivers/STM32L4xx_HAL_Driver/Src/stm32l4xx_hal_dma_ex.o
LOAD ./Drivers/STM32L4xx_HAL_Driver/Src/stm32l4xx_hal_exti.o
LOAD ./Drivers/STM32L4xx_HAL_Driver/Src/stm32l4xx_hal_flash.o
LOAD ./Drivers/STM32L4xx_HAL_Driver/Src/stm32l4xx_hal_flash_ex.o
LOAD ./Drivers/STM32L4xx_HAL_Driver/Src/stm32l4xx_hal_flash_ramfunc.o
LOAD ./Drivers/STM32L4xx_HAL_Driver/Src/stm32l4xx_hal_gpio.o
LOAD ./Drivers/STM32L4xx_HAL_Driver/Src/stm32l4xx_hal_i2c.o
LOAD ./Drivers/STM32L4xx_HAL_Driver/Src/stm32l4xx_hal_i2c_ex.o
LOAD ./Drivers/STM32L4xx_HAL_Driver/Src/stm32l4xx_hal_pwr.o
LOAD ./Drivers/STM32L4xx_HAL_Driver/Src/stm32l4xx_hal_pwr_ex.o
LOAD ./Drivers/STM32L4xx_HAL_Driver/Src/stm32l4xx_hal_rcc.o
LOAD ./Drivers/STM32L4xx_HAL_Driver/Src/stm32l4xx_hal_rcc_ex.o
LOAD ./Drivers/STM32L4xx_HAL_Driver/Src/stm32l4xx_hal_tim.o
LOAD ./Drivers/STM32L4xx_HAL_Driver/Src/stm32l4xx_hal_tim_ex.o
LOAD ./firmware/buzzer/buzzer.o
LOAD ./firmware/callbacks/callback.o
LOAD ./firmware/eeprom/eeprom.o
LOAD ./firmware/firmware.o
LOAD ./firmware/registers.o
LOAD ./firmware/i2c/i2c_slave.o
LOAD ./firmware/led/led.o
LOAD ./firmware/neopixel/ws2812.o
LOAD ./firmware/utils/elapsedMillis.o
START GROUP
LOAD C:/ST/STM32CubeIDE_1.13.2/STM32CubeIDE/plugins/com.st.stm32cube.ide.mcu.externaltools.gnu-tools-for-stm32.12.3.rel1.win32_1.0.200.202406191623/tools/bin/../lib/gcc/arm-none-eabi/12.3.1/../../../../arm-none-eabi/lib/thumb/v7e-m+fp/hard\libstdc++_nano.a
LOAD C:/ST/STM32CubeIDE_1.13.2/STM32CubeIDE/plugins/com.st.stm32cube.ide.mcu.externaltools.gnu-tools-for-stm32.12.3.rel1.win32_1.0.200.202406191623/tools/bin/../lib/gcc/arm-none-eabi/12.3.1/../../../../arm-none-eabi/lib/thumb/v7e-m+fp/hard\libsupc++_nano.a
END GROUP
LOAD C:/ST/STM32CubeIDE_1.13.2/STM32CubeIDE/plugins/com.st.stm32cube.ide.mcu.externaltools.gnu-tools-for-stm32.12.3.rel1.win32_1.0.200.202406191623/tools/bin/../lib/gcc/arm-none-eabi/12.3.1/../../../../arm-none-eabi/lib/thumb/v7e-m+fp/hard\libstdc++_nano.a
LOAD C:/ST/STM32CubeIDE_1.13.2/STM32CubeIDE/plugins/com.st.stm32cube.ide.mcu.externaltools.gnu-tools-for-stm32.12.3.rel1.win32_1.0.200.202406191623/tools/bin/../lib/gcc/arm-none-eabi/12.3.1/../../../../arm-none-eabi/lib/thumb/v7e-m+fp/hard\libm.a
LOAD C:/ST/STM32CubeIDE_1.13.2/STM32CubeIDE/plugins/com.st.stm32cube.ide.mcu.externaltools.gnu-tools-for-stm32.12.3.rel1.win32_1.0.200.202406191623/tools/bin/../lib/gcc/arm-none-eabi/12.3.1/../../../../arm-none-eabi/lib/thumb/v7e-m+fp/hard\libc_nano.a
START GROUP
LOAD C:/ST/STM32CubeIDE_1.13.2/STM32CubeIDE/plugins/com.st.stm32cube.ide.mcu.externaltools.gnu-tools-for-stm32.12.3.rel1.win32_1.0.200.202406191623/tools/bin/../lib/gcc/arm-none-eabi/12.3.1/thumb/v7e-m+fp/hard\libgcc.a
LOAD C:/ST/STM32CubeIDE_1.13.2/STM32CubeIDE/plugins/com.st.stm32cube.ide.mcu.externaltools.gnu-tools-for-stm32.12.3.rel1.win32_1.0.200.202406191623/tools/bin/../lib/gcc/arm-none-eabi/12.3.1/../../../../arm-none-eabi/lib/thumb/v7e-m+fp/hard\libc_nano.a
END GROUP
START GROUP
LOAD C:/ST/STM32CubeIDE_1.13.2/STM32CubeIDE/plugins/com.st.stm32cube.ide.mcu.externaltools.gnu-tools-for-stm32.12.3.rel1.win32_1.0.200.202406191623/tools/bin/../lib/gcc/arm-none-eabi/12.3.1/thumb/v7e-m+fp/hard\libgcc.a
LOAD C:/ST/STM32CubeIDE_1.13.2/STM32CubeIDE/plugins/com.st.stm32cube.ide.mcu.externaltools.gnu-tools-for-stm32.12.3.rel1.win32_1.0.200.202406191623/tools/bin/../lib/gcc/arm-none-eabi/12.3.1/../../../../arm-none-eabi/lib/thumb/v7e-m+fp/hard\libc_nano.a
LOAD C:/ST/STM32CubeIDE_1.13.2/STM32CubeIDE/plugins/com.st.stm32cube.ide.mcu.externaltools.gnu-tools-for-stm32.12.3.rel1.win32_1.0.200.202406191623/tools/bin/../lib/gcc/arm-none-eabi/12.3.1/../../../../arm-none-eabi/lib/thumb/v7e-m+fp/hard\libnosys.a
END GROUP
START GROUP
LOAD C:/ST/STM32CubeIDE_1.13.2/STM32CubeIDE/plugins/com.st.stm32cube.ide.mcu.externaltools.gnu-tools-for-stm32.12.3.rel1.win32_1.0.200.202406191623/tools/bin/../lib/gcc/arm-none-eabi/12.3.1/thumb/v7e-m+fp/hard\libgcc.a
LOAD C:/ST/STM32CubeIDE_1.13.2/STM32CubeIDE/plugins/com.st.stm32cube.ide.mcu.externaltools.gnu-tools-for-stm32.12.3.rel1.win32_1.0.200.202406191623/tools/bin/../lib/gcc/arm-none-eabi/12.3.1/../../../../arm-none-eabi/lib/thumb/v7e-m+fp/hard\libc_nano.a
LOAD C:/ST/STM32CubeIDE_1.13.2/STM32CubeIDE/plugins/com.st.stm32cube.ide.mcu.externaltools.gnu-tools-for-stm32.12.3.rel1.win32_1.0.200.202406191623/tools/bin/../lib/gcc/arm-none-eabi/12.3.1/../../../../arm-none-eabi/lib/thumb/v7e-m+fp/hard\libnosys.a
END GROUP
LOAD C:/ST/STM32CubeIDE_1.13.2/STM32CubeIDE/plugins/com.st.stm32cube.ide.mcu.externaltools.gnu-tools-for-stm32.12.3.rel1.win32_1.0.200.202406191623/tools/bin/../lib/gcc/arm-none-eabi/12.3.1/thumb/v7e-m+fp/hard/crtend.o
LOAD C:/ST/STM32CubeIDE_1.13.2/STM32CubeIDE/plugins/com.st.stm32cube.ide.mcu.externaltools.gnu-tools-for-stm32.12.3.rel1.win32_1.0.200.202406191623/tools/bin/../lib/gcc/arm-none-eabi/12.3.1/thumb/v7e-m+fp/hard/crtn.o
                0x20010000                        _estack = (ORIGIN (RAM) + LENGTH (RAM))
                0x00000200                        _Min_Heap_Size = 0x200
                0x00000400                        _Min_Stack_Size = 0x400

.isr_vector     0x08000000      0x18c
                0x08000000                        . = ALIGN (0x4)
 *(.isr_vector)
 .isr_vector    0x08000000      0x18c ./Core/Startup/startup_stm32l431ccux.o
                0x08000000                g_pfnVectors
                0x0800018c                        . = ALIGN (0x4)

.text           0x0800018c     0x6c94
                0x0800018c                        . = ALIGN (0x4)
 *(.text)
 .text          0x0800018c       0x40 C:/ST/STM32CubeIDE_1.13.2/STM32CubeIDE/plugins/com.st.stm32cube.ide.mcu.externaltools.gnu-tools-for-stm32.12.3.rel1.win32_1.0.200.202406191623/tools/bin/../lib/gcc/arm-none-eabi/12.3.1/thumb/v7e-m+fp/hard/crtbegin.o
 *(.text*)
 .text.main     0x080001cc       0x32 ./Core/Src/main.o
                0x080001cc                main
 .text.SystemClock_Config
                0x080001fe       0xa4 ./Core/Src/main.o
                0x080001fe                SystemClock_Config
 *fill*         0x080002a2        0x2 
 .text.MX_I2C1_Init
                0x080002a4       0x80 ./Core/Src/main.o
 .text.MX_I2C2_Init
                0x08000324       0x80 ./Core/Src/main.o
 .text.MX_TIM1_Init
                0x080003a4      0x11c ./Core/Src/main.o
 .text.MX_TIM2_Init
                0x080004c0       0xb0 ./Core/Src/main.o
 .text.MX_TIM15_Init
                0x08000570      0x108 ./Core/Src/main.o
 .text.MX_DMA_Init
                0x08000678       0x4c ./Core/Src/main.o
 .text.MX_GPIO_Init
                0x080006c4       0xe4 ./Core/Src/main.o
 .text.Error_Handler
                0x080007a8        0xc ./Core/Src/main.o
                0x080007a8                Error_Handler
 .text.HAL_MspInit
                0x080007b4       0x48 ./Core/Src/stm32l4xx_hal_msp.o
                0x080007b4                HAL_MspInit
 .text.HAL_I2C_MspInit
                0x080007fc      0x17c ./Core/Src/stm32l4xx_hal_msp.o
                0x080007fc                HAL_I2C_MspInit
 .text.HAL_TIM_PWM_MspInit
                0x08000978      0x140 ./Core/Src/stm32l4xx_hal_msp.o
                0x08000978                HAL_TIM_PWM_MspInit
 .text.HAL_TIM_MspPostInit
                0x08000ab8      0x100 ./Core/Src/stm32l4xx_hal_msp.o
                0x08000ab8                HAL_TIM_MspPostInit
 .text.NMI_Handler
                0x08000bb8        0x8 ./Core/Src/stm32l4xx_it.o
                0x08000bb8                NMI_Handler
 .text.HardFault_Handler
                0x08000bc0        0x8 ./Core/Src/stm32l4xx_it.o
                0x08000bc0                HardFault_Handler
 .text.MemManage_Handler
                0x08000bc8        0x8 ./Core/Src/stm32l4xx_it.o
                0x08000bc8                MemManage_Handler
 .text.BusFault_Handler
                0x08000bd0        0x8 ./Core/Src/stm32l4xx_it.o
                0x08000bd0                BusFault_Handler
 .text.UsageFault_Handler
                0x08000bd8        0x8 ./Core/Src/stm32l4xx_it.o
                0x08000bd8                UsageFault_Handler
 .text.SVC_Handler
                0x08000be0        0xe ./Core/Src/stm32l4xx_it.o
                0x08000be0                SVC_Handler
 .text.DebugMon_Handler
                0x08000bee        0xe ./Core/Src/stm32l4xx_it.o
                0x08000bee                DebugMon_Handler
 .text.PendSV_Handler
                0x08000bfc        0xe ./Core/Src/stm32l4xx_it.o
                0x08000bfc                PendSV_Handler
 .text.SysTick_Handler
                0x08000c0a        0xc ./Core/Src/stm32l4xx_it.o
                0x08000c0a                SysTick_Handler
 *fill*         0x08000c16        0x2 
 .text.DMA1_Channel2_IRQHandler
                0x08000c18       0x14 ./Core/Src/stm32l4xx_it.o
                0x08000c18                DMA1_Channel2_IRQHandler
 .text.DMA1_Channel5_IRQHandler
                0x08000c2c       0x14 ./Core/Src/stm32l4xx_it.o
                0x08000c2c                DMA1_Channel5_IRQHandler
 .text.I2C1_EV_IRQHandler
                0x08000c40       0x14 ./Core/Src/stm32l4xx_it.o
                0x08000c40                I2C1_EV_IRQHandler
 .text.I2C1_ER_IRQHandler
                0x08000c54       0x14 ./Core/Src/stm32l4xx_it.o
                0x08000c54                I2C1_ER_IRQHandler
 .text.I2C2_EV_IRQHandler
                0x08000c68       0x14 ./Core/Src/stm32l4xx_it.o
                0x08000c68                I2C2_EV_IRQHandler
 .text.I2C2_ER_IRQHandler
                0x08000c7c       0x14 ./Core/Src/stm32l4xx_it.o
                0x08000c7c                I2C2_ER_IRQHandler
 .text.SystemInit
                0x08000c90       0x24 ./Core/Src/system_stm32l4xx.o
                0x08000c90                SystemInit
 .text.Reset_Handler
                0x08000cb4       0x50 ./Core/Startup/startup_stm32l431ccux.o
                0x08000cb4                Reset_Handler
 .text.Default_Handler
                0x08000d04        0x2 ./Core/Startup/startup_stm32l431ccux.o
                0x08000d04                RTC_Alarm_IRQHandler
                0x08000d04                EXTI2_IRQHandler
                0x08000d04                TIM1_CC_IRQHandler
                0x08000d04                TSC_IRQHandler
                0x08000d04                TAMP_STAMP_IRQHandler
                0x08000d04                EXTI3_IRQHandler
                0x08000d04                LPTIM2_IRQHandler
                0x08000d04                I2C3_ER_IRQHandler
                0x08000d04                EXTI0_IRQHandler
                0x08000d04                CAN1_RX0_IRQHandler
                0x08000d04                FPU_IRQHandler
                0x08000d04                TIM1_UP_TIM16_IRQHandler
                0x08000d04                SPI1_IRQHandler
                0x08000d04                TIM6_DAC_IRQHandler
                0x08000d04                DMA2_Channel2_IRQHandler
                0x08000d04                DMA1_Channel4_IRQHandler
                0x08000d04                ADC1_IRQHandler
                0x08000d04                USART3_IRQHandler
                0x08000d04                DMA1_Channel7_IRQHandler
                0x08000d04                CAN1_RX1_IRQHandler
                0x08000d04                DMA2_Channel1_IRQHandler
                0x08000d04                QUADSPI_IRQHandler
                0x08000d04                DMA1_Channel6_IRQHandler
                0x08000d04                DMA2_Channel4_IRQHandler
                0x08000d04                RCC_IRQHandler
                0x08000d04                TIM1_TRG_COM_IRQHandler
                0x08000d04                DMA1_Channel1_IRQHandler
                0x08000d04                Default_Handler
                0x08000d04                DMA2_Channel7_IRQHandler
                0x08000d04                EXTI15_10_IRQHandler
                0x08000d04                TIM7_IRQHandler
                0x08000d04                SDMMC1_IRQHandler
                0x08000d04                I2C3_EV_IRQHandler
                0x08000d04                EXTI9_5_IRQHandler
                0x08000d04                RTC_WKUP_IRQHandler
                0x08000d04                PVD_PVM_IRQHandler
                0x08000d04                SPI2_IRQHandler
                0x08000d04                CAN1_TX_IRQHandler
                0x08000d04                DMA2_Channel5_IRQHandler
                0x08000d04                CRS_IRQHandler
                0x08000d04                EXTI4_IRQHandler
                0x08000d04                RNG_IRQHandler
                0x08000d04                DMA1_Channel3_IRQHandler
                0x08000d04                COMP_IRQHandler
                0x08000d04                WWDG_IRQHandler
                0x08000d04                LPUART1_IRQHandler
                0x08000d04                DMA2_Channel6_IRQHandler
                0x08000d04                TIM2_IRQHandler
                0x08000d04                EXTI1_IRQHandler
                0x08000d04                USART2_IRQHandler
                0x08000d04                CAN1_SCE_IRQHandler
                0x08000d04                FLASH_IRQHandler
                0x08000d04                USART1_IRQHandler
                0x08000d04                SPI3_IRQHandler
                0x08000d04                SWPMI1_IRQHandler
                0x08000d04                LPTIM1_IRQHandler
                0x08000d04                SAI1_IRQHandler
                0x08000d04                DMA2_Channel3_IRQHandler
                0x08000d04                TIM1_BRK_TIM15_IRQHandler
 .text.HAL_Init
                0x08000d06       0x30 ./Drivers/STM32L4xx_HAL_Driver/Src/stm32l4xx_hal.o
                0x08000d06                HAL_Init
 *fill*         0x08000d36        0x2 
 .text.HAL_InitTick
                0x08000d38       0x78 ./Drivers/STM32L4xx_HAL_Driver/Src/stm32l4xx_hal.o
                0x08000d38                HAL_InitTick
 .text.HAL_IncTick
                0x08000db0       0x28 ./Drivers/STM32L4xx_HAL_Driver/Src/stm32l4xx_hal.o
                0x08000db0                HAL_IncTick
 .text.HAL_GetTick
                0x08000dd8       0x18 ./Drivers/STM32L4xx_HAL_Driver/Src/stm32l4xx_hal.o
                0x08000dd8                HAL_GetTick
 .text.HAL_Delay
                0x08000df0       0x48 ./Drivers/STM32L4xx_HAL_Driver/Src/stm32l4xx_hal.o
                0x08000df0                HAL_Delay
 .text.__NVIC_SetPriorityGrouping
                0x08000e38       0x48 ./Drivers/STM32L4xx_HAL_Driver/Src/stm32l4xx_hal_cortex.o
 .text.__NVIC_GetPriorityGrouping
                0x08000e80       0x1c ./Drivers/STM32L4xx_HAL_Driver/Src/stm32l4xx_hal_cortex.o
 .text.__NVIC_EnableIRQ
                0x08000e9c       0x3c ./Drivers/STM32L4xx_HAL_Driver/Src/stm32l4xx_hal_cortex.o
 .text.__NVIC_SetPriority
                0x08000ed8       0x54 ./Drivers/STM32L4xx_HAL_Driver/Src/stm32l4xx_hal_cortex.o
 .text.NVIC_EncodePriority
                0x08000f2c       0x66 ./Drivers/STM32L4xx_HAL_Driver/Src/stm32l4xx_hal_cortex.o
 *fill*         0x08000f92        0x2 
 .text.SysTick_Config
                0x08000f94       0x44 ./Drivers/STM32L4xx_HAL_Driver/Src/stm32l4xx_hal_cortex.o
 .text.HAL_NVIC_SetPriorityGrouping
                0x08000fd8       0x16 ./Drivers/STM32L4xx_HAL_Driver/Src/stm32l4xx_hal_cortex.o
                0x08000fd8                HAL_NVIC_SetPriorityGrouping
 .text.HAL_NVIC_SetPriority
                0x08000fee       0x38 ./Drivers/STM32L4xx_HAL_Driver/Src/stm32l4xx_hal_cortex.o
                0x08000fee                HAL_NVIC_SetPriority
 .text.HAL_NVIC_EnableIRQ
                0x08001026       0x1c ./Drivers/STM32L4xx_HAL_Driver/Src/stm32l4xx_hal_cortex.o
                0x08001026                HAL_NVIC_EnableIRQ
 .text.HAL_SYSTICK_Config
                0x08001042       0x18 ./Drivers/STM32L4xx_HAL_Driver/Src/stm32l4xx_hal_cortex.o
                0x08001042                HAL_SYSTICK_Config
 *fill*         0x0800105a        0x2 
 .text.HAL_DMA_Init
                0x0800105c      0x170 ./Drivers/STM32L4xx_HAL_Driver/Src/stm32l4xx_hal_dma.o
                0x0800105c                HAL_DMA_Init
 .text.HAL_DMA_Start_IT
                0x080011cc       0xc0 ./Drivers/STM32L4xx_HAL_Driver/Src/stm32l4xx_hal_dma.o
                0x080011cc                HAL_DMA_Start_IT
 .text.HAL_DMA_Abort_IT
                0x0800128c       0x82 ./Drivers/STM32L4xx_HAL_Driver/Src/stm32l4xx_hal_dma.o
                0x0800128c                HAL_DMA_Abort_IT
 .text.HAL_DMA_IRQHandler
                0x0800130e      0x15e ./Drivers/STM32L4xx_HAL_Driver/Src/stm32l4xx_hal_dma.o
                0x0800130e                HAL_DMA_IRQHandler
 .text.HAL_DMA_GetState
                0x0800146c       0x1c ./Drivers/STM32L4xx_HAL_Driver/Src/stm32l4xx_hal_dma.o
                0x0800146c                HAL_DMA_GetState
 .text.DMA_SetConfig
                0x08001488       0x60 ./Drivers/STM32L4xx_HAL_Driver/Src/stm32l4xx_hal_dma.o
 .text.HAL_GPIO_Init
                0x080014e8      0x2f4 ./Drivers/STM32L4xx_HAL_Driver/Src/stm32l4xx_hal_gpio.o
                0x080014e8                HAL_GPIO_Init
 .text.HAL_GPIO_ReadPin
                0x080017dc       0x30 ./Drivers/STM32L4xx_HAL_Driver/Src/stm32l4xx_hal_gpio.o
                0x080017dc                HAL_GPIO_ReadPin
 .text.HAL_GPIO_WritePin
                0x0800180c       0x30 ./Drivers/STM32L4xx_HAL_Driver/Src/stm32l4xx_hal_gpio.o
                0x0800180c                HAL_GPIO_WritePin
 .text.HAL_GPIO_TogglePin
                0x0800183c       0x34 ./Drivers/STM32L4xx_HAL_Driver/Src/stm32l4xx_hal_gpio.o
                0x0800183c                HAL_GPIO_TogglePin
 .text.HAL_I2C_Init
                0x08001870      0x136 ./Drivers/STM32L4xx_HAL_Driver/Src/stm32l4xx_hal_i2c.o
                0x08001870                HAL_I2C_Init
 *fill*         0x080019a6        0x2 
 .text.HAL_I2C_Slave_Seq_Transmit_IT
                0x080019a8      0x164 ./Drivers/STM32L4xx_HAL_Driver/Src/stm32l4xx_hal_i2c.o
                0x080019a8                HAL_I2C_Slave_Seq_Transmit_IT
 .text.HAL_I2C_Slave_Seq_Receive_IT
                0x08001b0c      0x164 ./Drivers/STM32L4xx_HAL_Driver/Src/stm32l4xx_hal_i2c.o
                0x08001b0c                HAL_I2C_Slave_Seq_Receive_IT
 .text.HAL_I2C_EnableListen_IT
                0x08001c70       0x40 ./Drivers/STM32L4xx_HAL_Driver/Src/stm32l4xx_hal_i2c.o
                0x08001c70                HAL_I2C_EnableListen_IT
 .text.HAL_I2C_EV_IRQHandler
                0x08001cb0       0x34 ./Drivers/STM32L4xx_HAL_Driver/Src/stm32l4xx_hal_i2c.o
                0x08001cb0                HAL_I2C_EV_IRQHandler
 .text.HAL_I2C_ER_IRQHandler
                0x08001ce4       0xb6 ./Drivers/STM32L4xx_HAL_Driver/Src/stm32l4xx_hal_i2c.o
                0x08001ce4                HAL_I2C_ER_IRQHandler
 .text.HAL_I2C_MasterTxCpltCallback
                0x08001d9a       0x14 ./Drivers/STM32L4xx_HAL_Driver/Src/stm32l4xx_hal_i2c.o
                0x08001d9a                HAL_I2C_MasterTxCpltCallback
 .text.HAL_I2C_MasterRxCpltCallback
                0x08001dae       0x14 ./Drivers/STM32L4xx_HAL_Driver/Src/stm32l4xx_hal_i2c.o
                0x08001dae                HAL_I2C_MasterRxCpltCallback
 .text.HAL_I2C_MemTxCpltCallback
                0x08001dc2       0x14 ./Drivers/STM32L4xx_HAL_Driver/Src/stm32l4xx_hal_i2c.o
                0x08001dc2                HAL_I2C_MemTxCpltCallback
 .text.HAL_I2C_MemRxCpltCallback
                0x08001dd6       0x14 ./Drivers/STM32L4xx_HAL_Driver/Src/stm32l4xx_hal_i2c.o
                0x08001dd6                HAL_I2C_MemRxCpltCallback
 .text.HAL_I2C_GetError
                0x08001dea       0x18 ./Drivers/STM32L4xx_HAL_Driver/Src/stm32l4xx_hal_i2c.o
                0x08001dea                HAL_I2C_GetError
 .text.I2C_Slave_ISR_IT
                0x08001e02      0x1f0 ./Drivers/STM32L4xx_HAL_Driver/Src/stm32l4xx_hal_i2c.o
 .text.I2C_Master_ISR_DMA
                0x08001ff2      0x1d6 ./Drivers/STM32L4xx_HAL_Driver/Src/stm32l4xx_hal_i2c.o
 .text.I2C_Mem_ISR_DMA
                0x080021c8      0x24c ./Drivers/STM32L4xx_HAL_Driver/Src/stm32l4xx_hal_i2c.o
 .text.I2C_Slave_ISR_DMA
                0x08002414      0x1ac ./Drivers/STM32L4xx_HAL_Driver/Src/stm32l4xx_hal_i2c.o
 .text.I2C_ITAddrCplt
                0x080025c0      0x108 ./Drivers/STM32L4xx_HAL_Driver/Src/stm32l4xx_hal_i2c.o
 .text.I2C_ITMasterSeqCplt
                0x080026c8       0x7a ./Drivers/STM32L4xx_HAL_Driver/Src/stm32l4xx_hal_i2c.o
 .text.I2C_ITSlaveSeqCplt
                0x08002742       0xb8 ./Drivers/STM32L4xx_HAL_Driver/Src/stm32l4xx_hal_i2c.o
 *fill*         0x080027fa        0x2 
 .text.I2C_ITMasterCplt
                0x080027fc      0x190 ./Drivers/STM32L4xx_HAL_Driver/Src/stm32l4xx_hal_i2c.o
 .text.I2C_ITSlaveCplt
                0x0800298c      0x224 ./Drivers/STM32L4xx_HAL_Driver/Src/stm32l4xx_hal_i2c.o
 .text.I2C_ITListenCplt
                0x08002bb0       0xa8 ./Drivers/STM32L4xx_HAL_Driver/Src/stm32l4xx_hal_i2c.o
 .text.I2C_ITError
                0x08002c58      0x1e0 ./Drivers/STM32L4xx_HAL_Driver/Src/stm32l4xx_hal_i2c.o
 .text.I2C_TreatErrorCallback
                0x08002e38       0x4e ./Drivers/STM32L4xx_HAL_Driver/Src/stm32l4xx_hal_i2c.o
 .text.I2C_Flush_TXDR
                0x08002e86       0x48 ./Drivers/STM32L4xx_HAL_Driver/Src/stm32l4xx_hal_i2c.o
 .text.I2C_DMAAbort
                0x08002ece       0x3c ./Drivers/STM32L4xx_HAL_Driver/Src/stm32l4xx_hal_i2c.o
 *fill*         0x08002f0a        0x2 
 .text.I2C_TransferConfig
                0x08002f0c       0x64 ./Drivers/STM32L4xx_HAL_Driver/Src/stm32l4xx_hal_i2c.o
 .text.I2C_Enable_IRQ
                0x08002f70      0x108 ./Drivers/STM32L4xx_HAL_Driver/Src/stm32l4xx_hal_i2c.o
 .text.I2C_Disable_IRQ
                0x08003078       0xbc ./Drivers/STM32L4xx_HAL_Driver/Src/stm32l4xx_hal_i2c.o
 .text.HAL_I2CEx_ConfigAnalogFilter
                0x08003134       0x96 ./Drivers/STM32L4xx_HAL_Driver/Src/stm32l4xx_hal_i2c_ex.o
                0x08003134                HAL_I2CEx_ConfigAnalogFilter
 .text.HAL_I2CEx_ConfigDigitalFilter
                0x080031ca       0x98 ./Drivers/STM32L4xx_HAL_Driver/Src/stm32l4xx_hal_i2c_ex.o
                0x080031ca                HAL_I2CEx_ConfigDigitalFilter
 *fill*         0x08003262        0x2 
 .text.HAL_PWREx_GetVoltageRange
                0x08003264       0x1c ./Drivers/STM32L4xx_HAL_Driver/Src/stm32l4xx_hal_pwr_ex.o
                0x08003264                HAL_PWREx_GetVoltageRange
 .text.HAL_PWREx_ControlVoltageScaling
                0x08003280       0xac ./Drivers/STM32L4xx_HAL_Driver/Src/stm32l4xx_hal_pwr_ex.o
                0x08003280                HAL_PWREx_ControlVoltageScaling
 .text.HAL_RCC_OscConfig
                0x0800332c      0x828 ./Drivers/STM32L4xx_HAL_Driver/Src/stm32l4xx_hal_rcc.o
                0x0800332c                HAL_RCC_OscConfig
 .text.HAL_RCC_ClockConfig
                0x08003b54      0x200 ./Drivers/STM32L4xx_HAL_Driver/Src/stm32l4xx_hal_rcc.o
                0x08003b54                HAL_RCC_ClockConfig
 .text.HAL_RCC_GetSysClockFreq
                0x08003d54      0x118 ./Drivers/STM32L4xx_HAL_Driver/Src/stm32l4xx_hal_rcc.o
                0x08003d54                HAL_RCC_GetSysClockFreq
 .text.RCC_SetFlashLatencyFromMSIRange
                0x08003e6c       0xc0 ./Drivers/STM32L4xx_HAL_Driver/Src/stm32l4xx_hal_rcc.o
 .text.HAL_RCCEx_PeriphCLKConfig
                0x08003f2c      0x430 ./Drivers/STM32L4xx_HAL_Driver/Src/stm32l4xx_hal_rcc_ex.o
                0x08003f2c                HAL_RCCEx_PeriphCLKConfig
 .text.RCCEx_PLLSAI1_Config
                0x0800435c      0x1e4 ./Drivers/STM32L4xx_HAL_Driver/Src/stm32l4xx_hal_rcc_ex.o
 .text.HAL_TIM_PWM_Init
                0x08004540       0xae ./Drivers/STM32L4xx_HAL_Driver/Src/stm32l4xx_hal_tim.o
                0x08004540                HAL_TIM_PWM_Init
 *fill*         0x080045ee        0x2 
 .text.HAL_TIM_PWM_Start
                0x080045f0      0x1bc ./Drivers/STM32L4xx_HAL_Driver/Src/stm32l4xx_hal_tim.o
                0x080045f0                HAL_TIM_PWM_Start
 .text.HAL_TIM_PWM_Stop
                0x080047ac      0x110 ./Drivers/STM32L4xx_HAL_Driver/Src/stm32l4xx_hal_tim.o
                0x080047ac                HAL_TIM_PWM_Stop
 .text.HAL_TIM_PWM_Start_DMA
                0x080048bc      0x3f0 ./Drivers/STM32L4xx_HAL_Driver/Src/stm32l4xx_hal_tim.o
                0x080048bc                HAL_TIM_PWM_Start_DMA
 .text.HAL_TIM_PWM_Stop_DMA
                0x08004cac      0x1d0 ./Drivers/STM32L4xx_HAL_Driver/Src/stm32l4xx_hal_tim.o
                0x08004cac                HAL_TIM_PWM_Stop_DMA
 .text.HAL_TIM_PWM_ConfigChannel
                0x08004e7c      0x228 ./Drivers/STM32L4xx_HAL_Driver/Src/stm32l4xx_hal_tim.o
                0x08004e7c                HAL_TIM_PWM_ConfigChannel
 .text.HAL_TIM_PWM_PulseFinishedHalfCpltCallback
                0x080050a4       0x14 ./Drivers/STM32L4xx_HAL_Driver/Src/stm32l4xx_hal_tim.o
                0x080050a4                HAL_TIM_PWM_PulseFinishedHalfCpltCallback
 .text.HAL_TIM_ErrorCallback
                0x080050b8       0x14 ./Drivers/STM32L4xx_HAL_Driver/Src/stm32l4xx_hal_tim.o
                0x080050b8                HAL_TIM_ErrorCallback
 .text.TIM_DMAError
                0x080050cc       0x92 ./Drivers/STM32L4xx_HAL_Driver/Src/stm32l4xx_hal_tim.o
                0x080050cc                TIM_DMAError
 .text.TIM_DMADelayPulseCplt
                0x0800515e       0xa8 ./Drivers/STM32L4xx_HAL_Driver/Src/stm32l4xx_hal_tim.o
 .text.TIM_DMADelayPulseHalfCplt
                0x08005206       0x68 ./Drivers/STM32L4xx_HAL_Driver/Src/stm32l4xx_hal_tim.o
                0x08005206                TIM_DMADelayPulseHalfCplt
 *fill*         0x0800526e        0x2 
 .text.TIM_Base_SetConfig
                0x08005270       0xc8 ./Drivers/STM32L4xx_HAL_Driver/Src/stm32l4xx_hal_tim.o
                0x08005270                TIM_Base_SetConfig
 .text.TIM_OC1_SetConfig
                0x08005338       0xf8 ./Drivers/STM32L4xx_HAL_Driver/Src/stm32l4xx_hal_tim.o
 .text.TIM_OC2_SetConfig
                0x08005430       0xf4 ./Drivers/STM32L4xx_HAL_Driver/Src/stm32l4xx_hal_tim.o
                0x08005430                TIM_OC2_SetConfig
 .text.TIM_OC3_SetConfig
                0x08005524       0xf0 ./Drivers/STM32L4xx_HAL_Driver/Src/stm32l4xx_hal_tim.o
 .text.TIM_OC4_SetConfig
                0x08005614       0xbc ./Drivers/STM32L4xx_HAL_Driver/Src/stm32l4xx_hal_tim.o
 .text.TIM_OC5_SetConfig
                0x080056d0       0xb0 ./Drivers/STM32L4xx_HAL_Driver/Src/stm32l4xx_hal_tim.o
 .text.TIM_OC6_SetConfig
                0x08005780       0xb4 ./Drivers/STM32L4xx_HAL_Driver/Src/stm32l4xx_hal_tim.o
 .text.TIM_CCxChannelCmd
                0x08005834       0x4a ./Drivers/STM32L4xx_HAL_Driver/Src/stm32l4xx_hal_tim.o
                0x08005834                TIM_CCxChannelCmd
 *fill*         0x0800587e        0x2 
 .text.HAL_TIMEx_MasterConfigSynchronization
                0x08005880       0xcc ./Drivers/STM32L4xx_HAL_Driver/Src/stm32l4xx_hal_tim_ex.o
                0x08005880                HAL_TIMEx_MasterConfigSynchronization
 .text.HAL_TIMEx_ConfigBreakDeadTime
                0x0800594c       0xf0 ./Drivers/STM32L4xx_HAL_Driver/Src/stm32l4xx_hal_tim_ex.o
                0x0800594c                HAL_TIMEx_ConfigBreakDeadTime
 .text._ZN13elapsedMillis5resetEv
                0x08005a3c       0x1a ./firmware/buzzer/buzzer.o
                0x08005a3c                elapsedMillis::reset()
 .text._ZN13elapsedMillisC2Ev
                0x08005a56       0x1c ./firmware/buzzer/buzzer.o
                0x08005a56                elapsedMillis::elapsedMillis()
                0x08005a56                elapsedMillis::elapsedMillis()
 .text._ZNK13elapsedMilliscvmEv
                0x08005a72       0x1c ./firmware/buzzer/buzzer.o
                0x08005a72                elapsedMillis::operator unsigned long() const
 .text._ZN6BuzzerC2EP17TIM_HandleTypeDefm
                0x08005a8e       0x3e ./firmware/buzzer/buzzer.o
                0x08005a8e                Buzzer::Buzzer(TIM_HandleTypeDef*, unsigned long)
                0x08005a8e                Buzzer::Buzzer(TIM_HandleTypeDef*, unsigned long)
 .text._ZN6Buzzer8pwmStartEv
                0x08005acc      0x1a8 ./firmware/buzzer/buzzer.o
                0x08005acc                Buzzer::pwmStart()
 .text._ZN6Buzzer7pwmStopEv
                0x08005c74       0x26 ./firmware/buzzer/buzzer.o
                0x08005c74                Buzzer::pwmStop()
 .text._ZN6Buzzer9setConfigEfta
                0x08005c9a       0x32 ./firmware/buzzer/buzzer.o
                0x08005c9a                Buzzer::setConfig(float, unsigned short, signed char)
 .text._ZN6Buzzer5startEv
                0x08005ccc       0x30 ./firmware/buzzer/buzzer.o
                0x08005ccc                Buzzer::start()
 .text._ZN6Buzzer6updateEv
                0x08005cfc       0x9c ./firmware/buzzer/buzzer.o
                0x08005cfc                Buzzer::update()
 .text._ZN19core_utils_CallbackC2Ev
                0x08005d98       0x1c ./firmware/callbacks/callback.o
                0x08005d98                core_utils_Callback::core_utils_Callback()
                0x08005d98                core_utils_Callback::core_utils_Callback()
 .text._ZN19core_utils_Callback4callEPv
                0x08005db4       0x20 ./firmware/callbacks/callback.o
                0x08005db4                core_utils_Callback::call(void*)
 .text._ZN6EEPROMC2EP19__I2C_HandleTypeDefh
                0x08005dd4       0x28 ./firmware/eeprom/eeprom.o
                0x08005dd4                EEPROM::EEPROM(__I2C_HandleTypeDef*, unsigned char)
                0x08005dd4                EEPROM::EEPROM(__I2C_HandleTypeDef*, unsigned char)
 .text._ZN13elapsedMillisC2Em
                0x08005dfc       0x22 ./firmware/firmware.o
                0x08005dfc                elapsedMillis::elapsedMillis(unsigned long)
                0x08005dfc                elapsedMillis::elapsedMillis(unsigned long)
 .text._ZN13elapsedMillisaSEm
                0x08005e1e       0x22 ./firmware/firmware.o
                0x08005e1e                elapsedMillis::operator=(unsigned long)
 .text.firmware_init
                0x08005e40      0x118 ./firmware/firmware.o
                0x08005e40                firmware_init
 .text.firmware_update
                0x08005f58       0xa8 ./firmware/firmware.o
                0x08005f58                firmware_update
 .text._Z8checkUsbv
                0x08006000        0xe ./firmware/firmware.o
                0x08006000                checkUsb()
 *fill*         0x0800600e        0x2 
 .text._Z7checkSDv
                0x08006010       0x40 ./firmware/firmware.o
                0x08006010                checkSD()
 .text._Z28updateStatusLEDFromRegistersv
                0x08006050       0x5c ./firmware/firmware.o
                0x08006050                updateStatusLEDFromRegisters()
 .text._Z32updateInternRGBLEDsFromRegistersv
                0x080060ac       0xf0 ./firmware/firmware.o
                0x080060ac                updateInternRGBLEDsFromRegisters()
 .text._Z25updateBuzzerFromRegistersv
                0x0800619c       0x84 ./firmware/firmware.o
                0x0800619c                updateBuzzerFromRegisters()
 .text._Z20set_external_rgb_ledhhh
                0x08006220       0x60 ./firmware/firmware.o
                0x08006220                set_external_rgb_led(unsigned char, unsigned char, unsigned char)
 .text._Z16set_rgb_led_dataP10WS2812_LEDhhhhhh
                0x08006280       0xac ./firmware/firmware.o
                0x08006280                set_rgb_led_data(WS2812_LED*, unsigned char, unsigned char, unsigned char, unsigned char, unsigned char, unsigned char)
 .text._Z41__static_initialization_and_destruction_0ii
                0x0800632c       0xf4 ./firmware/firmware.o
 .text._GLOBAL__sub_I_neopixel_intern
                0x08006420       0x10 ./firmware/firmware.o
 .text._Z3nopv  0x08006430        0xe ./firmware/i2c/i2c_slave.o
                0x08006430                nop()
 *fill*         0x0800643e        0x2 
 .text._Z13get_I2C_slaveP19__I2C_HandleTypeDef
                0x08006440       0x50 ./firmware/i2c/i2c_slave.o
                0x08006440                get_I2C_slave(__I2C_HandleTypeDef*)
 .text.HAL_I2C_ListenCpltCallback
                0x08006490       0x24 ./firmware/i2c/i2c_slave.o
                0x08006490                HAL_I2C_ListenCpltCallback
 .text.HAL_I2C_AddrCallback
                0x080064b4       0x32 ./firmware/i2c/i2c_slave.o
                0x080064b4                HAL_I2C_AddrCallback
 .text.HAL_I2C_SlaveRxCpltCallback
                0x080064e6       0x24 ./firmware/i2c/i2c_slave.o
                0x080064e6                HAL_I2C_SlaveRxCpltCallback
 .text.HAL_I2C_SlaveTxCpltCallback
                0x0800650a       0x24 ./firmware/i2c/i2c_slave.o
                0x0800650a                HAL_I2C_SlaveTxCpltCallback
 .text.HAL_I2C_ErrorCallback
                0x0800652e       0x2c ./firmware/i2c/i2c_slave.o
                0x0800652e                HAL_I2C_ErrorCallback
 .text.HAL_I2C_AbortCpltCallback
                0x0800655a       0x24 ./firmware/i2c/i2c_slave.o
                0x0800655a                HAL_I2C_AbortCpltCallback
 .text._ZN19I2C_Slave_callbacksC2Ev
                0x0800657e       0x1a ./firmware/i2c/i2c_slave.o
                0x0800657e                I2C_Slave_callbacks::I2C_Slave_callbacks()
                0x0800657e                I2C_Slave_callbacks::I2C_Slave_callbacks()
 .text._ZN9I2C_SlaveC2EP19__I2C_HandleTypeDefhPhh
                0x08006598       0x74 ./firmware/i2c/i2c_slave.o
                0x08006598                I2C_Slave::I2C_Slave(__I2C_HandleTypeDef*, unsigned char, unsigned char*, unsigned char)
                0x08006598                I2C_Slave::I2C_Slave(__I2C_HandleTypeDef*, unsigned char, unsigned char*, unsigned char)
 .text._ZN9I2C_Slave4initEv
                0x0800660c       0x14 ./firmware/i2c/i2c_slave.o
                0x0800660c                I2C_Slave::init()
 .text._ZN9I2C_Slave5startEv
                0x08006620       0x1a ./firmware/i2c/i2c_slave.o
                0x08006620                I2C_Slave::start()
 .text._ZN9I2C_Slave16i2c_addrCallbackEht
                0x0800663a       0x74 ./firmware/i2c/i2c_slave.o
                0x0800663a                I2C_Slave::i2c_addrCallback(unsigned char, unsigned short)
 .text._ZN9I2C_Slave26i2c_listenCompleteCallbackEv
                0x080066ae       0x38 ./firmware/i2c/i2c_slave.o
                0x080066ae                I2C_Slave::i2c_listenCompleteCallback()
 .text._ZN9I2C_Slave22i2c_rxCompleteCallbackEv
                0x080066e6       0x48 ./firmware/i2c/i2c_slave.o
                0x080066e6                I2C_Slave::i2c_rxCompleteCallback()
 .text._ZN9I2C_Slave22i2c_txCompleteCallbackEv
                0x0800672e       0x40 ./firmware/i2c/i2c_slave.o
                0x0800672e                I2C_Slave::i2c_txCompleteCallback()
 .text._ZN9I2C_Slave17i2c_errorCallbackEv
                0x0800676e       0x1e ./firmware/i2c/i2c_slave.o
                0x0800676e                I2C_Slave::i2c_errorCallback()
 .text._ZN9I2C_Slave25i2c_abortCompleteCallbackEv
                0x0800678c       0x14 ./firmware/i2c/i2c_slave.o
                0x0800678c                I2C_Slave::i2c_abortCompleteCallback()
 .text._ZN3LEDC2EP12GPIO_TypeDeft
                0x080067a0       0x28 ./firmware/led/led.o
                0x080067a0                LED::LED(GPIO_TypeDef*, unsigned short)
                0x080067a0                LED::LED(GPIO_TypeDef*, unsigned short)
 .text._ZN3LED2onEv
                0x080067c8       0x20 ./firmware/led/led.o
                0x080067c8                LED::on()
 .text._ZN3LED3offEv
                0x080067e8       0x20 ./firmware/led/led.o
                0x080067e8                LED::off()
 .text._ZN3LED6toggleEv
                0x08006808       0x20 ./firmware/led/led.o
                0x08006808                LED::toggle()
 .text._ZN3LED8getStateEv
                0x08006828       0x22 ./firmware/led/led.o
                0x08006828                LED::getState()
 .text._ZN10WS2812_LEDC2Ev
                0x0800684a       0x42 ./firmware/neopixel/ws2812.o
                0x0800684a                WS2812_LED::WS2812_LED()
                0x0800684a                WS2812_LED::WS2812_LED()
 .text._ZN10WS2812_LED8setColorEhhh
                0x0800688c       0x38 ./firmware/neopixel/ws2812.o
                0x0800688c                WS2812_LED::setColor(unsigned char, unsigned char, unsigned char)
 .text._ZN10WS2812_LED7setModeE15WS2812_LED_Mode
                0x080068c4       0x2e ./firmware/neopixel/ws2812.o
                0x080068c4                WS2812_LED::setMode(WS2812_LED_Mode)
 .text._ZN10WS2812_LED14setBlinkConfigEta
                0x080068f2       0x28 ./firmware/neopixel/ws2812.o
                0x080068f2                WS2812_LED::setBlinkConfig(unsigned short, signed char)
 .text._ZN10WS2812_LED5blinkEv
                0x0800691a       0x4e ./firmware/neopixel/ws2812.o
                0x0800691a                WS2812_LED::blink()
 .text._ZN10WS2812_LED6updateEv
                0x08006968       0xfe ./firmware/neopixel/ws2812.o
                0x08006968                WS2812_LED::update()
 .text._ZN13WS2812_StrandC2EP17TIM_HandleTypeDefmh
                0x08006a66       0x56 ./firmware/neopixel/ws2812.o
                0x08006a66                WS2812_Strand::WS2812_Strand(TIM_HandleTypeDef*, unsigned long, unsigned char)
                0x08006a66                WS2812_Strand::WS2812_Strand(TIM_HandleTypeDef*, unsigned long, unsigned char)
 .text._ZN13WS2812_Strand4initEv
                0x08006abc       0x70 ./firmware/neopixel/ws2812.o
                0x08006abc                WS2812_Strand::init()
 .text._ZN13WS2812_Strand6updateEv
                0x08006b2c      0x126 ./firmware/neopixel/ws2812.o
                0x08006b2c                WS2812_Strand::update()
 .text._ZN13WS2812_Strand4sendEv
                0x08006c52       0x4e ./firmware/neopixel/ws2812.o
                0x08006c52                WS2812_Strand::send()
 .text._ZN13WS2812_Strand5resetEv
                0x08006ca0       0x8c ./firmware/neopixel/ws2812.o
                0x08006ca0                WS2812_Strand::reset()
 .text.HAL_TIM_PWM_PulseFinishedCallback
                0x08006d2c       0x74 ./firmware/neopixel/ws2812.o
                0x08006d2c                HAL_TIM_PWM_PulseFinishedCallback
 .text._Z6millisv
                0x08006da0        0xe ./firmware/utils/elapsedMillis.o
                0x08006da0                millis()
 .text.memset   0x08006dae       0x10 C:/ST/STM32CubeIDE_1.13.2/STM32CubeIDE/plugins/com.st.stm32cube.ide.mcu.externaltools.gnu-tools-for-stm32.12.3.rel1.win32_1.0.200.202406191623/tools/bin/../lib/gcc/arm-none-eabi/12.3.1/../../../../arm-none-eabi/lib/thumb/v7e-m+fp/hard\libc_nano.a(libc_a-memset.o)
                0x08006dae                memset
 *fill*         0x08006dbe        0x2 
 .text.__libc_init_array
                0x08006dc0       0x48 C:/ST/STM32CubeIDE_1.13.2/STM32CubeIDE/plugins/com.st.stm32cube.ide.mcu.externaltools.gnu-tools-for-stm32.12.3.rel1.win32_1.0.200.202406191623/tools/bin/../lib/gcc/arm-none-eabi/12.3.1/../../../../arm-none-eabi/lib/thumb/v7e-m+fp/hard\libc_nano.a(libc_a-init.o)
                0x08006dc0                __libc_init_array
 *(.glue_7)
 .glue_7        0x08006e08        0x0 linker stubs
 *(.glue_7t)
 .glue_7t       0x08006e08        0x0 linker stubs
 *(.eh_frame)
 .eh_frame      0x08006e08        0x0 C:/ST/STM32CubeIDE_1.13.2/STM32CubeIDE/plugins/com.st.stm32cube.ide.mcu.externaltools.gnu-tools-for-stm32.12.3.rel1.win32_1.0.200.202406191623/tools/bin/../lib/gcc/arm-none-eabi/12.3.1/thumb/v7e-m+fp/hard/crtbegin.o
 *(.init)
 .init          0x08006e08        0x4 C:/ST/STM32CubeIDE_1.13.2/STM32CubeIDE/plugins/com.st.stm32cube.ide.mcu.externaltools.gnu-tools-for-stm32.12.3.rel1.win32_1.0.200.202406191623/tools/bin/../lib/gcc/arm-none-eabi/12.3.1/thumb/v7e-m+fp/hard/crti.o
                0x08006e08                _init
 .init          0x08006e0c        0x8 C:/ST/STM32CubeIDE_1.13.2/STM32CubeIDE/plugins/com.st.stm32cube.ide.mcu.externaltools.gnu-tools-for-stm32.12.3.rel1.win32_1.0.200.202406191623/tools/bin/../lib/gcc/arm-none-eabi/12.3.1/thumb/v7e-m+fp/hard/crtn.o
 *(.fini)
 .fini          0x08006e14        0x4 C:/ST/STM32CubeIDE_1.13.2/STM32CubeIDE/plugins/com.st.stm32cube.ide.mcu.externaltools.gnu-tools-for-stm32.12.3.rel1.win32_1.0.200.202406191623/tools/bin/../lib/gcc/arm-none-eabi/12.3.1/thumb/v7e-m+fp/hard/crti.o
                0x08006e14                _fini
 .fini          0x08006e18        0x8 C:/ST/STM32CubeIDE_1.13.2/STM32CubeIDE/plugins/com.st.stm32cube.ide.mcu.externaltools.gnu-tools-for-stm32.12.3.rel1.win32_1.0.200.202406191623/tools/bin/../lib/gcc/arm-none-eabi/12.3.1/thumb/v7e-m+fp/hard/crtn.o
                0x08006e20                        . = ALIGN (0x4)
                0x08006e20                        _etext = .

.vfp11_veneer   0x08006e20        0x0
 .vfp11_veneer  0x08006e20        0x0 linker stubs

.v4_bx          0x08006e20        0x0
 .v4_bx         0x08006e20        0x0 linker stubs

.iplt           0x08006e20        0x0
 .iplt          0x08006e20        0x0 C:/ST/STM32CubeIDE_1.13.2/STM32CubeIDE/plugins/com.st.stm32cube.ide.mcu.externaltools.gnu-tools-for-stm32.12.3.rel1.win32_1.0.200.202406191623/tools/bin/../lib/gcc/arm-none-eabi/12.3.1/thumb/v7e-m+fp/hard/crtbegin.o

.rodata         0x08006e20       0x50
                0x08006e20                        . = ALIGN (0x4)
 *(.rodata)
 .rodata        0x08006e20       0x10 ./firmware/neopixel/ws2812.o
 *(.rodata*)
 .rodata.AHBPrescTable
                0x08006e30       0x10 ./Core/Src/system_stm32l4xx.o
                0x08006e30                AHBPrescTable
 .rodata.MSIRangeTable
                0x08006e40       0x30 ./Core/Src/system_stm32l4xx.o
                0x08006e40                MSIRangeTable
                0x08006e70                        . = ALIGN (0x4)

.rel.dyn        0x08006e70        0x0
 .rel.iplt      0x08006e70        0x0 C:/ST/STM32CubeIDE_1.13.2/STM32CubeIDE/plugins/com.st.stm32cube.ide.mcu.externaltools.gnu-tools-for-stm32.12.3.rel1.win32_1.0.200.202406191623/tools/bin/../lib/gcc/arm-none-eabi/12.3.1/thumb/v7e-m+fp/hard/crtbegin.o

.ARM.extab      0x08006e70        0x0
                0x08006e70                        . = ALIGN (0x4)
 *(.ARM.extab* .gnu.linkonce.armextab.*)
                0x08006e70                        . = ALIGN (0x4)

.ARM            0x08006e70        0x0
                0x08006e70                        . = ALIGN (0x4)
                0x08006e70                        __exidx_start = .
 *(.ARM.exidx*)
                0x08006e70                        __exidx_end = .
                0x08006e70                        . = ALIGN (0x4)

.preinit_array  0x08006e70        0x0
                0x08006e70                        . = ALIGN (0x4)
                0x08006e70                        PROVIDE (__preinit_array_start = .)
 *(.preinit_array*)
                0x08006e70                        PROVIDE (__preinit_array_end = .)
                0x08006e70                        . = ALIGN (0x4)

.init_array     0x08006e70        0x8
                0x08006e70                        . = ALIGN (0x4)
                0x08006e70                        PROVIDE (__init_array_start = .)
 *(SORT_BY_NAME(.init_array.*))
 *(.init_array*)
 .init_array    0x08006e70        0x4 C:/ST/STM32CubeIDE_1.13.2/STM32CubeIDE/plugins/com.st.stm32cube.ide.mcu.externaltools.gnu-tools-for-stm32.12.3.rel1.win32_1.0.200.202406191623/tools/bin/../lib/gcc/arm-none-eabi/12.3.1/thumb/v7e-m+fp/hard/crtbegin.o
 .init_array    0x08006e74        0x4 ./firmware/firmware.o
                0x08006e78                        PROVIDE (__init_array_end = .)
                0x08006e78                        . = ALIGN (0x4)

.fini_array     0x08006e78        0x4
                0x08006e78                        . = ALIGN (0x4)
                [!provide]                        PROVIDE (__fini_array_start = .)
 *(SORT_BY_NAME(.fini_array.*))
 *(.fini_array*)
 .fini_array    0x08006e78        0x4 C:/ST/STM32CubeIDE_1.13.2/STM32CubeIDE/plugins/com.st.stm32cube.ide.mcu.externaltools.gnu-tools-for-stm32.12.3.rel1.win32_1.0.200.202406191623/tools/bin/../lib/gcc/arm-none-eabi/12.3.1/thumb/v7e-m+fp/hard/crtbegin.o
                [!provide]                        PROVIDE (__fini_array_end = .)
                0x08006e7c                        . = ALIGN (0x4)
                0x08006e7c                        _sidata = LOADADDR (.data)

.data           0x20000000        0xc load address 0x08006e7c
                0x20000000                        . = ALIGN (0x4)
                0x20000000                        _sdata = .
 *(.data)
 *(.data*)
 .data.SystemCoreClock
                0x20000000        0x4 ./Core/Src/system_stm32l4xx.o
                0x20000000                SystemCoreClock
 .data.uwTickPrio
                0x20000004        0x4 ./Drivers/STM32L4xx_HAL_Driver/Src/stm32l4xx_hal.o
                0x20000004                uwTickPrio
 .data.uwTickFreq
                0x20000008        0x1 ./Drivers/STM32L4xx_HAL_Driver/Src/stm32l4xx_hal.o
                0x20000008                uwTickFreq
 *(.RamFunc)
 *(.RamFunc*)
                0x2000000c                        . = ALIGN (0x4)
 *fill*         0x20000009        0x3 
                0x2000000c                        _edata = .

.igot.plt       0x2000000c        0x0 load address 0x08006e88
 .igot.plt      0x2000000c        0x0 C:/ST/STM32CubeIDE_1.13.2/STM32CubeIDE/plugins/com.st.stm32cube.ide.mcu.externaltools.gnu-tools-for-stm32.12.3.rel1.win32_1.0.200.202406191623/tools/bin/../lib/gcc/arm-none-eabi/12.3.1/thumb/v7e-m+fp/hard/crtbegin.o
                0x2000000c                        . = ALIGN (0x4)

.bss            0x2000000c      0xad0 load address 0x08006e88
                0x2000000c                        _sbss = .
                0x2000000c                        __bss_start__ = _sbss
 *(.bss)
 .bss           0x2000000c       0x1c C:/ST/STM32CubeIDE_1.13.2/STM32CubeIDE/plugins/com.st.stm32cube.ide.mcu.externaltools.gnu-tools-for-stm32.12.3.rel1.win32_1.0.200.202406191623/tools/bin/../lib/gcc/arm-none-eabi/12.3.1/thumb/v7e-m+fp/hard/crtbegin.o
 *(.bss*)
 .bss.hi2c1     0x20000028       0x54 ./Core/Src/main.o
                0x20000028                hi2c1
 .bss.hi2c2     0x2000007c       0x54 ./Core/Src/main.o
                0x2000007c                hi2c2
 .bss.htim1     0x200000d0       0x4c ./Core/Src/main.o
                0x200000d0                htim1
 .bss.htim2     0x2000011c       0x4c ./Core/Src/main.o
                0x2000011c                htim2
 .bss.htim15    0x20000168       0x4c ./Core/Src/main.o
                0x20000168                htim15
 .bss.hdma_tim1_ch1
                0x200001b4       0x48 ./Core/Src/main.o
                0x200001b4                hdma_tim1_ch1
 .bss.hdma_tim2_ch1
                0x200001fc       0x48 ./Core/Src/main.o
                0x200001fc                hdma_tim2_ch1
 .bss.uwTick    0x20000244        0x4 ./Drivers/STM32L4xx_HAL_Driver/Src/stm32l4xx_hal.o
                0x20000244                uwTick
 .bss.neopixel_intern
                0x20000248      0x380 ./firmware/firmware.o
                0x20000248                neopixel_intern
 .bss.neopixel_extern
                0x200005c8      0x380 ./firmware/firmware.o
                0x200005c8                neopixel_extern
 .bss.rc_buzzer
                0x20000948       0x18 ./firmware/firmware.o
                0x20000948                rc_buzzer
 .bss.led_status
                0x20000960        0x8 ./firmware/firmware.o
                0x20000960                led_status
 .bss.led_error
                0x20000968        0x8 ./firmware/firmware.o
                0x20000968                led_error
 .bss.eeprom_config
                0x20000970        0x8 ./firmware/firmware.o
                0x20000970                eeprom_config
 .bss.timer_check
                0x20000978        0x4 ./firmware/firmware.o
                0x20000978                timer_check
 .bss.timer_led_update
                0x2000097c        0x4 ./firmware/firmware.o
                0x2000097c                timer_led_update
 .bss.timer_led_register_read
                0x20000980        0x4 ./firmware/firmware.o
                0x20000980                timer_led_register_read
 .bss.register_map
                0x20000984       0xff ./firmware/firmware.o
                0x20000984                register_map
 *fill*         0x20000a83        0x1 
 .bss.i2c_slave_cm4
                0x20000a84       0x20 ./firmware/firmware.o
                0x20000a84                i2c_slave_cm4
 .bss.i2c_slave_intern
                0x20000aa4       0x20 ./firmware/firmware.o
                0x20000aa4                i2c_slave_intern
 .bss.timer_test
                0x20000ac4        0x4 ./firmware/firmware.o
                0x20000ac4                timer_test
 .bss.registered_i2c_slaves
                0x20000ac8        0x8 ./firmware/i2c/i2c_slave.o
                0x20000ac8                registered_i2c_slaves
 .bss.num_i2c_slave
                0x20000ad0        0x1 ./firmware/i2c/i2c_slave.o
                0x20000ad0                num_i2c_slave
 .bss.num_neopixel
                0x20000ad1        0x1 ./firmware/neopixel/ws2812.o
                0x20000ad1                num_neopixel
 *fill*         0x20000ad2        0x2 
 .bss.neopixel_handler
                0x20000ad4        0x8 ./firmware/neopixel/ws2812.o
                0x20000ad4                neopixel_handler
 *(COMMON)
                0x20000adc                        . = ALIGN (0x4)
                0x20000adc                        _ebss = .
                0x20000adc                        __bss_end__ = _ebss

._user_heap_stack
                0x20000adc      0x604 load address 0x08006e88
                0x20000ae0                        . = ALIGN (0x8)
 *fill*         0x20000adc        0x4 
                [!provide]                        PROVIDE (end = .)
                0x20000ae0                        PROVIDE (_end = .)
                0x20000ce0                        . = (. + _Min_Heap_Size)
 *fill*         0x20000ae0      0x200 
                0x200010e0                        . = (. + _Min_Stack_Size)
 *fill*         0x20000ce0      0x400 
                0x200010e0                        . = ALIGN (0x8)

/DISCARD/
 libc.a(*)
 libm.a(*)
 libgcc.a(*)

.ARM.attributes
                0x00000000       0x30
 *(.ARM.attributes)
 .ARM.attributes
                0x00000000       0x22 C:/ST/STM32CubeIDE_1.13.2/STM32CubeIDE/plugins/com.st.stm32cube.ide.mcu.externaltools.gnu-tools-for-stm32.12.3.rel1.win32_1.0.200.202406191623/tools/bin/../lib/gcc/arm-none-eabi/12.3.1/thumb/v7e-m+fp/hard/crti.o
 .ARM.attributes
                0x00000022       0x34 C:/ST/STM32CubeIDE_1.13.2/STM32CubeIDE/plugins/com.st.stm32cube.ide.mcu.externaltools.gnu-tools-for-stm32.12.3.rel1.win32_1.0.200.202406191623/tools/bin/../lib/gcc/arm-none-eabi/12.3.1/thumb/v7e-m+fp/hard/crtbegin.o
 .ARM.attributes
                0x00000056       0x34 ./Core/Src/main.o
 .ARM.attributes
                0x0000008a       0x34 ./Core/Src/stm32l4xx_hal_msp.o
 .ARM.attributes
                0x000000be       0x34 ./Core/Src/stm32l4xx_it.o
 .ARM.attributes
                0x000000f2       0x34 ./Core/Src/system_stm32l4xx.o
 .ARM.attributes
                0x00000126       0x21 ./Core/Startup/startup_stm32l431ccux.o
 .ARM.attributes
                0x00000147       0x34 ./Drivers/STM32L4xx_HAL_Driver/Src/stm32l4xx_hal.o
 .ARM.attributes
                0x0000017b       0x34 ./Drivers/STM32L4xx_HAL_Driver/Src/stm32l4xx_hal_cortex.o
 .ARM.attributes
                0x000001af       0x34 ./Drivers/STM32L4xx_HAL_Driver/Src/stm32l4xx_hal_dma.o
 .ARM.attributes
                0x000001e3       0x34 ./Drivers/STM32L4xx_HAL_Driver/Src/stm32l4xx_hal_gpio.o
 .ARM.attributes
                0x00000217       0x34 ./Drivers/STM32L4xx_HAL_Driver/Src/stm32l4xx_hal_i2c.o
 .ARM.attributes
                0x0000024b       0x34 ./Drivers/STM32L4xx_HAL_Driver/Src/stm32l4xx_hal_i2c_ex.o
 .ARM.attributes
                0x0000027f       0x34 ./Drivers/STM32L4xx_HAL_Driver/Src/stm32l4xx_hal_pwr_ex.o
 .ARM.attributes
                0x000002b3       0x34 ./Drivers/STM32L4xx_HAL_Driver/Src/stm32l4xx_hal_rcc.o
 .ARM.attributes
                0x000002e7       0x34 ./Drivers/STM32L4xx_HAL_Driver/Src/stm32l4xx_hal_rcc_ex.o
 .ARM.attributes
                0x0000031b       0x34 ./Drivers/STM32L4xx_HAL_Driver/Src/stm32l4xx_hal_tim.o
 .ARM.attributes
                0x0000034f       0x34 ./Drivers/STM32L4xx_HAL_Driver/Src/stm32l4xx_hal_tim_ex.o
 .ARM.attributes
                0x00000383       0x34 ./firmware/buzzer/buzzer.o
 .ARM.attributes
                0x000003b7       0x34 ./firmware/callbacks/callback.o
 .ARM.attributes
                0x000003eb       0x34 ./firmware/eeprom/eeprom.o
 .ARM.attributes
                0x0000041f       0x34 ./firmware/firmware.o
 .ARM.attributes
                0x00000453       0x34 ./firmware/i2c/i2c_slave.o
 .ARM.attributes
                0x00000487       0x34 ./firmware/led/led.o
 .ARM.attributes
                0x000004bb       0x34 ./firmware/neopixel/ws2812.o
 .ARM.attributes
                0x000004ef       0x34 ./firmware/utils/elapsedMillis.o
 .ARM.attributes
                0x00000523       0x34 C:/ST/STM32CubeIDE_1.13.2/STM32CubeIDE/plugins/com.st.stm32cube.ide.mcu.externaltools.gnu-tools-for-stm32.12.3.rel1.win32_1.0.200.202406191623/tools/bin/../lib/gcc/arm-none-eabi/12.3.1/../../../../arm-none-eabi/lib/thumb/v7e-m+fp/hard\libc_nano.a(libc_a-memset.o)
 .ARM.attributes
                0x00000557       0x34 C:/ST/STM32CubeIDE_1.13.2/STM32CubeIDE/plugins/com.st.stm32cube.ide.mcu.externaltools.gnu-tools-for-stm32.12.3.rel1.win32_1.0.200.202406191623/tools/bin/../lib/gcc/arm-none-eabi/12.3.1/../../../../arm-none-eabi/lib/thumb/v7e-m+fp/hard\libc_nano.a(libc_a-init.o)
 .ARM.attributes
                0x0000058b       0x22 C:/ST/STM32CubeIDE_1.13.2/STM32CubeIDE/plugins/com.st.stm32cube.ide.mcu.externaltools.gnu-tools-for-stm32.12.3.rel1.win32_1.0.200.202406191623/tools/bin/../lib/gcc/arm-none-eabi/12.3.1/thumb/v7e-m+fp/hard/crtn.o
OUTPUT(RC_v4_BoardExtender.elf elf32-littlearm)
LOAD linker stubs
LOAD C:/ST/STM32CubeIDE_1.13.2/STM32CubeIDE/plugins/com.st.stm32cube.ide.mcu.externaltools.gnu-tools-for-stm32.12.3.rel1.win32_1.0.200.202406191623/tools/bin/../lib/gcc/arm-none-eabi/12.3.1/../../../../arm-none-eabi/lib/thumb/v7e-m+fp/hard\libc.a
LOAD C:/ST/STM32CubeIDE_1.13.2/STM32CubeIDE/plugins/com.st.stm32cube.ide.mcu.externaltools.gnu-tools-for-stm32.12.3.rel1.win32_1.0.200.202406191623/tools/bin/../lib/gcc/arm-none-eabi/12.3.1/../../../../arm-none-eabi/lib/thumb/v7e-m+fp/hard\libm.a
LOAD C:/ST/STM32CubeIDE_1.13.2/STM32CubeIDE/plugins/com.st.stm32cube.ide.mcu.externaltools.gnu-tools-for-stm32.12.3.rel1.win32_1.0.200.202406191623/tools/bin/../lib/gcc/arm-none-eabi/12.3.1/thumb/v7e-m+fp/hard\libgcc.a

.debug_info     0x00000000    0x16fe8
 .debug_info    0x00000000     0x1598 ./Core/Src/main.o
 .debug_info    0x00001598     0x131e ./Core/Src/stm32l4xx_hal_msp.o
 .debug_info    0x000028b6      0x743 ./Core/Src/stm32l4xx_it.o
 .debug_info    0x00002ff9      0x5bf ./Core/Src/system_stm32l4xx.o
 .debug_info    0x000035b8       0x30 ./Core/Startup/startup_stm32l431ccux.o
 .debug_info    0x000035e8      0xa93 ./Drivers/STM32L4xx_HAL_Driver/Src/stm32l4xx_hal.o
 .debug_info    0x0000407b      0xce6 ./Drivers/STM32L4xx_HAL_Driver/Src/stm32l4xx_hal_cortex.o
 .debug_info    0x00004d61      0x6f4 ./Drivers/STM32L4xx_HAL_Driver/Src/stm32l4xx_hal_dma.o
 .debug_info    0x00005455      0x757 ./Drivers/STM32L4xx_HAL_Driver/Src/stm32l4xx_hal_gpio.o
 .debug_info    0x00005bac     0x2093 ./Drivers/STM32L4xx_HAL_Driver/Src/stm32l4xx_hal_i2c.o
 .debug_info    0x00007c3f      0x98d ./Drivers/STM32L4xx_HAL_Driver/Src/stm32l4xx_hal_i2c_ex.o
 .debug_info    0x000085cc      0x8c6 ./Drivers/STM32L4xx_HAL_Driver/Src/stm32l4xx_hal_pwr_ex.o
 .debug_info    0x00008e92      0xbc3 ./Drivers/STM32L4xx_HAL_Driver/Src/stm32l4xx_hal_rcc.o
 .debug_info    0x00009a55      0xeff ./Drivers/STM32L4xx_HAL_Driver/Src/stm32l4xx_hal_rcc_ex.o
 .debug_info    0x0000a954     0x2a9a ./Drivers/STM32L4xx_HAL_Driver/Src/stm32l4xx_hal_tim.o
 .debug_info    0x0000d3ee     0x169e ./Drivers/STM32L4xx_HAL_Driver/Src/stm32l4xx_hal_tim_ex.o
 .debug_info    0x0000ea8c      0xd7b ./firmware/buzzer/buzzer.o
 .debug_info    0x0000f807      0x211 ./firmware/callbacks/callback.o
 .debug_info    0x0000fa18      0x823 ./firmware/eeprom/eeprom.o
 .debug_info    0x0001023b     0x31fe ./firmware/firmware.o
 .debug_info    0x00013439      0xfa4 ./firmware/i2c/i2c_slave.o
 .debug_info    0x000143dd      0x3a5 ./firmware/led/led.o
 .debug_info    0x00014782     0x27aa ./firmware/neopixel/ws2812.o
 .debug_info    0x00016f2c       0xbc ./firmware/utils/elapsedMillis.o

.debug_abbrev   0x00000000     0x3898
 .debug_abbrev  0x00000000      0x2cc ./Core/Src/main.o
 .debug_abbrev  0x000002cc      0x249 ./Core/Src/stm32l4xx_hal_msp.o
 .debug_abbrev  0x00000515      0x198 ./Core/Src/stm32l4xx_it.o
 .debug_abbrev  0x000006ad      0x11a ./Core/Src/system_stm32l4xx.o
 .debug_abbrev  0x000007c7       0x24 ./Core/Startup/startup_stm32l431ccux.o
 .debug_abbrev  0x000007eb      0x242 ./Drivers/STM32L4xx_HAL_Driver/Src/stm32l4xx_hal.o
 .debug_abbrev  0x00000a2d      0x327 ./Drivers/STM32L4xx_HAL_Driver/Src/stm32l4xx_hal_cortex.o
 .debug_abbrev  0x00000d54      0x1e4 ./Drivers/STM32L4xx_HAL_Driver/Src/stm32l4xx_hal_dma.o
 .debug_abbrev  0x00000f38      0x1cb ./Drivers/STM32L4xx_HAL_Driver/Src/stm32l4xx_hal_gpio.o
 .debug_abbrev  0x00001103      0x261 ./Drivers/STM32L4xx_HAL_Driver/Src/stm32l4xx_hal_i2c.o
 .debug_abbrev  0x00001364      0x1c3 ./Drivers/STM32L4xx_HAL_Driver/Src/stm32l4xx_hal_i2c_ex.o
 .debug_abbrev  0x00001527      0x1f9 ./Drivers/STM32L4xx_HAL_Driver/Src/stm32l4xx_hal_pwr_ex.o
 .debug_abbrev  0x00001720      0x2cb ./Drivers/STM32L4xx_HAL_Driver/Src/stm32l4xx_hal_rcc.o
 .debug_abbrev  0x000019eb      0x2a1 ./Drivers/STM32L4xx_HAL_Driver/Src/stm32l4xx_hal_rcc_ex.o
 .debug_abbrev  0x00001c8c      0x278 ./Drivers/STM32L4xx_HAL_Driver/Src/stm32l4xx_hal_tim.o
 .debug_abbrev  0x00001f04      0x283 ./Drivers/STM32L4xx_HAL_Driver/Src/stm32l4xx_hal_tim_ex.o
 .debug_abbrev  0x00002187      0x31c ./firmware/buzzer/buzzer.o
 .debug_abbrev  0x000024a3      0x16f ./firmware/callbacks/callback.o
 .debug_abbrev  0x00002612      0x241 ./firmware/eeprom/eeprom.o
 .debug_abbrev  0x00002853      0x5c2 ./firmware/firmware.o
 .debug_abbrev  0x00002e15      0x33a ./firmware/i2c/i2c_slave.o
 .debug_abbrev  0x0000314f      0x20b ./firmware/led/led.o
 .debug_abbrev  0x0000335a      0x4ce ./firmware/neopixel/ws2812.o
 .debug_abbrev  0x00003828       0x70 ./firmware/utils/elapsedMillis.o

.debug_aranges  0x00000000     0x12a8
 .debug_aranges
                0x00000000       0x68 ./Core/Src/main.o
 .debug_aranges
                0x00000068       0x48 ./Core/Src/stm32l4xx_hal_msp.o
 .debug_aranges
                0x000000b0       0x90 ./Core/Src/stm32l4xx_it.o
 .debug_aranges
                0x00000140       0x28 ./Core/Src/system_stm32l4xx.o
 .debug_aranges
                0x00000168       0x28 ./Core/Startup/startup_stm32l431ccux.o
 .debug_aranges
                0x00000190      0x130 ./Drivers/STM32L4xx_HAL_Driver/Src/stm32l4xx_hal.o
 .debug_aranges
                0x000002c0      0x118 ./Drivers/STM32L4xx_HAL_Driver/Src/stm32l4xx_hal_cortex.o
 .debug_aranges
                0x000003d8       0x80 ./Drivers/STM32L4xx_HAL_Driver/Src/stm32l4xx_hal_dma.o
 .debug_aranges
                0x00000458       0x58 ./Drivers/STM32L4xx_HAL_Driver/Src/stm32l4xx_hal_gpio.o
 .debug_aranges
                0x000004b0      0x2a0 ./Drivers/STM32L4xx_HAL_Driver/Src/stm32l4xx_hal_i2c.o
 .debug_aranges
                0x00000750       0x48 ./Drivers/STM32L4xx_HAL_Driver/Src/stm32l4xx_hal_i2c_ex.o
 .debug_aranges
                0x00000798      0x100 ./Drivers/STM32L4xx_HAL_Driver/Src/stm32l4xx_hal_pwr_ex.o
 .debug_aranges
                0x00000898       0x90 ./Drivers/STM32L4xx_HAL_Driver/Src/stm32l4xx_hal_rcc.o
 .debug_aranges
                0x00000928       0xf0 ./Drivers/STM32L4xx_HAL_Driver/Src/stm32l4xx_hal_rcc_ex.o
 .debug_aranges
                0x00000a18      0x3e0 ./Drivers/STM32L4xx_HAL_Driver/Src/stm32l4xx_hal_tim.o
 .debug_aranges
                0x00000df8      0x180 ./Drivers/STM32L4xx_HAL_Driver/Src/stm32l4xx_hal_tim_ex.o
 .debug_aranges
                0x00000f78       0x70 ./firmware/buzzer/buzzer.o
 .debug_aranges
                0x00000fe8       0x30 ./firmware/callbacks/callback.o
 .debug_aranges
                0x00001018       0x30 ./firmware/eeprom/eeprom.o
 .debug_aranges
                0x00001048       0x98 ./firmware/firmware.o
 .debug_aranges
                0x000010e0       0xb8 ./firmware/i2c/i2c_slave.o
 .debug_aranges
                0x00001198       0x40 ./firmware/led/led.o
 .debug_aranges
                0x000011d8       0xb0 ./firmware/neopixel/ws2812.o
 .debug_aranges
                0x00001288       0x20 ./firmware/utils/elapsedMillis.o

.debug_rnglists
                0x00000000      0xe5c
 .debug_rnglists
                0x00000000       0x50 ./Core/Src/main.o
 .debug_rnglists
                0x00000050       0x35 ./Core/Src/stm32l4xx_hal_msp.o
 .debug_rnglists
                0x00000085       0x67 ./Core/Src/stm32l4xx_it.o
 .debug_rnglists
                0x000000ec       0x1a ./Core/Src/system_stm32l4xx.o
 .debug_rnglists
                0x00000106       0x19 ./Core/Startup/startup_stm32l431ccux.o
 .debug_rnglists
                0x0000011f       0xdf ./Drivers/STM32L4xx_HAL_Driver/Src/stm32l4xx_hal.o
 .debug_rnglists
                0x000001fe       0xce ./Drivers/STM32L4xx_HAL_Driver/Src/stm32l4xx_hal_cortex.o
 .debug_rnglists
                0x000002cc       0x64 ./Drivers/STM32L4xx_HAL_Driver/Src/stm32l4xx_hal_dma.o
 .debug_rnglists
                0x00000330       0x3f ./Drivers/STM32L4xx_HAL_Driver/Src/stm32l4xx_hal_gpio.o
 .debug_rnglists
                0x0000036f      0x228 ./Drivers/STM32L4xx_HAL_Driver/Src/stm32l4xx_hal_i2c.o
 .debug_rnglists
                0x00000597       0x35 ./Drivers/STM32L4xx_HAL_Driver/Src/stm32l4xx_hal_i2c_ex.o
 .debug_rnglists
                0x000005cc       0xc1 ./Drivers/STM32L4xx_HAL_Driver/Src/stm32l4xx_hal_pwr_ex.o
 .debug_rnglists
                0x0000068d       0x6d ./Drivers/STM32L4xx_HAL_Driver/Src/stm32l4xx_hal_rcc.o
 .debug_rnglists
                0x000006fa       0xba ./Drivers/STM32L4xx_HAL_Driver/Src/stm32l4xx_hal_rcc_ex.o
 .debug_rnglists
                0x000007b4      0x328 ./Drivers/STM32L4xx_HAL_Driver/Src/stm32l4xx_hal_tim.o
 .debug_rnglists
                0x00000adc      0x139 ./Drivers/STM32L4xx_HAL_Driver/Src/stm32l4xx_hal_tim_ex.o
 .debug_rnglists
                0x00000c15       0x51 ./firmware/buzzer/buzzer.o
 .debug_rnglists
                0x00000c66       0x1f ./firmware/callbacks/callback.o
 .debug_rnglists
                0x00000c85       0x1f ./firmware/eeprom/eeprom.o
 .debug_rnglists
                0x00000ca4       0x73 ./firmware/firmware.o
 .debug_rnglists
                0x00000d17       0x85 ./firmware/i2c/i2c_slave.o
 .debug_rnglists
                0x00000d9c       0x2b ./firmware/led/led.o
 .debug_rnglists
                0x00000dc7       0x82 ./firmware/neopixel/ws2812.o
 .debug_rnglists
                0x00000e49       0x13 ./firmware/utils/elapsedMillis.o

.debug_macro    0x00000000    0x24b80
 .debug_macro   0x00000000      0x1de ./Core/Src/main.o
 .debug_macro   0x000001de      0xab4 ./Core/Src/main.o
 .debug_macro   0x00000c92      0x1a7 ./Core/Src/main.o
 .debug_macro   0x00000e39       0x2e ./Core/Src/main.o
 .debug_macro   0x00000e67       0x28 ./Core/Src/main.o
 .debug_macro   0x00000e8f       0x22 ./Core/Src/main.o
 .debug_macro   0x00000eb1       0x8e ./Core/Src/main.o
 .debug_macro   0x00000f3f       0x51 ./Core/Src/main.o
 .debug_macro   0x00000f90      0x103 ./Core/Src/main.o
 .debug_macro   0x00001093       0x6a ./Core/Src/main.o
 .debug_macro   0x000010fd      0x1df ./Core/Src/main.o
 .debug_macro   0x000012dc       0x1c ./Core/Src/main.o
 .debug_macro   0x000012f8       0x22 ./Core/Src/main.o
 .debug_macro   0x0000131a       0xfb ./Core/Src/main.o
 .debug_macro   0x00001415     0x1011 ./Core/Src/main.o
 .debug_macro   0x00002426      0x11f ./Core/Src/main.o
 .debug_macro   0x00002545    0x1511c ./Core/Src/main.o
 .debug_macro   0x00017661       0x6d ./Core/Src/main.o
 .debug_macro   0x000176ce     0x38e6 ./Core/Src/main.o
 .debug_macro   0x0001afb4      0x189 ./Core/Src/main.o
 .debug_macro   0x0001b13d       0x5c ./Core/Src/main.o
 .debug_macro   0x0001b199     0x1328 ./Core/Src/main.o
 .debug_macro   0x0001c4c1      0x5a5 ./Core/Src/main.o
 .debug_macro   0x0001ca66      0x1b9 ./Core/Src/main.o
 .debug_macro   0x0001cc1f      0x11b ./Core/Src/main.o
 .debug_macro   0x0001cd3a      0x26b ./Core/Src/main.o
 .debug_macro   0x0001cfa5      0x23d ./Core/Src/main.o
 .debug_macro   0x0001d1e2      0x241 ./Core/Src/main.o
 .debug_macro   0x0001d423      0x375 ./Core/Src/main.o
 .debug_macro   0x0001d798       0xd6 ./Core/Src/main.o
 .debug_macro   0x0001d86e      0x22c ./Core/Src/main.o
 .debug_macro   0x0001da9a       0x61 ./Core/Src/main.o
 .debug_macro   0x0001dafb       0xa5 ./Core/Src/main.o
 .debug_macro   0x0001dba0      0x122 ./Core/Src/main.o
 .debug_macro   0x0001dcc2      0x2ee ./Core/Src/main.o
 .debug_macro   0x0001dfb0      0xa98 ./Core/Src/main.o
 .debug_macro   0x0001ea48      0x12d ./Core/Src/main.o
 .debug_macro   0x0001eb75      0x26d ./Core/Src/main.o
 .debug_macro   0x0001ede2       0x58 ./Core/Src/main.o
 .debug_macro   0x0001ee3a      0x1de ./Core/Src/stm32l4xx_hal_msp.o
 .debug_macro   0x0001f018      0x1e8 ./Core/Src/stm32l4xx_it.o
 .debug_macro   0x0001f200      0x1c5 ./Core/Src/system_stm32l4xx.o
 .debug_macro   0x0001f3c5      0x213 ./Drivers/STM32L4xx_HAL_Driver/Src/stm32l4xx_hal.o
 .debug_macro   0x0001f5d8      0x1c5 ./Drivers/STM32L4xx_HAL_Driver/Src/stm32l4xx_hal_cortex.o
 .debug_macro   0x0001f79d      0x1c5 ./Drivers/STM32L4xx_HAL_Driver/Src/stm32l4xx_hal_dma.o
 .debug_macro   0x0001f962      0x1cc ./Drivers/STM32L4xx_HAL_Driver/Src/stm32l4xx_hal_gpio.o
 .debug_macro   0x0001fb2e      0x291 ./Drivers/STM32L4xx_HAL_Driver/Src/stm32l4xx_hal_i2c.o
 .debug_macro   0x0001fdbf      0x1c5 ./Drivers/STM32L4xx_HAL_Driver/Src/stm32l4xx_hal_i2c_ex.o
 .debug_macro   0x0001ff84      0x1e9 ./Drivers/STM32L4xx_HAL_Driver/Src/stm32l4xx_hal_pwr_ex.o
 .debug_macro   0x0002016d      0x207 ./Drivers/STM32L4xx_HAL_Driver/Src/stm32l4xx_hal_rcc.o
 .debug_macro   0x00020374      0x1fb ./Drivers/STM32L4xx_HAL_Driver/Src/stm32l4xx_hal_rcc_ex.o
 .debug_macro   0x0002056f      0x1c6 ./Drivers/STM32L4xx_HAL_Driver/Src/stm32l4xx_hal_tim.o
 .debug_macro   0x00020735      0x1c5 ./Drivers/STM32L4xx_HAL_Driver/Src/stm32l4xx_hal_tim_ex.o
 .debug_macro   0x000208fa      0x1e7 ./firmware/buzzer/buzzer.o
 .debug_macro   0x00020ae1      0xb8c ./firmware/buzzer/buzzer.o
 .debug_macro   0x0002166d       0x1c ./firmware/buzzer/buzzer.o
 .debug_macro   0x00021689     0x1011 ./firmware/buzzer/buzzer.o
 .debug_macro   0x0002269a      0x190 ./firmware/buzzer/buzzer.o
 .debug_macro   0x0002282a       0x10 ./firmware/buzzer/buzzer.o
 .debug_macro   0x0002283a       0x72 ./firmware/callbacks/callback.o
 .debug_macro   0x000228ac      0x1d4 ./firmware/eeprom/eeprom.o
 .debug_macro   0x00022a80      0x399 ./firmware/firmware.o
 .debug_macro   0x00022e19      0x1d6 ./firmware/firmware.o
 .debug_macro   0x00022fef       0x10 ./firmware/firmware.o
 .debug_macro   0x00022fff      0x417 ./firmware/firmware.o
 .debug_macro   0x00023416       0x18 ./firmware/firmware.o
 .debug_macro   0x0002342e       0x61 ./firmware/firmware.o
 .debug_macro   0x0002348f       0x34 ./firmware/firmware.o
 .debug_macro   0x000234c3       0x43 ./firmware/firmware.o
 .debug_macro   0x00023506       0x16 ./firmware/firmware.o
 .debug_macro   0x0002351c      0x38c ./firmware/firmware.o
 .debug_macro   0x000238a8      0x194 ./firmware/firmware.o
 .debug_macro   0x00023a3c       0x10 ./firmware/firmware.o
 .debug_macro   0x00023a4c       0x35 ./firmware/firmware.o
 .debug_macro   0x00023a81       0x10 ./firmware/firmware.o
 .debug_macro   0x00023a91      0x3c7 ./firmware/firmware.o
 .debug_macro   0x00023e58       0x28 ./firmware/firmware.o
 .debug_macro   0x00023e80       0x16 ./firmware/firmware.o
 .debug_macro   0x00023e96       0x3a ./firmware/firmware.o
 .debug_macro   0x00023ed0      0x3a5 ./firmware/firmware.o
 .debug_macro   0x00024275      0x1e4 ./firmware/i2c/i2c_slave.o
 .debug_macro   0x00024459      0x1d4 ./firmware/led/led.o
 .debug_macro   0x0002462d      0x329 ./firmware/neopixel/ws2812.o
 .debug_macro   0x00024956       0x56 ./firmware/neopixel/ws2812.o
 .debug_macro   0x000249ac      0x1d4 ./firmware/utils/elapsedMillis.o

.debug_line     0x00000000    0x1788a
 .debug_line    0x00000000      0xadc ./Core/Src/main.o
 .debug_line    0x00000adc      0x9c1 ./Core/Src/stm32l4xx_hal_msp.o
 .debug_line    0x0000149d      0x930 ./Core/Src/stm32l4xx_it.o
 .debug_line    0x00001dcd      0x7e8 ./Core/Src/system_stm32l4xx.o
 .debug_line    0x000025b5       0x7a ./Core/Startup/startup_stm32l431ccux.o
 .debug_line    0x0000262f      0xb43 ./Drivers/STM32L4xx_HAL_Driver/Src/stm32l4xx_hal.o
 .debug_line    0x00003172      0xce2 ./Drivers/STM32L4xx_HAL_Driver/Src/stm32l4xx_hal_cortex.o
 .debug_line    0x00003e54      0xd48 ./Drivers/STM32L4xx_HAL_Driver/Src/stm32l4xx_hal_dma.o
 .debug_line    0x00004b9c      0xb7b ./Drivers/STM32L4xx_HAL_Driver/Src/stm32l4xx_hal_gpio.o
 .debug_line    0x00005717     0x39bf ./Drivers/STM32L4xx_HAL_Driver/Src/stm32l4xx_hal_i2c.o
 .debug_line    0x000090d6      0x96b ./Drivers/STM32L4xx_HAL_Driver/Src/stm32l4xx_hal_i2c_ex.o
 .debug_line    0x00009a41      0xba2 ./Drivers/STM32L4xx_HAL_Driver/Src/stm32l4xx_hal_pwr_ex.o
 .debug_line    0x0000a5e3      0xff8 ./Drivers/STM32L4xx_HAL_Driver/Src/stm32l4xx_hal_rcc.o
 .debug_line    0x0000b5db     0x13c3 ./Drivers/STM32L4xx_HAL_Driver/Src/stm32l4xx_hal_rcc_ex.o
 .debug_line    0x0000c99e     0x3c0b ./Drivers/STM32L4xx_HAL_Driver/Src/stm32l4xx_hal_tim.o
 .debug_line    0x000105a9     0x1b54 ./Drivers/STM32L4xx_HAL_Driver/Src/stm32l4xx_hal_tim_ex.o
 .debug_line    0x000120fd      0x9ec ./firmware/buzzer/buzzer.o
 .debug_line    0x00012ae9      0x466 ./firmware/callbacks/callback.o
 .debug_line    0x00012f4f      0x789 ./firmware/eeprom/eeprom.o
 .debug_line    0x000136d8     0x155a ./firmware/firmware.o
 .debug_line    0x00014c32      0xa94 ./firmware/i2c/i2c_slave.o
 .debug_line    0x000156c6      0x7a0 ./firmware/led/led.o
 .debug_line    0x00015e66     0x12cb ./firmware/neopixel/ws2812.o
 .debug_line    0x00017131      0x759 ./firmware/utils/elapsedMillis.o

.debug_str      0x00000000    0xd1585
 .debug_str     0x00000000    0xc448b ./Core/Src/main.o
                              0xc4a80 (size before relaxing)
 .debug_str     0x000c448b      0x299 ./Core/Src/stm32l4xx_hal_msp.o
                              0xc4851 (size before relaxing)
 .debug_str     0x000c4724      0x186 ./Core/Src/stm32l4xx_it.o
                              0xc3df3 (size before relaxing)
 .debug_str     0x000c48aa       0xf2 ./Core/Src/system_stm32l4xx.o
                              0xc37f9 (size before relaxing)
 .debug_str     0x000c499c       0x44 ./Core/Startup/startup_stm32l431ccux.o
                                 0xc1 (size before relaxing)
 .debug_str     0x000c49e0      0x636 ./Drivers/STM32L4xx_HAL_Driver/Src/stm32l4xx_hal.o
                              0xc42a9 (size before relaxing)
 .debug_str     0x000c5016      0x314 ./Drivers/STM32L4xx_HAL_Driver/Src/stm32l4xx_hal_cortex.o
                              0xc3f5a (size before relaxing)
 .debug_str     0x000c532a      0x229 ./Drivers/STM32L4xx_HAL_Driver/Src/stm32l4xx_hal_dma.o
                              0xc3a60 (size before relaxing)
 .debug_str     0x000c5553      0x11a ./Drivers/STM32L4xx_HAL_Driver/Src/stm32l4xx_hal_gpio.o
                              0xc396d (size before relaxing)
 .debug_str     0x000c566d      0xd80 ./Drivers/STM32L4xx_HAL_Driver/Src/stm32l4xx_hal_i2c.o
                              0xc4a05 (size before relaxing)
 .debug_str     0x000c63ed       0xb8 ./Drivers/STM32L4xx_HAL_Driver/Src/stm32l4xx_hal_i2c_ex.o
                              0xc3d30 (size before relaxing)
 .debug_str     0x000c64a5      0x40c ./Drivers/STM32L4xx_HAL_Driver/Src/stm32l4xx_hal_pwr_ex.o
                              0xc3c30 (size before relaxing)
 .debug_str     0x000c68b1      0x381 ./Drivers/STM32L4xx_HAL_Driver/Src/stm32l4xx_hal_rcc.o
                              0xc3df9 (size before relaxing)
 .debug_str     0x000c6c32      0x52e ./Drivers/STM32L4xx_HAL_Driver/Src/stm32l4xx_hal_rcc_ex.o
                              0xc4084 (size before relaxing)
 .debug_str     0x000c7160      0xe25 ./Drivers/STM32L4xx_HAL_Driver/Src/stm32l4xx_hal_tim.o
                              0xc4b36 (size before relaxing)
 .debug_str     0x000c7f85      0x4ae ./Drivers/STM32L4xx_HAL_Driver/Src/stm32l4xx_hal_tim_ex.o
                              0xc444a (size before relaxing)
 .debug_str     0x000c8433      0xb8b ./firmware/buzzer/buzzer.o
                              0xc4508 (size before relaxing)
 .debug_str     0x000c8fbe      0x125 ./firmware/callbacks/callback.o
                               0x42fa (size before relaxing)
 .debug_str     0x000c90e3      0x126 ./firmware/eeprom/eeprom.o
                              0xc40ff (size before relaxing)
 .debug_str     0x000c9209     0x8119 ./firmware/firmware.o
                              0xccec0 (size before relaxing)
 .debug_str     0x000d1322      0x13f ./firmware/i2c/i2c_slave.o
                              0xc4813 (size before relaxing)
 .debug_str     0x000d1461       0x33 ./firmware/led/led.o
                              0xc3be5 (size before relaxing)
 .debug_str     0x000d1494       0xcd ./firmware/neopixel/ws2812.o
                              0xcab44 (size before relaxing)
 .debug_str     0x000d1561       0x24 ./firmware/utils/elapsedMillis.o
                              0xc3a93 (size before relaxing)

.comment        0x00000000       0x43
 .comment       0x00000000       0x43 ./Core/Src/main.o
                                 0x44 (size before relaxing)
 .comment       0x00000043       0x44 ./Core/Src/stm32l4xx_hal_msp.o
 .comment       0x00000043       0x44 ./Core/Src/stm32l4xx_it.o
 .comment       0x00000043       0x44 ./Core/Src/system_stm32l4xx.o
 .comment       0x00000043       0x44 ./Drivers/STM32L4xx_HAL_Driver/Src/stm32l4xx_hal.o
 .comment       0x00000043       0x44 ./Drivers/STM32L4xx_HAL_Driver/Src/stm32l4xx_hal_cortex.o
 .comment       0x00000043       0x44 ./Drivers/STM32L4xx_HAL_Driver/Src/stm32l4xx_hal_dma.o
 .comment       0x00000043       0x44 ./Drivers/STM32L4xx_HAL_Driver/Src/stm32l4xx_hal_gpio.o
 .comment       0x00000043       0x44 ./Drivers/STM32L4xx_HAL_Driver/Src/stm32l4xx_hal_i2c.o
 .comment       0x00000043       0x44 ./Drivers/STM32L4xx_HAL_Driver/Src/stm32l4xx_hal_i2c_ex.o
 .comment       0x00000043       0x44 ./Drivers/STM32L4xx_HAL_Driver/Src/stm32l4xx_hal_pwr_ex.o
 .comment       0x00000043       0x44 ./Drivers/STM32L4xx_HAL_Driver/Src/stm32l4xx_hal_rcc.o
 .comment       0x00000043       0x44 ./Drivers/STM32L4xx_HAL_Driver/Src/stm32l4xx_hal_rcc_ex.o
 .comment       0x00000043       0x44 ./Drivers/STM32L4xx_HAL_Driver/Src/stm32l4xx_hal_tim.o
 .comment       0x00000043       0x44 ./Drivers/STM32L4xx_HAL_Driver/Src/stm32l4xx_hal_tim_ex.o
 .comment       0x00000043       0x44 ./firmware/buzzer/buzzer.o
 .comment       0x00000043       0x44 ./firmware/callbacks/callback.o
 .comment       0x00000043       0x44 ./firmware/eeprom/eeprom.o
 .comment       0x00000043       0x44 ./firmware/firmware.o
 .comment       0x00000043       0x44 ./firmware/i2c/i2c_slave.o
 .comment       0x00000043       0x44 ./firmware/led/led.o
 .comment       0x00000043       0x44 ./firmware/neopixel/ws2812.o
 .comment       0x00000043       0x44 ./firmware/utils/elapsedMillis.o

.debug_frame    0x00000000     0x4ca0
 .debug_frame   0x00000000      0x154 ./Core/Src/main.o
 .debug_frame   0x00000154       0xf0 ./Core/Src/stm32l4xx_hal_msp.o
 .debug_frame   0x00000244      0x1ac ./Core/Src/stm32l4xx_it.o
 .debug_frame   0x000003f0       0x58 ./Core/Src/system_stm32l4xx.o
 .debug_frame   0x00000448      0x498 ./Drivers/STM32L4xx_HAL_Driver/Src/stm32l4xx_hal.o
 .debug_frame   0x000008e0      0x498 ./Drivers/STM32L4xx_HAL_Driver/Src/stm32l4xx_hal_cortex.o
 .debug_frame   0x00000d78      0x204 ./Drivers/STM32L4xx_HAL_Driver/Src/stm32l4xx_hal_dma.o
 .debug_frame   0x00000f7c      0x14c ./Drivers/STM32L4xx_HAL_Driver/Src/stm32l4xx_hal_gpio.o
 .debug_frame   0x000010c8      0xc38 ./Drivers/STM32L4xx_HAL_Driver/Src/stm32l4xx_hal_i2c.o
 .debug_frame   0x00001d00      0x100 ./Drivers/STM32L4xx_HAL_Driver/Src/stm32l4xx_hal_i2c_ex.o
 .debug_frame   0x00001e00      0x404 ./Drivers/STM32L4xx_HAL_Driver/Src/stm32l4xx_hal_pwr_ex.o
 .debug_frame   0x00002204      0x21c ./Drivers/STM32L4xx_HAL_Driver/Src/stm32l4xx_hal_rcc.o
 .debug_frame   0x00002420      0x3d0 ./Drivers/STM32L4xx_HAL_Driver/Src/stm32l4xx_hal_rcc_ex.o
 .debug_frame   0x000027f0     0x1218 ./Drivers/STM32L4xx_HAL_Driver/Src/stm32l4xx_hal_tim.o
 .debug_frame   0x00003a08      0x6b0 ./Drivers/STM32L4xx_HAL_Driver/Src/stm32l4xx_hal_tim_ex.o
 .debug_frame   0x000040b8      0x1a8 ./firmware/buzzer/buzzer.o
 .debug_frame   0x00004260       0x84 ./firmware/callbacks/callback.o
 .debug_frame   0x000042e4       0x80 ./firmware/eeprom/eeprom.o
 .debug_frame   0x00004364      0x23c ./firmware/firmware.o
 .debug_frame   0x000045a0      0x2e8 ./firmware/i2c/i2c_slave.o
 .debug_frame   0x00004888       0xc8 ./firmware/led/led.o
 .debug_frame   0x00004950      0x2d8 ./firmware/neopixel/ws2812.o
 .debug_frame   0x00004c28       0x2c ./firmware/utils/elapsedMillis.o
 .debug_frame   0x00004c54       0x20 C:/ST/STM32CubeIDE_1.13.2/STM32CubeIDE/plugins/com.st.stm32cube.ide.mcu.externaltools.gnu-tools-for-stm32.12.3.rel1.win32_1.0.200.202406191623/tools/bin/../lib/gcc/arm-none-eabi/12.3.1/../../../../arm-none-eabi/lib/thumb/v7e-m+fp/hard\libc_nano.a(libc_a-memset.o)
 .debug_frame   0x00004c74       0x2c C:/ST/STM32CubeIDE_1.13.2/STM32CubeIDE/plugins/com.st.stm32cube.ide.mcu.externaltools.gnu-tools-for-stm32.12.3.rel1.win32_1.0.200.202406191623/tools/bin/../lib/gcc/arm-none-eabi/12.3.1/../../../../arm-none-eabi/lib/thumb/v7e-m+fp/hard\libc_nano.a(libc_a-init.o)

.debug_line_str
                0x00000000       0xa5
 .debug_line_str
                0x00000000       0xa5 ./Core/Startup/startup_stm32l431ccux.o
